<html>
<body>
<pre>
<h1>µVision Build Log</h1>
<h2>Tool Versions:</h2>
IDE-Version: µVision V5.21.1.0
Copyright (C) 2016 ARM Ltd and ARM Germany GmbH. All rights reserved.
License Information: Cody Tapscott, Rice University, LIC=----
 
Tool Versions:
Toolchain:       MDK-Lite  Version: 5.21a
Toolchain Path:  D:\Software\Keil_v5\ARM\ARMCC\Bin
C Compiler:      Armcc.exe V5.06 update 3 (build 300)
Assembler:       Armasm.exe V5.06 update 3 (build 300)
Linker/Locator:  ArmLink.exe V5.06 update 3 (build 300)
Library Manager: ArmAr.exe V5.06 update 3 (build 300)
Hex Converter:   FromElf.exe V5.06 update 3 (build 300)
CPU DLL:         SARMCM3.DLL V5.21a
Dialog DLL:      DCM.DLL V1.13.8.0
Target DLL:      lmidk-agdi.dll V???
Dialog DLL:      TCM.DLL V1.14.14.0
 
<h2>Project:</h2>
C:\Users\cody\Downloads\mercuryapi-1.29.4.34\mercuryapi-1.29.4.34\c\stm32_proj\MercuryAPI\stm32_bare_metal_api.uvprojx
Project File Date:  11/30/2017

<h2>Output:</h2>
*** Using Compiler 'V5.06 update 3 (build 300)', folder: 'D:\Software\Keil_v5\ARM\ARMCC\Bin'
Build target 'tm4c123_bare_metal_api'
Clean started - Project: 'stm32_bare_metal_api'
   deleting intermediate output files for target 'tm4c123_bare_metal_api'
compiling hex_bytes.c...
compiling serial_reader.c...
..\..\src\api\serial_reader.c(3269): warning:  #188-D: enumerated type mixed with another type
        ret = TMR_SR_cmdSetProtocolLicenseKey(reader, licenseOperation->option, license->list, license->len, &supportedProtocols);
..\..\src\api\serial_reader.c: 1 warning, 0 errors
compiling serial_reader_l3.c...
..\..\src\api\serial_reader_l3.c(1938): warning:  #188-D: enumerated type mixed with another type
    read->u.gen2.lf = 0;
..\..\src\api\serial_reader_l3.c(1939): warning:  #188-D: enumerated type mixed with another type
    read->u.gen2.target = 0;
..\..\src\api\serial_reader_l3.c: 2 warnings, 0 errors
compiling tm_reader.c...
..\..\src\api\tm_reader.c(58): warning:  #1295-D: Deprecated declaration TMR_initSerialTransportTable - give arg types
  static void TMR_initSerialTransportTable();
..\..\src\api\tm_reader.c: 1 warning, 0 errors
compiling tmr_param.c...
compiling tmr_strerror.c...
compiling tmr_utils.c...
compiling read.c...
..\..\src\samples\read.c(376): warning:  #177-D: variable "timeStr" was declared but never referenced
      char timeStr[128];
..\..\src\samples\read.c(128): warning:  #177-D: variable "tag_data_out" was declared but never referenced
        uint16_t tag_data_out[4];
..\..\src\samples\read.c(131): warning:  #550-D: variable "ret" was set but never used
    TMR_Status ret;
..\..\src\samples\read.c(138): warning:  #177-D: variable "i" was declared but never referenced
    uint8_t i;
..\..\src\samples\read.c: 4 warnings, 0 errors
compiling osdep_tm4c123gh5pm.c...
compiling serial_transport_tm4c123gh6pm.c...
..\..\src\api\serial_transport_tm4c123gh6pm.c(84): warning:  #177-D: variable "p" was declared but never referenced
    struct buf_st *p;
..\..\src\api\serial_transport_tm4c123gh6pm.c(330): warning:  #1-D: last line of file ends without a newline
  }
..\..\src\api\serial_transport_tm4c123gh6pm.c: 2 warnings, 0 errors
assembling startup_TM4C123.s...
compiling system_TM4C123.c...
linking...
Program Size: Code=28632 RO-data=704 RW-data=88 ZI-data=17472  
".\Objects\stm32_bare_metal_api.axf" - 0 Error(s), 10 Warning(s).

*** Performing Cross-Module-Optimization:
compiling hex_bytes.c...
compiling serial_reader.c...
..\..\src\api\serial_reader.c(3269): warning:  #188-D: enumerated type mixed with another type
        ret = TMR_SR_cmdSetProtocolLicenseKey(reader, licenseOperation->option, license->list, license->len, &supportedProtocols);
..\..\src\api\serial_reader.c: 1 warning, 0 errors
compiling serial_reader_l3.c...
..\..\src\api\serial_reader_l3.c(1938): warning:  #188-D: enumerated type mixed with another type
    read->u.gen2.lf = 0;
..\..\src\api\serial_reader_l3.c(1939): warning:  #188-D: enumerated type mixed with another type
    read->u.gen2.target = 0;
..\..\src\api\serial_reader_l3.c: 2 warnings, 0 errors
compiling tm_reader.c...
..\..\src\api\tm_reader.c(58): warning:  #1295-D: Deprecated declaration TMR_initSerialTransportTable - give arg types
  static void TMR_initSerialTransportTable();
..\..\src\api\tm_reader.c: 1 warning, 0 errors
compiling tmr_utils.c...
compiling osdep_tm4c123gh5pm.c...
compiling serial_transport_tm4c123gh6pm.c...
..\..\src\api\serial_transport_tm4c123gh6pm.c(84): warning:  #177-D: variable "p" was declared but never referenced
    struct buf_st *p;
..\..\src\api\serial_transport_tm4c123gh6pm.c(330): warning:  #1-D: last line of file ends without a newline
  }
..\..\src\api\serial_transport_tm4c123gh6pm.c: 2 warnings, 0 errors
compiling system_TM4C123.c...
linking...
Program Size: Code=28632 RO-data=704 RW-data=88 ZI-data=17472  
After Build - User command #1: fromelf --bin --output .\Objects\stm32_bare_metal_api.bin .\Objects\stm32_bare_metal_api.axf
".\Objects\stm32_bare_metal_api.axf" - 0 Error(s), 6 Warning(s).
*** Completed Cross-Module-Optimization after 2 iteration(s).

<h2>Software Packages used:</h2>

Package Vendor: ARM
                http://www.keil.com/pack/ARM.CMSIS.5.0.0-Beta12.pack
                ARM::CMSIS:CORE:5.0.0
                CMSIS (Cortex Microcontroller Software Interface Standard)
   * Component: CORE Version: 5.0.0

Package Vendor: Keil
                http://www.keil.com/pack/Keil.TM4C_DFP.1.1.0.pack
                Keil::Device:Startup:1.0.1
                Texas Instruments Tiva C Series Device Support and Examples
   * Component: Startup Version: 1.0.1

<h2>Collection of Component include folders:</h2>
  C:\Users\cody\Downloads\mercuryapi-1.29.4.34\mercuryapi-1.29.4.34\c\stm32_proj\MercuryAPI\RTE
  D:\Software\Keil_v5\ARM\PACK\ARM\CMSIS\5.0.0-Beta12\CMSIS\Include
  D:\Software\Keil_v5\ARM\PACK\Keil\TM4C_DFP\1.1.0\Device\Include\TM4C123

<h2>Collection of Component Files used:</h2>

   * Component: ARM::CMSIS:CORE:5.0.0

   * Component: Keil::Device:Startup:1.0.1
      Include file:  Device\Include\TM4C123\TM4C123.h
      Source file:   Device\Source\ARM\startup_TM4C123.s
      Source file:   Device\Source\system_TM4C123.c
Build Time Elapsed:  00:00:19
</pre>
</body>
</html>
