<html>
<body>
<pre>
<h1>µVision Build Log</h1>
<h2>Tool Versions:</h2>
IDE-Version: µVision V5.21.1.0
Copyright (C) 2016 ARM Ltd and ARM Germany GmbH. All rights reserved.
License Information: Cody Tapscott, Rice University, LIC=----
 
Tool Versions:
Toolchain:       MDK-Lite  Version: 5.21a
Toolchain Path:  D:\Software\Keil_v5\ARM\ARMCC\Bin
C Compiler:      Armcc.exe V5.06 update 3 (build 300)
Assembler:       Armasm.exe V5.06 update 3 (build 300)
Linker/Locator:  ArmLink.exe V5.06 update 3 (build 300)
Library Manager: ArmAr.exe V5.06 update 3 (build 300)
Hex Converter:   FromElf.exe V5.06 update 3 (build 300)
CPU DLL:         SARMCM3.DLL V5.21a
Dialog DLL:      DCM.DLL V1.13.8.0
Target DLL:      lmidk-agdi.dll V???
Dialog DLL:      TCM.DLL V1.14.14.0
 
<h2>Project:</h2>
C:\Users\cody\Documents\lap-repo\Wireless\tm4c-can\stm32_proj\MercuryAPI\stm32_bare_metal_api.uvprojx
Project File Date:  02/01/2018

<h2>Output:</h2>
*** Using Compiler 'V5.06 update 3 (build 300)', folder: 'D:\Software\Keil_v5\ARM\ARMCC\Bin'
Build target 'tm4c123_bare_metal_api'
compiling read.c...
..\..\src\samples\read.c(399): warning:  #9-D: nested comment is not allowed
  /*
..\..\src\samples\read.c(523): warning:  #111-D: statement is unreachable
  		GPIOPinWrite(GPIO_PORTA_BASE, GPIO_PIN_3, GPIO_PIN_3);
..\..\src\samples\read.c(542): warning:  #177-D: variable "timeStr" was declared but never referenced
      char timeStr[128];
..\..\src\samples\read.c(182): warning:  #177-D: variable "ui32PrevCount" was declared but never referenced
      uint32_t ui32PrevCount = 0;
..\..\src\samples\read.c(248): warning:  #177-D: variable "tag_data_out" was declared but never referenced
  	uint16_t tag_data_out[4];
..\..\src\samples\read.c(258): warning:  #177-D: variable "i" was declared but never referenced
    uint8_t i;
..\..\src\samples\read.c(441): warning:  #550-D: variable "test" was set but never used
  	TMR_uint8List test;
..\..\src\samples\read.c(484): warning:  #177-D: variable "last_sample_time" was declared but never referenced
  	uint32_t last_sample_time = 0;
..\..\src\samples\read.c: 8 warnings, 0 errors
linking...
Program Size: Code=27220 RO-data=1568 RW-data=924 ZI-data=17556  
After Build - User command #1: fromelf --bin --output .\Objects\stm32_bare_metal_api.bin .\Objects\stm32_bare_metal_api.axf
".\Objects\stm32_bare_metal_api.axf" - 0 Error(s), 8 Warning(s).

<h2>Software Packages used:</h2>

Package Vendor: ARM
                http://www.keil.com/pack/ARM.CMSIS.5.0.0-Beta12.pack
                ARM::CMSIS:CORE:5.0.0
                CMSIS (Cortex Microcontroller Software Interface Standard)
   * Component: CORE Version: 5.0.0

Package Vendor: Keil
                http://www.keil.com/pack/Keil.TM4C_DFP.1.1.0.pack
                Keil::Device:Startup:1.0.1
                Texas Instruments Tiva C Series Device Support and Examples
   * Component: Startup Version: 1.0.1

<h2>Collection of Component include folders:</h2>
  C:\Users\cody\Documents\lap-repo\Wireless\tm4c-can\stm32_proj\MercuryAPI\RTE
  D:\Software\Keil_v5\ARM\PACK\ARM\CMSIS\5.0.0-Beta12\CMSIS\Include
  D:\Software\Keil_v5\ARM\PACK\Keil\TM4C_DFP\1.1.0\Device\Include\TM4C123

<h2>Collection of Component Files used:</h2>

   * Component: ARM::CMSIS:CORE:5.0.0

   * Component: Keil::Device:Startup:1.0.1
      Include file:  Device\Include\TM4C123\TM4C123.h
      Source file:   Device\Source\system_TM4C123.c
      Source file:   Device\Source\ARM\startup_TM4C123.s
Build Time Elapsed:  00:00:02
</pre>
</body>
</html>
