Component: ARM Compiler 5.06 update 3 (build 300) Tool: armlink [4d35c9]

==============================================================================

Section Cross References

    hex_bytes.o(i.TMR_bytesToHex) refers to hex_bytes.o(.data) for .data
    hex_bytes.o(i.TMR_hexDottedQuad) refers to hex_bytes.o(.data) for .data
    hex_bytes.o(i.TMR_hexDottedQuadToUint32) refers to hex_bytes.o(i.TMR_hexToBytes) for TMR_hexToBytes
    serial_reader.o(i.TMR_SR_SerialReader_init) refers to memmovea.o(.text) for __aeabi_memcpy4
    serial_reader.o(i.TMR_SR_SerialReader_init) refers to tm_reader.o(i.TMR_paramSet) for TMR_paramSet
    serial_reader.o(i.TMR_SR_SerialReader_init) refers to tm_reader.o(i.TMR_reader_init_internal) for TMR_reader_init_internal
    serial_reader.o(i.TMR_SR_SerialReader_init) refers to serial_reader_l3.o(i.TMR_SR_cmdStopReading) for TMR_SR_cmdStopReading
    serial_reader.o(i.TMR_SR_SerialReader_init) refers to serial_reader.o(i.TMR_SR_paramSet) for TMR_SR_paramSet
    serial_reader.o(i.TMR_SR_SerialReader_init) refers to serial_reader.o(i.TMR_SR_paramGet) for TMR_SR_paramGet
    serial_reader.o(i.TMR_SR_SerialReader_init) refers to serial_reader.o(.constdata) for .constdata
    serial_reader.o(i.TMR_SR_addTagOp) refers to serial_reader.o(i.prepEmbReadTagMultiple) for prepEmbReadTagMultiple
    serial_reader.o(i.TMR_SR_addTagOp) refers to serial_reader_l3.o(i.TMR_SR_msgAddGEN2WriteTagEPC) for TMR_SR_msgAddGEN2WriteTagEPC
    serial_reader.o(i.TMR_SR_addTagOp) refers to serial_reader_l3.o(i.TMR_SR_msgAddGEN2DataRead) for TMR_SR_msgAddGEN2DataRead
    serial_reader.o(i.TMR_SR_addTagOp) refers to serial_reader_l3.o(i.TMR_SR_msgAddGEN2DataWrite) for TMR_SR_msgAddGEN2DataWrite
    serial_reader.o(i.TMR_SR_addTagOp) refers to serial_reader_l3.o(i.TMR_SR_msgAddGEN2LockTag) for TMR_SR_msgAddGEN2LockTag
    serial_reader.o(i.TMR_SR_addTagOp) refers to serial_reader_l3.o(i.TMR_SR_msgAddGEN2KillTag) for TMR_SR_msgAddGEN2KillTag
    serial_reader.o(i.TMR_SR_addTagOp) refers to serial_reader_l3.o(i.TMR_SR_msgAddGEN2BlockWrite) for TMR_SR_msgAddGEN2BlockWrite
    serial_reader.o(i.TMR_SR_addTagOp) refers to serial_reader_l3.o(i.TMR_SR_msgAddGEN2BlockPermaLock) for TMR_SR_msgAddGEN2BlockPermaLock
    serial_reader.o(i.TMR_SR_addTagOp) refers to serial_reader_l3.o(i.TMR_SR_msgAddGEN2BlockErase) for TMR_SR_msgAddGEN2BlockErase
    serial_reader.o(i.TMR_SR_addTagOp) refers to serial_reader.o(.data) for .data
    serial_reader.o(i.TMR_SR_boot) refers to serial_reader_l3.o(i.TMR_SR_cmdGetCurrentProgram) for TMR_SR_cmdGetCurrentProgram
    serial_reader.o(i.TMR_SR_boot) refers to serial_reader_l3.o(i.TMR_SR_cmdBootFirmware) for TMR_SR_cmdBootFirmware
    serial_reader.o(i.TMR_SR_boot) refers to tm_reader.o(i.TMR_paramGet) for TMR_paramGet
    serial_reader.o(i.TMR_SR_boot) refers to serial_reader_l3.o(i.TMR_SR_cmdGetReaderConfiguration) for TMR_SR_cmdGetReaderConfiguration
    serial_reader.o(i.TMR_SR_boot) refers to serial_reader_l3.o(i.TMR_SR_cmdSetReaderConfiguration) for TMR_SR_cmdSetReaderConfiguration
    serial_reader.o(i.TMR_SR_boot) refers to serial_reader_l3.o(i.TMR_SR_cmdSetBaudRate) for TMR_SR_cmdSetBaudRate
    serial_reader.o(i.TMR_SR_boot) refers to serial_reader.o(i.compareVersion) for compareVersion
    serial_reader.o(i.TMR_SR_boot) refers to serial_reader_l3.o(i.TMR_SR_cmdSetRegion) for TMR_SR_cmdSetRegion
    serial_reader.o(i.TMR_SR_boot) refers to serial_reader_l3.o(i.TMR_SR_cmdGetCurrentProtocol) for TMR_SR_cmdGetCurrentProtocol
    serial_reader.o(i.TMR_SR_boot) refers to serial_reader_l3.o(i.TMR_SR_cmdGetAvailableProtocols) for TMR_SR_cmdGetAvailableProtocols
    serial_reader.o(i.TMR_SR_boot) refers to serial_reader.o(i.initTxRxMapFromPorts) for initTxRxMapFromPorts
    serial_reader.o(i.TMR_SR_boot) refers to serial_reader_l3.o(i.TMR_SR_cmdSetProtocol) for TMR_SR_cmdSetProtocol
    serial_reader.o(i.TMR_SR_cmdProbeBaudRate) refers to serial_reader_l3.o(i.TMR_SR_cmdVersion) for TMR_SR_cmdVersion
    serial_reader.o(i.TMR_SR_cmdProbeBaudRate) refers to serial_reader.o(i.verifySearchStatus) for verifySearchStatus
    serial_reader.o(i.TMR_SR_connect) refers to serial_reader.o(i.TMR_SR_cmdProbeBaudRate) for TMR_SR_cmdProbeBaudRate
    serial_reader.o(i.TMR_SR_connect) refers to serial_reader.o(i.TMR_SR_boot) for TMR_SR_boot
    serial_reader.o(i.TMR_SR_connect) refers to serial_reader.o(i.verifySearchStatus) for verifySearchStatus
    serial_reader.o(i.TMR_SR_destroy) refers to serial_reader_l3.o(i.TMR_SR_cmdSetReaderConfiguration) for TMR_SR_cmdSetReaderConfiguration
    serial_reader.o(i.TMR_SR_executeTagOp) refers to serial_reader.o(i.setProtocol) for setProtocol
    serial_reader.o(i.TMR_SR_executeTagOp) refers to serial_reader_l3.o(i.TMR_SR_cmdGEN2LockTag) for TMR_SR_cmdGEN2LockTag
    serial_reader.o(i.TMR_SR_executeTagOp) refers to serial_reader_l3.o(i.TMR_SR_cmdWriteGen2TagEpc) for TMR_SR_cmdWriteGen2TagEpc
[...]
    i.TMR_SR_cmdBlockWrite                   0x000013f8   Section        0  serial_reader_l3.o(i.TMR_SR_cmdBlockWrite)
    i.TMR_SR_cmdBootFirmware                 0x000014e6   Section        0  serial_reader_l3.o(i.TMR_SR_cmdBootFirmware)
    i.TMR_SR_cmdClearTagBuffer               0x00001580   Section        0  serial_reader_l3.o(i.TMR_SR_cmdClearTagBuffer)
    i.TMR_SR_cmdGEN2LockTag                  0x0000159e   Section        0  serial_reader_l3.o(i.TMR_SR_cmdGEN2LockTag)
    i.TMR_SR_cmdGEN2ReadAfterWriteTagData    0x000015f4   Section        0  serial_reader_l3.o(i.TMR_SR_cmdGEN2ReadAfterWriteTagData)
    i.TMR_SR_cmdGEN2ReadTagData              0x000016e8   Section        0  serial_reader_l3.o(i.TMR_SR_cmdGEN2ReadTagData)
    i.TMR_SR_cmdGEN2WriteTagData             0x000017e8   Section        0  serial_reader_l3.o(i.TMR_SR_cmdGEN2WriteTagData)
    i.TMR_SR_cmdGetAntennaPortPowersAndSettlingTime 0x0000186c   Section        0  serial_reader_l3.o(i.TMR_SR_cmdGetAntennaPortPowersAndSettlingTime)
    i.TMR_SR_cmdGetAntennaReturnLoss         0x000018d2   Section        0  serial_reader_l3.o(i.TMR_SR_cmdGetAntennaReturnLoss)
    i.TMR_SR_cmdGetAvailableProtocols        0x00001940   Section        0  serial_reader_l3.o(i.TMR_SR_cmdGetAvailableProtocols)
    i.TMR_SR_cmdGetAvailableRegions          0x000019c0   Section        0  serial_reader_l3.o(i.TMR_SR_cmdGetAvailableRegions)
    i.TMR_SR_cmdGetCurrentProgram            0x00001a0e   Section        0  serial_reader_l3.o(i.TMR_SR_cmdGetCurrentProgram)
    i.TMR_SR_cmdGetCurrentProtocol           0x00001a30   Section        0  serial_reader_l3.o(i.TMR_SR_cmdGetCurrentProtocol)
    i.TMR_SR_cmdGetFrequencyHopTable         0x00001a5a   Section        0  serial_reader_l3.o(i.TMR_SR_cmdGetFrequencyHopTable)
    i.TMR_SR_cmdGetFrequencyHopTime          0x00001ab2   Section        0  serial_reader_l3.o(i.TMR_SR_cmdGetFrequencyHopTime)
    i.TMR_SR_cmdGetGPIO                      0x00001aea   Section        0  serial_reader_l3.o(i.TMR_SR_cmdGetGPIO)
    i.TMR_SR_cmdGetGPIODirection             0x00001b7c   Section        0  serial_reader_l3.o(i.TMR_SR_cmdGetGPIODirection)
    i.TMR_SR_cmdGetHardwareVersion           0x00001bae   Section        0  serial_reader_l3.o(i.TMR_SR_cmdGetHardwareVersion)
    i.TMR_SR_cmdGetMinimumFrequency          0x00001bfc   Section        0  serial_reader_l3.o(i.TMR_SR_cmdGetMinimumFrequency)
    i.TMR_SR_cmdGetPowerMode                 0x00001c36   Section        0  serial_reader_l3.o(i.TMR_SR_cmdGetPowerMode)
    i.TMR_SR_cmdGetProtocolConfiguration     0x00001c60   Section        0  serial_reader_l3.o(i.TMR_SR_cmdGetProtocolConfiguration)
    i.TMR_SR_cmdGetQuantizationStep          0x00001d60   Section        0  serial_reader_l3.o(i.TMR_SR_cmdGetQuantizationStep)
    i.TMR_SR_cmdGetReadTxPower               0x00001d9a   Section        0  serial_reader_l3.o(i.TMR_SR_cmdGetReadTxPower)
    i.TMR_SR_cmdGetReadTxPowerWithLimits     0x00001dca   Section        0  serial_reader_l3.o(i.TMR_SR_cmdGetReadTxPowerWithLimits)
    i.TMR_SR_cmdGetReaderConfiguration       0x00001e08   Section        0  serial_reader_l3.o(i.TMR_SR_cmdGetReaderConfiguration)
    i.TMR_SR_cmdGetReaderStatistics          0x00001ebc   Section        0  serial_reader_l3.o(i.TMR_SR_cmdGetReaderStatistics)
    i.TMR_SR_cmdGetReaderStats               0x00001fc0   Section        0  serial_reader_l3.o(i.TMR_SR_cmdGetReaderStats)
    i.TMR_SR_cmdGetReaderWriteTimeOut        0x00002102   Section        0  serial_reader_l3.o(i.TMR_SR_cmdGetReaderWriteTimeOut)
    i.TMR_SR_cmdGetRegion                    0x00002140   Section        0  serial_reader_l3.o(i.TMR_SR_cmdGetRegion)
    i.TMR_SR_cmdGetRegionConfiguration       0x00002168   Section        0  serial_reader_l3.o(i.TMR_SR_cmdGetRegionConfiguration)
    i.TMR_SR_cmdGetTagsRemaining             0x000021b0   Section        0  serial_reader_l3.o(i.TMR_SR_cmdGetTagsRemaining)
    i.TMR_SR_cmdGetTemperature               0x000021e2   Section        0  serial_reader_l3.o(i.TMR_SR_cmdGetTemperature)
    i.TMR_SR_cmdGetUserMode                  0x0000220a   Section        0  serial_reader_l3.o(i.TMR_SR_cmdGetUserMode)
    i.TMR_SR_cmdGetWriteTxPower              0x00002232   Section        0  serial_reader_l3.o(i.TMR_SR_cmdGetWriteTxPower)
    i.TMR_SR_cmdKillTag                      0x00002262   Section        0  serial_reader_l3.o(i.TMR_SR_cmdKillTag)
    i.TMR_SR_cmdMultipleProtocolSearch       0x000022b0   Section        0  serial_reader_l3.o(i.TMR_SR_cmdMultipleProtocolSearch)
    i.TMR_SR_cmdProbeBaudRate                0x00002398   Section        0  serial_reader.o(i.TMR_SR_cmdProbeBaudRate)
    i.TMR_SR_cmdReadAfterWriteGen2TagEpc     0x0000243c   Section        0  serial_reader_l3.o(i.TMR_SR_cmdReadAfterWriteGen2TagEpc)
    i.TMR_SR_cmdReadTagMultiple              0x00002538   Section        0  serial_reader_l3.o(i.TMR_SR_cmdReadTagMultiple)
    i.TMR_SR_cmdResetReaderStatistics        0x000025e8   Section        0  serial_reader_l3.o(i.TMR_SR_cmdResetReaderStatistics)
    i.TMR_SR_cmdResetReaderStats             0x00002610   Section        0  serial_reader_l3.o(i.TMR_SR_cmdResetReaderStats)
    i.TMR_SR_cmdSetAntennaPortPowersAndSettlingTime 0x00002660   Section        0  serial_reader_l3.o(i.TMR_SR_cmdSetAntennaPortPowersAndSettlingTime)
    i.TMR_SR_cmdSetAntennaSearchList         0x000026da   Section        0  serial_reader_l3.o(i.TMR_SR_cmdSetAntennaSearchList)
    i.TMR_SR_cmdSetBaudRate                  0x00002724   Section        0  serial_reader_l3.o(i.TMR_SR_cmdSetBaudRate)
    i.TMR_SR_cmdSetFrequencyHopTable         0x00002758   Section        0  serial_reader_l3.o(i.TMR_SR_cmdSetFrequencyHopTable)
    i.TMR_SR_cmdSetFrequencyHopTime          0x000027b4   Section        0  serial_reader_l3.o(i.TMR_SR_cmdSetFrequencyHopTime)
    i.TMR_SR_cmdSetGPIODirection             0x000027ee   Section        0  serial_reader_l3.o(i.TMR_SR_cmdSetGPIODirection)
    i.TMR_SR_cmdSetMinimumFrequency          0x0000281c   Section        0  serial_reader_l3.o(i.TMR_SR_cmdSetMinimumFrequency)
    i.TMR_SR_cmdSetPowerMode                 0x00002856   Section        0  serial_reader_l3.o(i.TMR_SR_cmdSetPowerMode)
    i.TMR_SR_cmdSetProtocol                  0x00002878   Section        0  serial_reader_l3.o(i.TMR_SR_cmdSetProtocol)
    i.TMR_SR_cmdSetProtocolConfiguration     0x000028a0   Section        0  serial_reader_l3.o(i.TMR_SR_cmdSetProtocolConfiguration)
    i.TMR_SR_cmdSetProtocolLicenseKey        0x000029ec   Section        0  serial_reader_l3.o(i.TMR_SR_cmdSetProtocolLicenseKey)
    i.TMR_SR_cmdSetQuantizationStep          0x00002a5e   Section        0  serial_reader_l3.o(i.TMR_SR_cmdSetQuantizationStep)
    i.TMR_SR_cmdSetReadTxPower               0x00002a98   Section        0  serial_reader_l3.o(i.TMR_SR_cmdSetReadTxPower)
    i.TMR_SR_cmdSetReaderConfiguration       0x00002ad4   Section        0  serial_reader_l3.o(i.TMR_SR_cmdSetReaderConfiguration)
    i.TMR_SR_cmdSetReaderWriteTimeOut        0x00002b84   Section        0  serial_reader_l3.o(i.TMR_SR_cmdSetReaderWriteTimeOut)
    i.TMR_SR_cmdSetRegion                    0x00002bbe   Section        0  serial_reader_l3.o(i.TMR_SR_cmdSetRegion)
    i.TMR_SR_cmdSetRegionLbt                 0x00002be0   Section        0  serial_reader_l3.o(i.TMR_SR_cmdSetRegionLbt)
    i.TMR_SR_cmdSetTxRxPorts                 0x00002c06   Section        0  serial_reader_l3.o(i.TMR_SR_cmdSetTxRxPorts)
    i.TMR_SR_cmdSetUserMode                  0x00002c2c   Section        0  serial_reader_l3.o(i.TMR_SR_cmdSetUserMode)
    i.TMR_SR_cmdSetUserProfile               0x00002c50   Section        0  serial_reader_l3.o(i.TMR_SR_cmdSetUserProfile)
    i.TMR_SR_cmdSetWriteTxPower              0x00002e64   Section        0  serial_reader_l3.o(i.TMR_SR_cmdSetWriteTxPower)
    i.TMR_SR_cmdStopReading                  0x00002ea0   Section        0  serial_reader_l3.o(i.TMR_SR_cmdStopReading)
    i.TMR_SR_cmdVersion                      0x00002ed8   Section        0  serial_reader_l3.o(i.TMR_SR_cmdVersion)
    i.TMR_SR_cmdWriteGen2TagEpc              0x00002f84   Section        0  serial_reader_l3.o(i.TMR_SR_cmdWriteGen2TagEpc)
    i.TMR_SR_connect                         0x0000301c   Section        0  serial_reader.o(i.TMR_SR_connect)
    i.TMR_SR_executeEmbeddedRead             0x0000306e   Section        0  serial_reader_l3.o(i.TMR_SR_executeEmbeddedRead)
    i.TMR_SR_executeTagOp                    0x00003140   Section        0  serial_reader.o(i.TMR_SR_executeTagOp)
    i.TMR_SR_getNextTag                      0x00003418   Section        0  serial_reader.o(i.TMR_SR_getNextTag)
    i.TMR_SR_hasMoreTags                     0x00003570   Section        0  serial_reader.o(i.TMR_SR_hasMoreTags)
    i.TMR_SR_msgAddGEN2BlockErase            0x00003740   Section        0  serial_reader_l3.o(i.TMR_SR_msgAddGEN2BlockErase)
    i.TMR_SR_msgAddGEN2BlockPermaLock        0x000037f2   Section        0  serial_reader_l3.o(i.TMR_SR_msgAddGEN2BlockPermaLock)
    i.TMR_SR_msgAddGEN2BlockWrite            0x000038d6   Section        0  serial_reader_l3.o(i.TMR_SR_msgAddGEN2BlockWrite)
    i.TMR_SR_msgAddGEN2DataRead              0x000039d2   Section        0  serial_reader_l3.o(i.TMR_SR_msgAddGEN2DataRead)
    i.TMR_SR_msgAddGEN2DataWrite             0x00003a5e   Section        0  serial_reader_l3.o(i.TMR_SR_msgAddGEN2DataWrite)
    i.TMR_SR_msgAddGEN2KillTag               0x00003ace   Section        0  serial_reader_l3.o(i.TMR_SR_msgAddGEN2KillTag)
    i.TMR_SR_msgAddGEN2LockTag               0x00003b26   Section        0  serial_reader_l3.o(i.TMR_SR_msgAddGEN2LockTag)
    i.TMR_SR_msgAddGEN2WriteTagEPC           0x00003ba6   Section        0  serial_reader_l3.o(i.TMR_SR_msgAddGEN2WriteTagEPC)
    i.TMR_SR_msgSetupMultipleProtocolSearch  0x00003bf4   Section        0  serial_reader_l3.o(i.TMR_SR_msgSetupMultipleProtocolSearch)
    i.TMR_SR_msgSetupReadTagMultiple         0x00003e70   Section        0  serial_reader_l3.o(i.TMR_SR_msgSetupReadTagMultiple)
    i.TMR_SR_msgSetupReadTagMultipleWithMetadata 0x00003e94   Section        0  serial_reader_l3.o(i.TMR_SR_msgSetupReadTagMultipleWithMetadata)
    i.TMR_SR_msgSetupReadTagSingle           0x0000407c   Section        0  serial_reader_l3.o(i.TMR_SR_msgSetupReadTagSingle)
    i.TMR_SR_paramGet                        0x000040ec   Section        0  serial_reader.o(i.TMR_SR_paramGet)
    TMR_SR_paramGet                          0x000040ed   Thumb Code  2172  serial_reader.o(i.TMR_SR_paramGet)
    i.TMR_SR_paramSet                        0x00004a28   Section        0  serial_reader.o(i.TMR_SR_paramSet)
    TMR_SR_paramSet                          0x00004a29   Thumb Code  2056  serial_reader.o(i.TMR_SR_paramSet)
    i.TMR_SR_parseMetadataFromMessage        0x00005234   Section        0  serial_reader_l3.o(i.TMR_SR_parseMetadataFromMessage)
    i.TMR_SR_parseMetadataOnly               0x00005338   Section        0  serial_reader_l3.o(i.TMR_SR_parseMetadataOnly)
    i.TMR_SR_postprocessReaderSpecificMetadata 0x00005516   Section        0  serial_reader_l3.o(i.TMR_SR_postprocessReaderSpecificMetadata)
    i.TMR_SR_read                            0x000055d4   Section        0  serial_reader.o(i.TMR_SR_read)
    i.TMR_SR_readAfterWriteTagMemWords       0x000056a8   Section        0  serial_reader.o(i.TMR_SR_readAfterWriteTagMemWords)
    TMR_SR_readAfterWriteTagMemWords         0x000056a9   Thumb Code   140  serial_reader.o(i.TMR_SR_readAfterWriteTagMemWords)
    i.TMR_SR_read_internal                   0x0000573c   Section        0  serial_reader.o(i.TMR_SR_read_internal)
    TMR_SR_read_internal                     0x0000573d   Thumb Code   930  serial_reader.o(i.TMR_SR_read_internal)
    i.TMR_SR_receiveMessage                  0x00005aec   Section        0  serial_reader_l3.o(i.TMR_SR_receiveMessage)
    i.TMR_SR_send                            0x00005cb8   Section        0  serial_reader_l3.o(i.TMR_SR_send)
    i.TMR_SR_sendBytes                       0x00005cc0   Section        0  serial_reader_l3.o(i.TMR_SR_sendBytes)
    i.TMR_SR_sendMessage                     0x00005cf0   Section        0  serial_reader_l3.o(i.TMR_SR_sendMessage)
    i.TMR_SR_sendTimeout                     0x00005ddc   Section        0  serial_reader_l3.o(i.TMR_SR_sendTimeout)
    i.TMR_SR_writeTagMemBytes                0x00005e3c   Section        0  serial_reader.o(i.TMR_SR_writeTagMemBytes)
    i.TMR_SR_writeTagMemWords                0x00005f1c   Section        0  serial_reader.o(i.TMR_SR_writeTagMemWords)
    i.TMR_TF_init_tag                        0x00005f56   Section        0  tm_reader.o(i.TMR_TF_init_tag)
    i.TMR_TRD_init                           0x00005f68   Section        0  tm_reader.o(i.TMR_TRD_init)
    i.TMR_TagOp_init_GEN2_ReadData           0x00005fdc   Section        0  tm_reader.o(i.TMR_TagOp_init_GEN2_ReadData)
    i.TMR_TagOp_init_GEN2_WriteData          0x00005fec   Section        0  tm_reader.o(i.TMR_TagOp_init_GEN2_WriteData)
    i.TMR__notifyTransportListeners          0x00006002   Section        0  tm_reader.o(i.TMR__notifyTransportListeners)
    i.TMR_bytesToWords                       0x00006030   Section        0  tmr_utils.o(i.TMR_bytesToWords)
    i.TMR_create                             0x00006068   Section        0  tm_reader.o(i.TMR_create)
    i.TMR_fillReaderStats                    0x000061e0   Section        0  serial_reader_l3.o(i.TMR_fillReaderStats)
    i.TMR_hexDottedQuad                      0x000063b4   Section        0  hex_bytes.o(i.TMR_hexDottedQuad)
    i.TMR_initSerialTransportTable           0x000063ec   Section        0  tm_reader.o(i.TMR_initSerialTransportTable)
    TMR_initSerialTransportTable             0x000063ed   Thumb Code   122  tm_reader.o(i.TMR_initSerialTransportTable)
    i.TMR_paramGet                           0x00006480   Section        0  tm_reader.o(i.TMR_paramGet)
    i.TMR_paramProbe                         0x000064a2   Section        0  tm_reader.o(i.TMR_paramProbe)
    i.TMR_paramSet                           0x000064ec   Section        0  tm_reader.o(i.TMR_paramSet)
    i.TMR_reader_init_internal               0x000064f2   Section        0  tm_reader.o(i.TMR_reader_init_internal)
    i.TMR_stringCopy                         0x0000653e   Section        0  tmr_utils.o(i.TMR_stringCopy)
    i.TMR_wordsToBytes                       0x00006564   Section        0  tmr_utils.o(i.TMR_wordsToBytes)
    i.TimerConfigure                         0x00006588   Section        0  timer.o(i.TimerConfigure)
    i.TimerEnable                            0x000065e8   Section        0  timer.o(i.TimerEnable)
    i.TimerIntClear                          0x000065f6   Section        0  timer.o(i.TimerIntClear)
    i.TimerIntEnable                         0x000065fa   Section        0  timer.o(i.TimerIntEnable)
    i.TimerLoadSet                           0x00006602   Section        0  timer.o(i.TimerLoadSet)
    i.UART1_Handler                          0x00006614   Section        0  serial_transport_tm4c123gh6pm.o(i.UART1_Handler)
    i.__0sprintf$1                           0x0000668c   Section        0  printf1.o(i.__0sprintf$1)
    i.__scatterload_copy                     0x000066b4   Section       14  handlers.o(i.__scatterload_copy)
    i.__scatterload_null                     0x000066c2   Section        2  handlers.o(i.__scatterload_null)
    i.__scatterload_zeroinit                 0x000066c4   Section       14  handlers.o(i.__scatterload_zeroinit)
    i._printf_core                           0x000066d4   Section        0  printf1.o(i._printf_core)
    _printf_core                             0x000066d5   Thumb Code   336  printf1.o(i._printf_core)
    i._sputc                                 0x00006828   Section        0  printf1.o(i._sputc)
    _sputc                                   0x00006829   Thumb Code    10  printf1.o(i._sputc)
    i.autoDetectAntennaList                  0x00006834   Section        0  serial_reader.o(i.autoDetectAntennaList)
    autoDetectAntennaList                    0x00006835   Thumb Code   150  serial_reader.o(i.autoDetectAntennaList)
    i.compareAntennas                        0x000068d0   Section        0  serial_reader.o(i.compareAntennas)
    i.compareVersion                         0x0000694e   Section        0  serial_reader.o(i.compareVersion)
    i.extractGen2MemoryBankValues            0x00006988   Section        0  serial_reader_l3.o(i.extractGen2MemoryBankValues)
    i.filterbytes                            0x00006a2c   Section        0  serial_reader_l3.o(i.filterbytes)
    filterbytes                              0x00006a2d   Thumb Code   480  serial_reader_l3.o(i.filterbytes)
    i.getPortValues                          0x00006c14   Section        0  serial_reader.o(i.getPortValues)
    getPortValues                            0x00006c15   Thumb Code   132  serial_reader.o(i.getPortValues)
    i.getSerialNumber                        0x00006c98   Section        0  serial_reader.o(i.getSerialNumber)
    getSerialNumber                          0x00006c99   Thumb Code   116  serial_reader.o(i.getSerialNumber)
    i.initTxRxMapFromPorts                   0x00006d10   Section        0  serial_reader.o(i.initTxRxMapFromPorts)
    initTxRxMapFromPorts                     0x00006d11   Thumb Code   384  serial_reader.o(i.initTxRxMapFromPorts)
    i.isContinuousReadParamSupported         0x00006e94   Section        0  serial_reader_l3.o(i.isContinuousReadParamSupported)
    i.main                                   0x00006f28   Section        0  read.o(i.main)
    i.prepEmbReadTagMultiple                 0x000072e8   Section        0  serial_reader.o(i.prepEmbReadTagMultiple)
    prepEmbReadTagMultiple                   0x000072e9   Thumb Code    56  serial_reader.o(i.prepEmbReadTagMultiple)
    i.prepForSearch                          0x00007320   Section        0  serial_reader.o(i.prepForSearch)
    i.s_flush                                0x0000732c   Section        0  serial_transport_tm4c123gh6pm.o(i.s_flush)
    s_flush                                  0x0000732d   Thumb Code     4  serial_transport_tm4c123gh6pm.o(i.s_flush)
    i.s_open                                 0x00007330   Section        0  serial_transport_tm4c123gh6pm.o(i.s_open)
    s_open                                   0x00007331   Thumb Code   190  serial_transport_tm4c123gh6pm.o(i.s_open)
    i.s_receiveBytes                         0x0000740c   Section        0  serial_transport_tm4c123gh6pm.o(i.s_receiveBytes)
    s_receiveBytes                           0x0000740d   Thumb Code    48  serial_transport_tm4c123gh6pm.o(i.s_receiveBytes)
    i.s_sendBytes                            0x00007440   Section        0  serial_transport_tm4c123gh6pm.o(i.s_sendBytes)
    s_sendBytes                              0x00007441   Thumb Code    32  serial_transport_tm4c123gh6pm.o(i.s_sendBytes)
    i.s_setBaudRate                          0x00007464   Section        0  serial_transport_tm4c123gh6pm.o(i.s_setBaudRate)
    s_setBaudRate                            0x00007465   Thumb Code    50  serial_transport_tm4c123gh6pm.o(i.s_setBaudRate)
    i.s_shutdown                             0x000074a0   Section        0  serial_transport_tm4c123gh6pm.o(i.s_shutdown)
    s_shutdown                               0x000074a1   Thumb Code    14  serial_transport_tm4c123gh6pm.o(i.s_shutdown)
    i.setAntennaList                         0x000074b4   Section        0  serial_reader.o(i.setAntennaList)
    setAntennaList                           0x000074b5   Thumb Code   106  serial_reader.o(i.setAntennaList)
    i.setPortValues                          0x00007520   Section        0  serial_reader.o(i.setPortValues)
    setPortValues                            0x00007521   Thumb Code   176  serial_reader.o(i.setPortValues)
    i.setProtocol                            0x000075d4   Section        0  serial_reader.o(i.setProtocol)
    setProtocol                              0x000075d5   Thumb Code   106  serial_reader.o(i.setProtocol)
    i.tm_crc                                 0x00007640   Section        0  serial_reader_l3.o(i.tm_crc)
    tm_crc                                   0x00007641   Thumb Code    54  serial_reader_l3.o(i.tm_crc)
    i.tm_gettime_consistent                  0x0000767c   Section        0  tmr_utils.o(i.tm_gettime_consistent)
    i.tm_memcpy                              0x000076a4   Section        0  tmr_utils.o(i.tm_memcpy)
    i.tm_strcpy                              0x000076bc   Section        0  tmr_utils.o(i.tm_strcpy)
    i.tm_time_subtract                       0x000076ce   Section        0  tmr_utils.o(i.tm_time_subtract)
    i.tm_u8s_per_bits                        0x000076dc   Section        0  tmr_utils.o(i.tm_u8s_per_bits)
    i.tmr_gettime                            0x000076ec   Section        0  osdep_tm4c123gh5pm.o(i.tmr_gettime)
    i.tmr_gettime_high                       0x00007714   Section        0  osdep_tm4c123gh5pm.o(i.tmr_gettime_high)
    i.tmr_gettime_low                        0x0000771e   Section        0  osdep_tm4c123gh5pm.o(i.tmr_gettime_low)
    i.validateReadPlan                       0x00007728   Section        0  tm_reader.o(i.validateReadPlan)
    i.verifySearchStatus                     0x000077d8   Section        0  serial_reader.o(i.verifySearchStatus)
    .constdata                               0x00007860   Section       44  serial_reader.o(.constdata)
    .constdata                               0x0000788c   Section        8  read.o(.constdata)
    .constdata                               0x00007894   Section      268  interrupt.o(.constdata)
    g_pui32Priority                          0x00007894   Data          32  interrupt.o(.constdata)
    g_pui32Regs                              0x000078b4   Data         156  interrupt.o(.constdata)
    g_pui32EnRegs                            0x00007950   Data          20  interrupt.o(.constdata)
    g_pui32Dii16Regs                         0x00007964   Data          20  interrupt.o(.constdata)
    g_pui32PendRegs                          0x00007978   Data          20  interrupt.o(.constdata)
    g_pui32UnpendRegs                        0x0000798c   Data          20  interrupt.o(.constdata)
    .constdata                               0x000079a0   Section      596  sysctl.o(.constdata)
    g_pui32VCOFrequencies                    0x000079a0   Data           8  sysctl.o(.constdata)
    g_pui32Xtals                             0x000079a8   Data         108  sysctl.o(.constdata)
    g_pppui32XTALtoVCO                       0x00007a14   Data         432  sysctl.o(.constdata)
    g_sXTALtoMEMTIM                          0x00007bc4   Data          48  sysctl.o(.constdata)
    .data                                    0x20000000   Section       17  hex_bytes.o(.data)
    hexchars                                 0x20000000   Data          17  hex_bytes.o(.data)
    .data                                    0x20000011   Section        2  serial_reader.o(.data)
    isSecureAccessEnabled                    0x20000012   Data           1  serial_reader.o(.data)
    .data                                    0x20000014   Section       34  serial_reader_l3.o(.data)
    isSecureAccessEnabled                    0x20000014   Data           1  serial_reader_l3.o(.data)
    crctable                                 0x20000016   Data          32  serial_reader_l3.o(.data)
    .data                                    0x20000038   Section       12  tm_reader.o(.data)
    transportTableInitialized                0x20000038   Data           1  tm_reader.o(.data)
    tdTable                                  0x2000003c   Data           8  tm_reader.o(.data)
    .data                                    0x20000044   Section       60  read.o(.data)
    g_ui32Counter                            0x20000044   Data           4  read.o(.data)
    _Continue                                0x20000048   Data           4  read.o(.data)
    a_einds                                  0x2000005c   Data          12  read.o(.data)
    v_sinds                                  0x20000068   Data          12  read.o(.data)
    v_einds                                  0x20000074   Data          12  read.o(.data)
    .data                                    0x20000080   Section        4  osdep_tm4c123gh5pm.o(.data)
    .data                                    0x20000084   Section        4  serial_transport_tm4c123gh6pm.o(.data)
    tx_restart                               0x20000084   Data           4  serial_transport_tm4c123gh6pm.o(.data)
    .data                                    0x20000088   Section        4  system_tm4c123.o(.data)
    .data                                    0x2000008c   Section        4  strtok.o(.data)
    state                                    0x2000008c   Data           4  strtok.o(.data)
    .bss                                     0x20000090   Section      560  tm_reader.o(.bss)
    tdTableData                              0x20000090   Data         560  tm_reader.o(.bss)
    .bss                                     0x200002c0   Section       80  read.o(.bss)
    bogus_filt                               0x200002c0   Data          80  read.o(.bss)
    .bss                                     0x20000310   Section      528  serial_transport_tm4c123gh6pm.o(.bss)
    STACK                                    0x20000520   Section    16384  startup_tm4c123.o(STACK)

    Global Symbols

    Symbol Name                              Value     Ov Type        Size  Object(Section)

    BuildAttributes$$THM_ISAv4$E$P$D$K$B$S$7EM$VFPi3$EXTD16$VFPS$VFMA$PE$A:L22UL41UL21$X:L11$S22US41US21$IEEE1$IW$USESV6$~STKCKD$USESV7$~SHL$OTIME$ROPI$EBA8$MICROLIB$REQ8$PRES8$EABIv2 0x00000000   Number         0  anon$$obj.o ABSOLUTE
    __ARM_use_no_argv                        0x00000000   Number         0  read.o ABSOLUTE
    __Vectors                                0x00000000   Data           4  startup_tm4c123.o(RESET)
    _printf_a                                0x00000000   Number         0  stubs.o ABSOLUTE
    _printf_c                                0x00000000   Number         0  stubs.o ABSOLUTE
    _printf_charcount                        0x00000000   Number         0  stubs.o ABSOLUTE
    _printf_d                                0x00000000   Number         0  stubs.o ABSOLUTE
    _printf_e                                0x00000000   Number         0  stubs.o ABSOLUTE
    _printf_f                                0x00000000   Number         0  stubs.o ABSOLUTE
    _printf_flags                            0x00000000   Number         0  stubs.o ABSOLUTE
    _printf_fp_dec                           0x00000000   Number         0  stubs.o ABSOLUTE
    _printf_fp_hex                           0x00000000   Number         0  stubs.o ABSOLUTE
    _printf_g                                0x00000000   Number         0  stubs.o ABSOLUTE
    _printf_i                                0x00000000   Number         0  stubs.o ABSOLUTE
    _printf_int_dec                          0x00000000   Number         0  stubs.o ABSOLUTE
    _printf_l                                0x00000000   Number         0  stubs.o ABSOLUTE
    _printf_lc                               0x00000000   Number         0  stubs.o ABSOLUTE
    _printf_ll                               0x00000000   Number         0  stubs.o ABSOLUTE
    _printf_lld                              0x00000000   Number         0  stubs.o ABSOLUTE
    _printf_lli                              0x00000000   Number         0  stubs.o ABSOLUTE
    _printf_llo                              0x00000000   Number         0  stubs.o ABSOLUTE
    _printf_llu                              0x00000000   Number         0  stubs.o ABSOLUTE
    _printf_llx                              0x00000000   Number         0  stubs.o ABSOLUTE
    _printf_longlong_dec                     0x00000000   Number         0  stubs.o ABSOLUTE
    _printf_longlong_hex                     0x00000000   Number         0  stubs.o ABSOLUTE
    _printf_longlong_oct                     0x00000000   Number         0  stubs.o ABSOLUTE
    _printf_ls                               0x00000000   Number         0  stubs.o ABSOLUTE
    _printf_mbtowc                           0x00000000   Number         0  stubs.o ABSOLUTE
    _printf_n                                0x00000000   Number         0  stubs.o ABSOLUTE
    _printf_o                                0x00000000   Number         0  stubs.o ABSOLUTE
    _printf_p                                0x00000000   Number         0  stubs.o ABSOLUTE
    _printf_percent                          0x00000000   Number         0  stubs.o ABSOLUTE
    _printf_pre_padding                      0x00000000   Number         0  stubs.o ABSOLUTE
    _printf_return_value                     0x00000000   Number         0  stubs.o ABSOLUTE
    _printf_s                                0x00000000   Number         0  stubs.o ABSOLUTE
    _printf_sizespec                         0x00000000   Number         0  stubs.o ABSOLUTE
    _printf_str                              0x00000000   Number         0  stubs.o ABSOLUTE
    _printf_truncate_signed                  0x00000000   Number         0  stubs.o ABSOLUTE
    _printf_truncate_unsigned                0x00000000   Number         0  stubs.o ABSOLUTE
    _printf_u                                0x00000000   Number         0  stubs.o ABSOLUTE
    _printf_wc                               0x00000000   Number         0  stubs.o ABSOLUTE
    _printf_wctomb                           0x00000000   Number         0  stubs.o ABSOLUTE
    _printf_widthprec                        0x00000000   Number         0  stubs.o ABSOLUTE
    _printf_x                                0x00000000   Number         0  stubs.o ABSOLUTE
    __cpp_initialize__aeabi_                  - Undefined Weak Reference
    __cxa_finalize                            - Undefined Weak Reference
    __decompress                              - Undefined Weak Reference
    _clock_init                               - Undefined Weak Reference
    _microlib_exit                            - Undefined Weak Reference
    __Vectors_End                            0x0000026c   Data           0  startup_tm4c123.o(RESET)
    __Vectors_Size                           0x0000026c   Number         0  startup_tm4c123.o ABSOLUTE
    __main                                   0x0000026d   Thumb Code     0  entry.o(.ARM.Collect$$$$00000000)
    _main_stk                                0x0000026d   Thumb Code     0  entry2.o(.ARM.Collect$$$$00000001)
    _main_scatterload                        0x00000271   Thumb Code     0  entry5.o(.ARM.Collect$$$$00000004)
    __main_after_scatterload                 0x00000275   Thumb Code     0  entry5.o(.ARM.Collect$$$$00000004)
    _main_clock                              0x00000275   Thumb Code     0  entry7b.o(.ARM.Collect$$$$00000008)
    _main_cpp_init                           0x00000275   Thumb Code     0  entry8b.o(.ARM.Collect$$$$0000000A)
    _main_init                               0x00000275   Thumb Code     0  entry9a.o(.ARM.Collect$$$$0000000B)
    __rt_final_cpp                           0x0000027d   Thumb Code     0  entry10a.o(.ARM.Collect$$$$0000000D)
    __rt_final_exit                          0x0000027d   Thumb Code     0  entry11a.o(.ARM.Collect$$$$0000000F)
    CPUcpsid                                 0x00000281   Thumb Code     8  cpu.o(.emb_text)
    CPUprimask                               0x00000289   Thumb Code     6  cpu.o(.emb_text)
    CPUcpsie                                 0x0000028f   Thumb Code     8  cpu.o(.emb_text)
    CPUwfi                                   0x00000297   Thumb Code     4  cpu.o(.emb_text)
    CPUbasepriSet                            0x0000029b   Thumb Code     6  cpu.o(.emb_text)
    CPUbasepriGet                            0x000002a1   Thumb Code     6  cpu.o(.emb_text)
    Reset_Handler                            0x000002a9   Thumb Code     8  startup_tm4c123.o(.text)
    NMI_Handler                              0x000002b1   Thumb Code     2  startup_tm4c123.o(.text)
    MemManage_Handler                        0x000002b5   Thumb Code     2  startup_tm4c123.o(.text)
    BusFault_Handler                         0x000002b7   Thumb Code     2  startup_tm4c123.o(.text)
    UsageFault_Handler                       0x000002b9   Thumb Code     2  startup_tm4c123.o(.text)
    SVC_Handler                              0x000002bb   Thumb Code     2  startup_tm4c123.o(.text)
    DebugMon_Handler                         0x000002bd   Thumb Code     2  startup_tm4c123.o(.text)
    PendSV_Handler                           0x000002bf   Thumb Code     2  startup_tm4c123.o(.text)
    GPIOB_Handler                            0x000002c5   Thumb Code     2  startup_tm4c123.o(.text)
    GPIOC_Handler                            0x000002c7   Thumb Code     2  startup_tm4c123.o(.text)
    GPIOD_Handler                            0x000002c9   Thumb Code     2  startup_tm4c123.o(.text)
    GPIOE_Handler                            0x000002cb   Thumb Code     2  startup_tm4c123.o(.text)
    UART0_Handler                            0x000002cd   Thumb Code     2  startup_tm4c123.o(.text)
    SSI0_Handler                             0x000002d1   Thumb Code     2  startup_tm4c123.o(.text)
    I2C0_Handler                             0x000002d3   Thumb Code     2  startup_tm4c123.o(.text)
    PMW0_FAULT_Handler                       0x000002d5   Thumb Code     2  startup_tm4c123.o(.text)
    PWM0_0_Handler                           0x000002d7   Thumb Code     2  startup_tm4c123.o(.text)
    PWM0_1_Handler                           0x000002d9   Thumb Code     2  startup_tm4c123.o(.text)
    PWM0_2_Handler                           0x000002db   Thumb Code     2  startup_tm4c123.o(.text)
    QEI0_Handler                             0x000002dd   Thumb Code     2  startup_tm4c123.o(.text)
    ADC0SS0_Handler                          0x000002df   Thumb Code     2  startup_tm4c123.o(.text)
    ADC0SS1_Handler                          0x000002e1   Thumb Code     2  startup_tm4c123.o(.text)
    ADC0SS2_Handler                          0x000002e3   Thumb Code     2  startup_tm4c123.o(.text)
    ADC0SS3_Handler                          0x000002e5   Thumb Code     2  startup_tm4c123.o(.text)
    WDT0_Handler                             0x000002e7   Thumb Code     2  startup_tm4c123.o(.text)
    TIMER0A_Handler                          0x000002e9   Thumb Code     2  startup_tm4c123.o(.text)
    TIMER1A_Handler                          0x000002ed   Thumb Code     2  startup_tm4c123.o(.text)
    TIMER1B_Handler                          0x000002ef   Thumb Code     2  startup_tm4c123.o(.text)
    TIMER2A_Handler                          0x000002f1   Thumb Code     2  startup_tm4c123.o(.text)
    TIMER2B_Handler                          0x000002f3   Thumb Code     2  startup_tm4c123.o(.text)
    COMP0_Handler                            0x000002f5   Thumb Code     2  startup_tm4c123.o(.text)
    COMP1_Handler                            0x000002f7   Thumb Code     2  startup_tm4c123.o(.text)
    COMP2_Handler                            0x000002f9   Thumb Code     2  startup_tm4c123.o(.text)
    SYSCTL_Handler                           0x000002fb   Thumb Code     2  startup_tm4c123.o(.text)
    FLASH_Handler                            0x000002fd   Thumb Code     2  startup_tm4c123.o(.text)
    GPIOF_Handler                            0x000002ff   Thumb Code     2  startup_tm4c123.o(.text)
    GPIOG_Handler                            0x00000301   Thumb Code     2  startup_tm4c123.o(.text)
    GPIOH_Handler                            0x00000303   Thumb Code     2  startup_tm4c123.o(.text)
    UART2_Handler                            0x00000305   Thumb Code     2  startup_tm4c123.o(.text)
    SSI1_Handler                             0x00000307   Thumb Code     2  startup_tm4c123.o(.text)
    TIMER3A_Handler                          0x00000309   Thumb Code     2  startup_tm4c123.o(.text)
    TIMER3B_Handler                          0x0000030b   Thumb Code     2  startup_tm4c123.o(.text)
    I2C1_Handler                             0x0000030d   Thumb Code     2  startup_tm4c123.o(.text)
    QEI1_Handler                             0x0000030f   Thumb Code     2  startup_tm4c123.o(.text)
    CAN0_Handler                             0x00000311   Thumb Code     2  startup_tm4c123.o(.text)
    CAN1_Handler                             0x00000313   Thumb Code     2  startup_tm4c123.o(.text)
    CAN2_Handler                             0x00000315   Thumb Code     2  startup_tm4c123.o(.text)
    HIB_Handler                              0x00000317   Thumb Code     2  startup_tm4c123.o(.text)
    USB0_Handler                             0x00000319   Thumb Code     2  startup_tm4c123.o(.text)
    PWM0_3_Handler                           0x0000031b   Thumb Code     2  startup_tm4c123.o(.text)
    UDMA_Handler                             0x0000031d   Thumb Code     2  startup_tm4c123.o(.text)
    UDMAERR_Handler                          0x0000031f   Thumb Code     2  startup_tm4c123.o(.text)
    ADC1SS0_Handler                          0x00000321   Thumb Code     2  startup_tm4c123.o(.text)
    ADC1SS1_Handler                          0x00000323   Thumb Code     2  startup_tm4c123.o(.text)
    ADC1SS2_Handler                          0x00000325   Thumb Code     2  startup_tm4c123.o(.text)
    ADC1SS3_Handler                          0x00000327   Thumb Code     2  startup_tm4c123.o(.text)
    GPIOJ_Handler                            0x00000329   Thumb Code     2  startup_tm4c123.o(.text)
    GPIOK_Handler                            0x0000032b   Thumb Code     2  startup_tm4c123.o(.text)
    GPIOL_Handler                            0x0000032d   Thumb Code     2  startup_tm4c123.o(.text)
    SSI2_Handler                             0x0000032f   Thumb Code     2  startup_tm4c123.o(.text)
    SSI3_Handler                             0x00000331   Thumb Code     2  startup_tm4c123.o(.text)
    UART3_Handler                            0x00000333   Thumb Code     2  startup_tm4c123.o(.text)
    UART4_Handler                            0x00000335   Thumb Code     2  startup_tm4c123.o(.text)
    UART5_Handler                            0x00000337   Thumb Code     2  startup_tm4c123.o(.text)
    UART6_Handler                            0x00000339   Thumb Code     2  startup_tm4c123.o(.text)
    UART7_Handler                            0x0000033b   Thumb Code     2  startup_tm4c123.o(.text)
    I2C2_Handler                             0x0000033d   Thumb Code     2  startup_tm4c123.o(.text)
    I2C3_Handler                             0x0000033f   Thumb Code     2  startup_tm4c123.o(.text)
    TIMER4A_Handler                          0x00000341   Thumb Code     2  startup_tm4c123.o(.text)
    TIMER4B_Handler                          0x00000343   Thumb Code     2  startup_tm4c123.o(.text)
    TIMER5A_Handler                          0x00000345   Thumb Code     2  startup_tm4c123.o(.text)
    TIMER5B_Handler                          0x00000347   Thumb Code     2  startup_tm4c123.o(.text)
    WTIMER0A_Handler                         0x00000349   Thumb Code     2  startup_tm4c123.o(.text)
    WTIMER0B_Handler                         0x0000034b   Thumb Code     2  startup_tm4c123.o(.text)
    WTIMER1A_Handler                         0x0000034d   Thumb Code     2  startup_tm4c123.o(.text)
    WTIMER1B_Handler                         0x0000034f   Thumb Code     2  startup_tm4c123.o(.text)
    WTIMER2A_Handler                         0x00000351   Thumb Code     2  startup_tm4c123.o(.text)
    WTIMER2B_Handler                         0x00000353   Thumb Code     2  startup_tm4c123.o(.text)
    WTIMER3A_Handler                         0x00000355   Thumb Code     2  startup_tm4c123.o(.text)
    WTIMER3B_Handler                         0x00000357   Thumb Code     2  startup_tm4c123.o(.text)
    WTIMER4A_Handler                         0x00000359   Thumb Code     2  startup_tm4c123.o(.text)
    WTIMER4B_Handler                         0x0000035b   Thumb Code     2  startup_tm4c123.o(.text)
    WTIMER5A_Handler                         0x0000035d   Thumb Code     2  startup_tm4c123.o(.text)
    WTIMER5B_Handler                         0x0000035f   Thumb Code     2  startup_tm4c123.o(.text)
    FPU_Handler                              0x00000361   Thumb Code     2  startup_tm4c123.o(.text)
    I2C4_Handler                             0x00000363   Thumb Code     2  startup_tm4c123.o(.text)
    I2C5_Handler                             0x00000365   Thumb Code     2  startup_tm4c123.o(.text)
    GPIOM_Handler                            0x00000367   Thumb Code     2  startup_tm4c123.o(.text)
    GPION_Handler                            0x00000369   Thumb Code     2  startup_tm4c123.o(.text)
    QEI2_Handler                             0x0000036b   Thumb Code     2  startup_tm4c123.o(.text)
    GPIOP0_Handler                           0x0000036d   Thumb Code     2  startup_tm4c123.o(.text)
    GPIOP1_Handler                           0x0000036f   Thumb Code     2  startup_tm4c123.o(.text)
    GPIOP2_Handler                           0x00000371   Thumb Code     2  startup_tm4c123.o(.text)
    GPIOP3_Handler                           0x00000373   Thumb Code     2  startup_tm4c123.o(.text)
    GPIOP4_Handler                           0x00000375   Thumb Code     2  startup_tm4c123.o(.text)
    GPIOP5_Handler                           0x00000377   Thumb Code     2  startup_tm4c123.o(.text)
    GPIOP6_Handler                           0x00000379   Thumb Code     2  startup_tm4c123.o(.text)
    GPIOP7_Handler                           0x0000037b   Thumb Code     2  startup_tm4c123.o(.text)
    GPIOQ0_Handler                           0x0000037d   Thumb Code     2  startup_tm4c123.o(.text)
    GPIOQ1_Handler                           0x0000037f   Thumb Code     2  startup_tm4c123.o(.text)
    GPIOQ2_Handler                           0x00000381   Thumb Code     2  startup_tm4c123.o(.text)
    GPIOQ3_Handler                           0x00000383   Thumb Code     2  startup_tm4c123.o(.text)
    GPIOQ4_Handler                           0x00000385   Thumb Code     2  startup_tm4c123.o(.text)
    GPIOQ5_Handler                           0x00000387   Thumb Code     2  startup_tm4c123.o(.text)
    GPIOQ6_Handler                           0x00000389   Thumb Code     2  startup_tm4c123.o(.text)
    GPIOQ7_Handler                           0x0000038b   Thumb Code     2  startup_tm4c123.o(.text)
    GPIOR_Handler                            0x0000038d   Thumb Code     2  startup_tm4c123.o(.text)
    GPIOS_Handler                            0x0000038f   Thumb Code     2  startup_tm4c123.o(.text)
    PMW1_0_Handler                           0x00000391   Thumb Code     2  startup_tm4c123.o(.text)
    PWM1_1_Handler                           0x00000393   Thumb Code     2  startup_tm4c123.o(.text)
    PWM1_2_Handler                           0x00000395   Thumb Code     2  startup_tm4c123.o(.text)
    PWM1_3_Handler                           0x00000397   Thumb Code     2  startup_tm4c123.o(.text)
    PWM1_FAULT_Handler                       0x00000399   Thumb Code     2  startup_tm4c123.o(.text)
    ___aeabi_memcpy8$move                    0x000003a5   Thumb Code     0  memmovea.o(.text)
    __aeabi_memcpy                           0x000003a5   Thumb Code    64  memmovea.o(.text)
    __aeabi_memcpy4                          0x000003a5   Thumb Code     0  memmovea.o(.text)
    __aeabi_memmove                          0x000003a5   Thumb Code     0  memmovea.o(.text)
    __aeabi_memmove4                         0x000003a5   Thumb Code     0  memmovea.o(.text)
    __aeabi_memmove8                         0x000003a5   Thumb Code     0  memmovea.o(.text)
    __aeabi_memset                           0x000003e5   Thumb Code    14  memseta.o(.text)
    __aeabi_memset4                          0x000003e5   Thumb Code     0  memseta.o(.text)
    __aeabi_memset8                          0x000003e5   Thumb Code     0  memseta.o(.text)
    __aeabi_memclr                           0x000003f3   Thumb Code     4  memseta.o(.text)
    __aeabi_memclr4                          0x000003f3   Thumb Code     0  memseta.o(.text)
    __aeabi_memclr8                          0x000003f3   Thumb Code     0  memseta.o(.text)
    _memset$wrapper                          0x000003f7   Thumb Code    18  memseta.o(.text)
    strncpy                                  0x00000409   Thumb Code    24  strncpy.o(.text)
    strlen                                   0x00000421   Thumb Code    14  strlen.o(.text)
    strcmp                                   0x0000042f   Thumb Code    28  strcmp.o(.text)
    strncmp                                  0x0000044b   Thumb Code    30  strncmp.o(.text)
    strtok                                   0x00000469   Thumb Code    62  strtok.o(.text)
    __aeabi_uidiv                            0x000004ad   Thumb Code     0  uidiv.o(.text)
    __aeabi_uidivmod                         0x000004ad   Thumb Code    44  uidiv.o(.text)
    __scatterload                            0x000004d9   Thumb Code    28  init.o(.text)
    __scatterload_rt2                        0x000004d9   Thumb Code     0  init.o(.text)
    GPIOA_Handler                            0x000004fd   Thumb Code    22  read.o(i.GPIOA_Handler)
    GPIODirModeSet                           0x00000519   Thumb Code    40  gpio.o(i.GPIODirModeSet)
    GPIOIntClear                             0x00000541   Thumb Code     6  gpio.o(i.GPIOIntClear)
    GPIOIntDisable                           0x00000547   Thumb Code    14  gpio.o(i.GPIOIntDisable)
    GPIOIntEnable                            0x00000555   Thumb Code    12  gpio.o(i.GPIOIntEnable)
    GPIOIntTypeSet                           0x00000561   Thumb Code    80  gpio.o(i.GPIOIntTypeSet)
    GPIOPadConfigSet                         0x000005b1   Thumb Code   312  gpio.o(i.GPIOPadConfigSet)
    GPIOPinRead                              0x000006e9   Thumb Code     6  gpio.o(i.GPIOPinRead)
    GPIOPinTypeGPIOInput                     0x000006ef   Thumb Code    28  gpio.o(i.GPIOPinTypeGPIOInput)
    GPIOPinTypeGPIOOutput                    0x0000070b   Thumb Code    28  gpio.o(i.GPIOPinTypeGPIOOutput)
    GPIOPinWrite                             0x00000727   Thumb Code     6  gpio.o(i.GPIOPinWrite)
    HardFault_Handler                        0x0000072d   Thumb Code    10  read.o(i.HardFault_Handler)
    IntEnable                                0x0000073d   Thumb Code    92  interrupt.o(i.IntEnable)
    IntMasterEnable                          0x000007a1   Thumb Code    14  interrupt.o(i.IntMasterEnable)
    SendChar                                 0x000007b1   Thumb Code    88  serial_transport_tm4c123gh6pm.o(i.SendChar)
    SysCtlClockGet                           0x00000815   Thumb Code   304  sysctl.o(i.SysCtlClockGet)
    SysCtlPeripheralEnable                   0x00000969   Thumb Code    36  sysctl.o(i.SysCtlPeripheralEnable)
    SysTick_Handler                          0x000009bd   Thumb Code    10  osdep_tm4c123gh5pm.o(i.SysTick_Handler)
    SystemInit                               0x000009cd   Thumb Code    90  system_tm4c123.o(i.SystemInit)
    TIMER0B_Handler                          0x00000a51   Thumb Code    22  read.o(i.TIMER0B_Handler)
    TMR_RP_init_simple                       0x00000a71   Thumb Code    50  tm_reader.o(i.TMR_RP_init_simple)
    TMR_SR_SerialReader_init                 0x00000aa5   Thumb Code   234  serial_reader.o(i.TMR_SR_SerialReader_init)
    TMR_SR_SerialTransportNativeInit         0x00000ba1   Thumb Code    30  serial_transport_tm4c123gh6pm.o(i.TMR_SR_SerialTransportNativeInit)
    TMR_SR_addTagOp                          0x00000bd9   Thumb Code   740  serial_reader.o(i.TMR_SR_addTagOp)
    TMR_SR_cmdAntennaDetect                  0x000011d5   Thumb Code    94  serial_reader_l3.o(i.TMR_SR_cmdAntennaDetect)
    TMR_SR_cmdAuthReqResponse                0x00001235   Thumb Code    98  serial_reader_l3.o(i.TMR_SR_cmdAuthReqResponse)
    TMR_SR_cmdBlockErase                     0x0000129d   Thumb Code    62  serial_reader_l3.o(i.TMR_SR_cmdBlockErase)
    TMR_SR_cmdBlockPermaLock                 0x000012dd   Thumb Code   284  serial_reader_l3.o(i.TMR_SR_cmdBlockPermaLock)
    TMR_SR_cmdBlockWrite                     0x000013f9   Thumb Code   238  serial_reader_l3.o(i.TMR_SR_cmdBlockWrite)
    TMR_SR_cmdBootFirmware                   0x000014e7   Thumb Code   154  serial_reader_l3.o(i.TMR_SR_cmdBootFirmware)
    TMR_SR_cmdClearTagBuffer                 0x00001581   Thumb Code    30  serial_reader_l3.o(i.TMR_SR_cmdClearTagBuffer)
    TMR_SR_cmdGEN2LockTag                    0x0000159f   Thumb Code    84  serial_reader_l3.o(i.TMR_SR_cmdGEN2LockTag)
    TMR_SR_cmdGEN2ReadAfterWriteTagData      0x000015f5   Thumb Code   240  serial_reader_l3.o(i.TMR_SR_cmdGEN2ReadAfterWriteTagData)
    TMR_SR_cmdGEN2ReadTagData                0x000016e9   Thumb Code   254  serial_reader_l3.o(i.TMR_SR_cmdGEN2ReadTagData)
    TMR_SR_cmdGEN2WriteTagData               0x000017e9   Thumb Code   128  serial_reader_l3.o(i.TMR_SR_cmdGEN2WriteTagData)
    TMR_SR_cmdGetAntennaPortPowersAndSettlingTime 0x0000186d   Thumb Code   102  serial_reader_l3.o(i.TMR_SR_cmdGetAntennaPortPowersAndSettlingTime)
    TMR_SR_cmdGetAntennaReturnLoss           0x000018d3   Thumb Code   108  serial_reader_l3.o(i.TMR_SR_cmdGetAntennaReturnLoss)
    TMR_SR_cmdGetAvailableProtocols          0x00001941   Thumb Code   128  serial_reader_l3.o(i.TMR_SR_cmdGetAvailableProtocols)
    TMR_SR_cmdGetAvailableRegions            0x000019c1   Thumb Code    78  serial_reader_l3.o(i.TMR_SR_cmdGetAvailableRegions)
    TMR_SR_cmdGetCurrentProgram              0x00001a0f   Thumb Code    34  serial_reader_l3.o(i.TMR_SR_cmdGetCurrentProgram)
    TMR_SR_cmdGetCurrentProtocol             0x00001a31   Thumb Code    42  serial_reader_l3.o(i.TMR_SR_cmdGetCurrentProtocol)
    TMR_SR_cmdGetFrequencyHopTable           0x00001a5b   Thumb Code    88  serial_reader_l3.o(i.TMR_SR_cmdGetFrequencyHopTable)
    TMR_SR_cmdGetFrequencyHopTime            0x00001ab3   Thumb Code    56  serial_reader_l3.o(i.TMR_SR_cmdGetFrequencyHopTime)
    TMR_SR_cmdGetGPIO                        0x00001aeb   Thumb Code   146  serial_reader_l3.o(i.TMR_SR_cmdGetGPIO)
    TMR_SR_cmdGetGPIODirection               0x00001b7d   Thumb Code    50  serial_reader_l3.o(i.TMR_SR_cmdGetGPIODirection)
    TMR_SR_cmdGetHardwareVersion             0x00001baf   Thumb Code    78  serial_reader_l3.o(i.TMR_SR_cmdGetHardwareVersion)
    TMR_SR_cmdGetMinimumFrequency            0x00001bfd   Thumb Code    58  serial_reader_l3.o(i.TMR_SR_cmdGetMinimumFrequency)
    TMR_SR_cmdGetPowerMode                   0x00001c37   Thumb Code    40  serial_reader_l3.o(i.TMR_SR_cmdGetPowerMode)
    TMR_SR_cmdGetProtocolConfiguration       0x00001c61   Thumb Code   250  serial_reader_l3.o(i.TMR_SR_cmdGetProtocolConfiguration)
    TMR_SR_cmdGetQuantizationStep            0x00001d61   Thumb Code    58  serial_reader_l3.o(i.TMR_SR_cmdGetQuantizationStep)
    TMR_SR_cmdGetReadTxPower                 0x00001d9b   Thumb Code    48  serial_reader_l3.o(i.TMR_SR_cmdGetReadTxPower)
    TMR_SR_cmdGetReadTxPowerWithLimits       0x00001dcb   Thumb Code    62  serial_reader_l3.o(i.TMR_SR_cmdGetReadTxPowerWithLimits)
    TMR_SR_cmdGetReaderConfiguration         0x00001e09   Thumb Code   174  serial_reader_l3.o(i.TMR_SR_cmdGetReaderConfiguration)
    TMR_SR_cmdGetReaderStatistics            0x00001ebd   Thumb Code   260  serial_reader_l3.o(i.TMR_SR_cmdGetReaderStatistics)
    TMR_SR_cmdGetReaderStats                 0x00001fc1   Thumb Code   322  serial_reader_l3.o(i.TMR_SR_cmdGetReaderStats)
    TMR_SR_cmdGetReaderWriteTimeOut          0x00002103   Thumb Code    62  serial_reader_l3.o(i.TMR_SR_cmdGetReaderWriteTimeOut)
    TMR_SR_cmdGetRegion                      0x00002141   Thumb Code    40  serial_reader_l3.o(i.TMR_SR_cmdGetRegion)
    TMR_SR_cmdGetRegionConfiguration         0x00002169   Thumb Code    66  serial_reader_l3.o(i.TMR_SR_cmdGetRegionConfiguration)
    TMR_SR_cmdGetTagsRemaining               0x000021b1   Thumb Code    50  serial_reader_l3.o(i.TMR_SR_cmdGetTagsRemaining)
    TMR_SR_cmdGetTemperature                 0x000021e3   Thumb Code    40  serial_reader_l3.o(i.TMR_SR_cmdGetTemperature)
    TMR_SR_cmdGetUserMode                    0x0000220b   Thumb Code    40  serial_reader_l3.o(i.TMR_SR_cmdGetUserMode)
    TMR_SR_cmdGetWriteTxPower                0x00002233   Thumb Code    48  serial_reader_l3.o(i.TMR_SR_cmdGetWriteTxPower)
    TMR_SR_cmdKillTag                        0x00002263   Thumb Code    78  serial_reader_l3.o(i.TMR_SR_cmdKillTag)
    TMR_SR_cmdMultipleProtocolSearch         0x000022b1   Thumb Code   224  serial_reader_l3.o(i.TMR_SR_cmdMultipleProtocolSearch)
    TMR_SR_cmdProbeBaudRate                  0x00002399   Thumb Code   158  serial_reader.o(i.TMR_SR_cmdProbeBaudRate)
    TMR_SR_cmdReadAfterWriteGen2TagEpc       0x0000243d   Thumb Code   246  serial_reader_l3.o(i.TMR_SR_cmdReadAfterWriteGen2TagEpc)
    TMR_SR_cmdReadTagMultiple                0x00002539   Thumb Code   172  serial_reader_l3.o(i.TMR_SR_cmdReadTagMultiple)
    TMR_SR_cmdResetReaderStatistics          0x000025e9   Thumb Code    40  serial_reader_l3.o(i.TMR_SR_cmdResetReaderStatistics)
    TMR_SR_cmdResetReaderStats               0x00002611   Thumb Code    80  serial_reader_l3.o(i.TMR_SR_cmdResetReaderStats)
    TMR_SR_cmdSetAntennaPortPowersAndSettlingTime 0x00002661   Thumb Code   122  serial_reader_l3.o(i.TMR_SR_cmdSetAntennaPortPowersAndSettlingTime)
    TMR_SR_cmdSetAntennaSearchList           0x000026db   Thumb Code    74  serial_reader_l3.o(i.TMR_SR_cmdSetAntennaSearchList)
    TMR_SR_cmdSetBaudRate                    0x00002725   Thumb Code    52  serial_reader_l3.o(i.TMR_SR_cmdSetBaudRate)
    TMR_SR_cmdSetFrequencyHopTable           0x00002759   Thumb Code    88  serial_reader_l3.o(i.TMR_SR_cmdSetFrequencyHopTable)
    TMR_SR_cmdSetFrequencyHopTime            0x000027b5   Thumb Code    58  serial_reader_l3.o(i.TMR_SR_cmdSetFrequencyHopTime)
    TMR_SR_cmdSetGPIODirection               0x000027ef   Thumb Code    46  serial_reader_l3.o(i.TMR_SR_cmdSetGPIODirection)
    TMR_SR_cmdSetMinimumFrequency            0x0000281d   Thumb Code    58  serial_reader_l3.o(i.TMR_SR_cmdSetMinimumFrequency)
    TMR_SR_cmdSetPowerMode                   0x00002857   Thumb Code    34  serial_reader_l3.o(i.TMR_SR_cmdSetPowerMode)
    TMR_SR_cmdSetProtocol                    0x00002879   Thumb Code    40  serial_reader_l3.o(i.TMR_SR_cmdSetProtocol)
    TMR_SR_cmdSetProtocolConfiguration       0x000028a1   Thumb Code   326  serial_reader_l3.o(i.TMR_SR_cmdSetProtocolConfiguration)
    TMR_SR_cmdSetProtocolLicenseKey          0x000029ed   Thumb Code   114  serial_reader_l3.o(i.TMR_SR_cmdSetProtocolLicenseKey)
    TMR_SR_cmdSetQuantizationStep            0x00002a5f   Thumb Code    58  serial_reader_l3.o(i.TMR_SR_cmdSetQuantizationStep)
    TMR_SR_cmdSetReadTxPower                 0x00002a99   Thumb Code    54  serial_reader_l3.o(i.TMR_SR_cmdSetReadTxPower)
    TMR_SR_cmdSetReaderConfiguration         0x00002ad5   Thumb Code   172  serial_reader_l3.o(i.TMR_SR_cmdSetReaderConfiguration)
    TMR_SR_cmdSetReaderWriteTimeOut          0x00002b85   Thumb Code    58  serial_reader_l3.o(i.TMR_SR_cmdSetReaderWriteTimeOut)
    TMR_SR_cmdSetRegion                      0x00002bbf   Thumb Code    34  serial_reader_l3.o(i.TMR_SR_cmdSetRegion)
    TMR_SR_cmdSetRegionLbt                   0x00002be1   Thumb Code    38  serial_reader_l3.o(i.TMR_SR_cmdSetRegionLbt)
    TMR_SR_cmdSetTxRxPorts                   0x00002c07   Thumb Code    38  serial_reader_l3.o(i.TMR_SR_cmdSetTxRxPorts)
    TMR_SR_cmdSetUserMode                    0x00002c2d   Thumb Code    34  serial_reader_l3.o(i.TMR_SR_cmdSetUserMode)
    TMR_SR_cmdSetUserProfile                 0x00002c51   Thumb Code   528  serial_reader_l3.o(i.TMR_SR_cmdSetUserProfile)
    TMR_SR_cmdSetWriteTxPower                0x00002e65   Thumb Code    54  serial_reader_l3.o(i.TMR_SR_cmdSetWriteTxPower)
    TMR_SR_cmdStopReading                    0x00002ea1   Thumb Code    56  serial_reader_l3.o(i.TMR_SR_cmdStopReading)
    TMR_SR_cmdVersion                        0x00002ed9   Thumb Code   170  serial_reader_l3.o(i.TMR_SR_cmdVersion)
    TMR_SR_cmdWriteGen2TagEpc                0x00002f85   Thumb Code   146  serial_reader_l3.o(i.TMR_SR_cmdWriteGen2TagEpc)
    TMR_SR_connect                           0x0000301d   Thumb Code    82  serial_reader.o(i.TMR_SR_connect)
    TMR_SR_executeEmbeddedRead               0x0000306f   Thumb Code   210  serial_reader_l3.o(i.TMR_SR_executeEmbeddedRead)
    TMR_SR_executeTagOp                      0x00003141   Thumb Code   724  serial_reader.o(i.TMR_SR_executeTagOp)
    TMR_SR_getNextTag                        0x00003419   Thumb Code   336  serial_reader.o(i.TMR_SR_getNextTag)
    TMR_SR_hasMoreTags                       0x00003571   Thumb Code   446  serial_reader.o(i.TMR_SR_hasMoreTags)
    TMR_SR_msgAddGEN2BlockErase              0x00003741   Thumb Code   178  serial_reader_l3.o(i.TMR_SR_msgAddGEN2BlockErase)
    TMR_SR_msgAddGEN2BlockPermaLock          0x000037f3   Thumb Code   228  serial_reader_l3.o(i.TMR_SR_msgAddGEN2BlockPermaLock)
    TMR_SR_msgAddGEN2BlockWrite              0x000038d7   Thumb Code   252  serial_reader_l3.o(i.TMR_SR_msgAddGEN2BlockWrite)
    TMR_SR_msgAddGEN2DataRead                0x000039d3   Thumb Code   140  serial_reader_l3.o(i.TMR_SR_msgAddGEN2DataRead)
    TMR_SR_msgAddGEN2DataWrite               0x00003a5f   Thumb Code   112  serial_reader_l3.o(i.TMR_SR_msgAddGEN2DataWrite)
    TMR_SR_msgAddGEN2KillTag                 0x00003acf   Thumb Code    88  serial_reader_l3.o(i.TMR_SR_msgAddGEN2KillTag)
    TMR_SR_msgAddGEN2LockTag                 0x00003b27   Thumb Code   128  serial_reader_l3.o(i.TMR_SR_msgAddGEN2LockTag)
    TMR_SR_msgAddGEN2WriteTagEPC             0x00003ba7   Thumb Code    76  serial_reader_l3.o(i.TMR_SR_msgAddGEN2WriteTagEPC)
    TMR_SR_msgSetupMultipleProtocolSearch    0x00003bf5   Thumb Code   630  serial_reader_l3.o(i.TMR_SR_msgSetupMultipleProtocolSearch)
    TMR_SR_msgSetupReadTagMultiple           0x00003e71   Thumb Code    36  serial_reader_l3.o(i.TMR_SR_msgSetupReadTagMultiple)
    TMR_SR_msgSetupReadTagMultipleWithMetadata 0x00003e95   Thumb Code   484  serial_reader_l3.o(i.TMR_SR_msgSetupReadTagMultipleWithMetadata)
    TMR_SR_msgSetupReadTagSingle             0x0000407d   Thumb Code   110  serial_reader_l3.o(i.TMR_SR_msgSetupReadTagSingle)
    TMR_SR_parseMetadataFromMessage          0x00005235   Thumb Code   260  serial_reader_l3.o(i.TMR_SR_parseMetadataFromMessage)
    TMR_SR_parseMetadataOnly                 0x00005339   Thumb Code   478  serial_reader_l3.o(i.TMR_SR_parseMetadataOnly)
    TMR_SR_postprocessReaderSpecificMetadata 0x00005517   Thumb Code   190  serial_reader_l3.o(i.TMR_SR_postprocessReaderSpecificMetadata)
    TMR_SR_read                              0x000055d5   Thumb Code   194  serial_reader.o(i.TMR_SR_read)
    TMR_SR_receiveMessage                    0x00005aed   Thumb Code   406  serial_reader_l3.o(i.TMR_SR_receiveMessage)
    TMR_SR_send                              0x00005cb9   Thumb Code     8  serial_reader_l3.o(i.TMR_SR_send)
    TMR_SR_sendBytes                         0x00005cc1   Thumb Code    48  serial_reader_l3.o(i.TMR_SR_sendBytes)
    TMR_SR_sendMessage                       0x00005cf1   Thumb Code   218  serial_reader_l3.o(i.TMR_SR_sendMessage)
    TMR_SR_sendTimeout                       0x00005ddd   Thumb Code    94  serial_reader_l3.o(i.TMR_SR_sendTimeout)
    TMR_SR_writeTagMemBytes                  0x00005e3d   Thumb Code   220  serial_reader.o(i.TMR_SR_writeTagMemBytes)
    TMR_SR_writeTagMemWords                  0x00005f1d   Thumb Code    58  serial_reader.o(i.TMR_SR_writeTagMemWords)
    TMR_TF_init_tag                          0x00005f57   Thumb Code    18  tm_reader.o(i.TMR_TF_init_tag)
    TMR_TRD_init                             0x00005f69   Thumb Code   116  tm_reader.o(i.TMR_TRD_init)
    TMR_TagOp_init_GEN2_ReadData             0x00005fdd   Thumb Code    16  tm_reader.o(i.TMR_TagOp_init_GEN2_ReadData)
    TMR_TagOp_init_GEN2_WriteData            0x00005fed   Thumb Code    22  tm_reader.o(i.TMR_TagOp_init_GEN2_WriteData)
    TMR__notifyTransportListeners            0x00006003   Thumb Code    46  tm_reader.o(i.TMR__notifyTransportListeners)
    TMR_bytesToWords                         0x00006031   Thumb Code    54  tmr_utils.o(i.TMR_bytesToWords)
    TMR_create                               0x00006069   Thumb Code   340  tm_reader.o(i.TMR_create)
    TMR_fillReaderStats                      0x000061e1   Thumb Code   462  serial_reader_l3.o(i.TMR_fillReaderStats)
    TMR_hexDottedQuad                        0x000063b5   Thumb Code    52  hex_bytes.o(i.TMR_hexDottedQuad)
    TMR_paramGet                             0x00006481   Thumb Code    34  tm_reader.o(i.TMR_paramGet)
    TMR_paramProbe                           0x000064a3   Thumb Code    74  tm_reader.o(i.TMR_paramProbe)
    TMR_paramSet                             0x000064ed   Thumb Code     6  tm_reader.o(i.TMR_paramSet)
    TMR_reader_init_internal                 0x000064f3   Thumb Code    76  tm_reader.o(i.TMR_reader_init_internal)
    TMR_stringCopy                           0x0000653f   Thumb Code    36  tmr_utils.o(i.TMR_stringCopy)
    TMR_wordsToBytes                         0x00006565   Thumb Code    36  tmr_utils.o(i.TMR_wordsToBytes)
    TimerConfigure                           0x00006589   Thumb Code    88  timer.o(i.TimerConfigure)
    TimerEnable                              0x000065e9   Thumb Code    14  timer.o(i.TimerEnable)
    TimerIntClear                            0x000065f7   Thumb Code     4  timer.o(i.TimerIntClear)
    TimerIntEnable                           0x000065fb   Thumb Code     8  timer.o(i.TimerIntEnable)
    TimerLoadSet                             0x00006603   Thumb Code    18  timer.o(i.TimerLoadSet)
    UART1_Handler                            0x00006615   Thumb Code   102  serial_transport_tm4c123gh6pm.o(i.UART1_Handler)
    __0sprintf$1                             0x0000668d   Thumb Code    34  printf1.o(i.__0sprintf$1)
    __1sprintf$1                             0x0000668d   Thumb Code     0  printf1.o(i.__0sprintf$1)
    __2sprintf                               0x0000668d   Thumb Code     0  printf1.o(i.__0sprintf$1)
    __scatterload_copy                       0x000066b5   Thumb Code    14  handlers.o(i.__scatterload_copy)
    __scatterload_null                       0x000066c3   Thumb Code     2  handlers.o(i.__scatterload_null)
    __scatterload_zeroinit                   0x000066c5   Thumb Code    14  handlers.o(i.__scatterload_zeroinit)
    compareAntennas                          0x000068d1   Thumb Code   126  serial_reader.o(i.compareAntennas)
    compareVersion                           0x0000694f   Thumb Code    58  serial_reader.o(i.compareVersion)
    extractGen2MemoryBankValues              0x00006989   Thumb Code   164  serial_reader_l3.o(i.extractGen2MemoryBankValues)
    isContinuousReadParamSupported           0x00006e95   Thumb Code   146  serial_reader_l3.o(i.isContinuousReadParamSupported)
    main                                     0x00006f29   Thumb Code   886  read.o(i.main)
    prepForSearch                            0x00007321   Thumb Code    12  serial_reader.o(i.prepForSearch)
    tm_gettime_consistent                    0x0000767d   Thumb Code    38  tmr_utils.o(i.tm_gettime_consistent)
    tm_memcpy                                0x000076a5   Thumb Code    24  tmr_utils.o(i.tm_memcpy)
    tm_strcpy                                0x000076bd   Thumb Code    18  tmr_utils.o(i.tm_strcpy)
    tm_time_subtract                         0x000076cf   Thumb Code    14  tmr_utils.o(i.tm_time_subtract)
    tm_u8s_per_bits                          0x000076dd   Thumb Code    16  tmr_utils.o(i.tm_u8s_per_bits)
    tmr_gettime                              0x000076ed   Thumb Code    32  osdep_tm4c123gh5pm.o(i.tmr_gettime)
    tmr_gettime_high                         0x00007715   Thumb Code    10  osdep_tm4c123gh5pm.o(i.tmr_gettime_high)
    tmr_gettime_low                          0x0000771f   Thumb Code     8  osdep_tm4c123gh5pm.o(i.tmr_gettime_low)
    validateReadPlan                         0x00007729   Thumb Code   162  tm_reader.o(i.validateReadPlan)
    verifySearchStatus                       0x000077d9   Thumb Code   130  serial_reader.o(i.verifySearchStatus)
    Region$$Table$$Base                      0x00007bf4   Number         0  anon$$obj.o(Region$$Table)
    Region$$Table$$Limit                     0x00007c14   Number         0  anon$$obj.o(Region$$Table)
    isStatsCmdSent                           0x20000011   Data           1  serial_reader.o(.data)
    vsb_index                                0x2000004c   Data           4  read.o(.data)
    veb_index                                0x20000050   Data           4  read.o(.data)
    aeb_index                                0x20000054   Data           4  read.o(.data)
    x                                        0x20000058   Data           4  read.o(.data)
    msec                                     0x20000080   Data           4  osdep_tm4c123gh5pm.o(.data)
    SystemCoreClock                          0x20000088   Data           4  system_tm4c123.o(.data)
    rbuf                                     0x20000310   Data         264  serial_transport_tm4c123gh6pm.o(.bss)
    tbuf                                     0x20000418   Data         264  serial_transport_tm4c123gh6pm.o(.bss)
    __initial_sp                             0x20004520   Data           0  startup_tm4c123.o(STACK)



==============================================================================

Memory Map of the image

  Image Entry point : 0x0000026d

  Load Region LR_IROM1 (Base: 0x00000000, Size: 0x00007ca4, Max: 0x00040000, ABSOLUTE)

    Execution Region ER_IROM1 (Base: 0x00000000, Size: 0x00007c14, Max: 0x00040000, ABSOLUTE)

    Base Addr    Size         Type   Attr      Idx    E Section Name        Object

    0x00000000   0x0000026c   Data   RO         2198    RESET               startup_tm4c123.o
    0x0000026c   0x00000000   Code   RO         3298  * .ARM.Collect$$$$00000000  mc_w.l(entry.o)
    0x0000026c   0x00000004   Code   RO         3618    .ARM.Collect$$$$00000001  mc_w.l(entry2.o)
    0x00000270   0x00000004   Code   RO         3621    .ARM.Collect$$$$00000004  mc_w.l(entry5.o)
    0x00000274   0x00000000   Code   RO         3623    .ARM.Collect$$$$00000008  mc_w.l(entry7b.o)
    0x00000274   0x00000000   Code   RO         3625    .ARM.Collect$$$$0000000A  mc_w.l(entry8b.o)
    0x00000274   0x00000008   Code   RO         3626    .ARM.Collect$$$$0000000B  mc_w.l(entry9a.o)
    0x0000027c   0x00000000   Code   RO         3628    .ARM.Collect$$$$0000000D  mc_w.l(entry10a.o)
    0x0000027c   0x00000000   Code   RO         3630    .ARM.Collect$$$$0000000F  mc_w.l(entry11a.o)
    0x0000027c   0x00000004   Code   RO         3619    .ARM.Collect$$$$00002712  mc_w.l(entry2.o)
    0x00000280   0x00000026   Code   RO         3288    .emb_text           driverlib.lib(cpu.o)
    0x000002a6   0x00000002   PAD
    0x000002a8   0x000000fc   Code   RO         2199    .text               startup_tm4c123.o
    0x000003a4   0x00000040   Code   RO         3305    .text               mc_w.l(memmovea.o)
    0x000003e4   0x00000024   Code   RO         3307    .text               mc_w.l(memseta.o)
    0x00000408   0x00000018   Code   RO         3309    .text               mc_w.l(strncpy.o)
    0x00000420   0x0000000e   Code   RO         3311    .text               mc_w.l(strlen.o)
    0x0000042e   0x0000001c   Code   RO         3313    .text               mc_w.l(strcmp.o)
    0x0000044a   0x0000001e   Code   RO         3317    .text               mc_w.l(strncmp.o)
    0x00000468   0x00000044   Code   RO         3319    .text               mc_w.l(strtok.o)
    0x000004ac   0x0000002c   Code   RO         3635    .text               mc_w.l(uidiv.o)
    0x000004d8   0x00000024   Code   RO         3652    .text               mc_w.l(init.o)
    0x000004fc   0x0000001c   Code   RO         1961    i.GPIOA_Handler     read.o
    0x00000518   0x00000028   Code   RO         2256    i.GPIODirModeSet    driverlib.lib(gpio.o)
    0x00000540   0x00000006   Code   RO         2257    i.GPIOIntClear      driverlib.lib(gpio.o)
    0x00000546   0x0000000e   Code   RO         2258    i.GPIOIntDisable    driverlib.lib(gpio.o)
    0x00000554   0x0000000c   Code   RO         2259    i.GPIOIntEnable     driverlib.lib(gpio.o)
    0x00000560   0x00000050   Code   RO         2264    i.GPIOIntTypeSet    driverlib.lib(gpio.o)
    0x000005b0   0x00000138   Code   RO         2268    i.GPIOPadConfigSet  driverlib.lib(gpio.o)
    0x000006e8   0x00000006   Code   RO         2270    i.GPIOPinRead       driverlib.lib(gpio.o)
    0x000006ee   0x0000001c   Code   RO         2279    i.GPIOPinTypeGPIOInput  driverlib.lib(gpio.o)
    0x0000070a   0x0000001c   Code   RO         2280    i.GPIOPinTypeGPIOOutput  driverlib.lib(gpio.o)
    0x00000726   0x00000006   Code   RO         2298    i.GPIOPinWrite      driverlib.lib(gpio.o)
    0x0000072c   0x00000010   Code   RO         1962    i.HardFault_Handler  read.o
    0x0000073c   0x00000064   Code   RO         2583    i.IntEnable         driverlib.lib(interrupt.o)
    0x000007a0   0x0000000e   Code   RO         2586    i.IntMasterEnable   driverlib.lib(interrupt.o)
    0x000007ae   0x00000002   PAD
    0x000007b0   0x00000064   Code   RO         2125    i.SendChar          serial_transport_tm4c123gh6pm.o
    0x00000814   0x00000154   Code   RO         2701    i.SysCtlClockGet    driverlib.lib(sysctl.o)
    0x00000968   0x00000028   Code   RO         2732    i.SysCtlPeripheralEnable  driverlib.lib(sysctl.o)
    0x00000990   0x0000002c   Code   RO         2045    i.SysTick_Config    osdep_tm4c123gh5pm.o
    0x000009bc   0x00000010   Code   RO         2046    i.SysTick_Handler   osdep_tm4c123gh5pm.o
    0x000009cc   0x00000084   Code   RO         2207    i.SystemInit        system_tm4c123.o
    0x00000a50   0x00000020   Code   RO         1963    i.TIMER0B_Handler   read.o
    0x00000a70   0x00000032   Code   RO         1530    i.TMR_RP_init_simple  tm_reader.o
    0x00000aa2   0x00000002   PAD
    0x00000aa4   0x000000fc   Code   RO          107    i.TMR_SR_SerialReader_init  serial_reader.o
    0x00000ba0   0x00000038   Code   RO         2126    i.TMR_SR_SerialTransportNativeInit  serial_transport_tm4c123gh6pm.o
    0x00000bd8   0x000002ec   Code   RO          108    i.TMR_SR_addTagOp   serial_reader.o
    0x00000ec4   0x00000310   Code   RO          109    i.TMR_SR_boot       serial_reader.o
    0x000011d4   0x0000005e   Code   RO          354    i.TMR_SR_cmdAntennaDetect  serial_reader_l3.o
    0x00001232   0x00000002   PAD
    0x00001234   0x00000068   Code   RO          355    i.TMR_SR_cmdAuthReqResponse  serial_reader_l3.o
    0x0000129c   0x0000003e   Code   RO          356    i.TMR_SR_cmdBlockErase  serial_reader_l3.o
    0x000012da   0x00000002   PAD
    0x000012dc   0x0000011c   Code   RO          357    i.TMR_SR_cmdBlockPermaLock  serial_reader_l3.o
    0x000013f8   0x000000ee   Code   RO          358    i.TMR_SR_cmdBlockWrite  serial_reader_l3.o
    0x000014e6   0x0000009a   Code   RO          360    i.TMR_SR_cmdBootFirmware  serial_reader_l3.o
    0x00001580   0x0000001e   Code   RO          361    i.TMR_SR_cmdClearTagBuffer  serial_reader_l3.o
    0x0000159e   0x00000054   Code   RO          363    i.TMR_SR_cmdGEN2LockTag  serial_reader_l3.o
    0x000015f2   0x00000002   PAD
    0x000015f4   0x000000f4   Code   RO          364    i.TMR_SR_cmdGEN2ReadAfterWriteTagData  serial_reader_l3.o
    0x000016e8   0x000000fe   Code   RO          365    i.TMR_SR_cmdGEN2ReadTagData  serial_reader_l3.o
    0x000017e6   0x00000002   PAD
    0x000017e8   0x00000084   Code   RO          366    i.TMR_SR_cmdGEN2WriteTagData  serial_reader_l3.o
    0x0000186c   0x00000066   Code   RO          370    i.TMR_SR_cmdGetAntennaPortPowersAndSettlingTime  serial_reader_l3.o
    0x000018d2   0x0000006c   Code   RO          371    i.TMR_SR_cmdGetAntennaReturnLoss  serial_reader_l3.o
    0x0000193e   0x00000002   PAD
    0x00001940   0x00000080   Code   RO          372    i.TMR_SR_cmdGetAvailableProtocols  serial_reader_l3.o
    0x000019c0   0x0000004e   Code   RO          373    i.TMR_SR_cmdGetAvailableRegions  serial_reader_l3.o
    0x00001a0e   0x00000022   Code   RO          374    i.TMR_SR_cmdGetCurrentProgram  serial_reader_l3.o
    0x00001a30   0x0000002a   Code   RO          375    i.TMR_SR_cmdGetCurrentProtocol  serial_reader_l3.o
    0x00001a5a   0x00000058   Code   RO          376    i.TMR_SR_cmdGetFrequencyHopTable  serial_reader_l3.o
    0x00001ab2   0x00000038   Code   RO          377    i.TMR_SR_cmdGetFrequencyHopTime  serial_reader_l3.o
    0x00001aea   0x00000092   Code   RO          378    i.TMR_SR_cmdGetGPIO  serial_reader_l3.o
    0x00001b7c   0x00000032   Code   RO          379    i.TMR_SR_cmdGetGPIODirection  serial_reader_l3.o
    0x00001bae   0x0000004e   Code   RO          380    i.TMR_SR_cmdGetHardwareVersion  serial_reader_l3.o
    0x00001bfc   0x0000003a   Code   RO          381    i.TMR_SR_cmdGetMinimumFrequency  serial_reader_l3.o
    0x00001c36   0x00000028   Code   RO          382    i.TMR_SR_cmdGetPowerMode  serial_reader_l3.o
    0x00001c5e   0x00000002   PAD
    0x00001c60   0x00000100   Code   RO          383    i.TMR_SR_cmdGetProtocolConfiguration  serial_reader_l3.o
    0x00001d60   0x0000003a   Code   RO          384    i.TMR_SR_cmdGetQuantizationStep  serial_reader_l3.o
    0x00001d9a   0x00000030   Code   RO          385    i.TMR_SR_cmdGetReadTxPower  serial_reader_l3.o
    0x00001dca   0x0000003e   Code   RO          386    i.TMR_SR_cmdGetReadTxPowerWithLimits  serial_reader_l3.o
    0x00001e08   0x000000b4   Code   RO          387    i.TMR_SR_cmdGetReaderConfiguration  serial_reader_l3.o
    0x00001ebc   0x00000104   Code   RO          388    i.TMR_SR_cmdGetReaderStatistics  serial_reader_l3.o
    0x00001fc0   0x00000142   Code   RO          389    i.TMR_SR_cmdGetReaderStats  serial_reader_l3.o
    0x00002102   0x0000003e   Code   RO          390    i.TMR_SR_cmdGetReaderWriteTimeOut  serial_reader_l3.o
    0x00002140   0x00000028   Code   RO          391    i.TMR_SR_cmdGetRegion  serial_reader_l3.o
    0x00002168   0x00000048   Code   RO          392    i.TMR_SR_cmdGetRegionConfiguration  serial_reader_l3.o
    0x000021b0   0x00000032   Code   RO          393    i.TMR_SR_cmdGetTagsRemaining  serial_reader_l3.o
    0x000021e2   0x00000028   Code   RO          394    i.TMR_SR_cmdGetTemperature  serial_reader_l3.o
    0x0000220a   0x00000028   Code   RO          396    i.TMR_SR_cmdGetUserMode  serial_reader_l3.o
    0x00002232   0x00000030   Code   RO          398    i.TMR_SR_cmdGetWriteTxPower  serial_reader_l3.o
    0x00002262   0x0000004e   Code   RO          411    i.TMR_SR_cmdKillTag  serial_reader_l3.o
    0x000022b0   0x000000e8   Code   RO          415    i.TMR_SR_cmdMultipleProtocolSearch  serial_reader_l3.o
    0x00002398   0x000000a4   Code   RO          110    i.TMR_SR_cmdProbeBaudRate  serial_reader.o
    0x0000243c   0x000000fc   Code   RO          423    i.TMR_SR_cmdReadAfterWriteGen2TagEpc  serial_reader_l3.o
    0x00002538   0x000000b0   Code   RO          424    i.TMR_SR_cmdReadTagMultiple  serial_reader_l3.o
    0x000025e8   0x00000028   Code   RO          425    i.TMR_SR_cmdResetReaderStatistics  serial_reader_l3.o
    0x00002610   0x00000050   Code   RO          426    i.TMR_SR_cmdResetReaderStats  serial_reader_l3.o
    0x00002660   0x0000007a   Code   RO          444    i.TMR_SR_cmdSetAntennaPortPowersAndSettlingTime  serial_reader_l3.o
    0x000026da   0x0000004a   Code   RO          445    i.TMR_SR_cmdSetAntennaSearchList  serial_reader_l3.o
    0x00002724   0x00000034   Code   RO          446    i.TMR_SR_cmdSetBaudRate  serial_reader_l3.o
    0x00002758   0x0000005c   Code   RO          447    i.TMR_SR_cmdSetFrequencyHopTable  serial_reader_l3.o
    0x000027b4   0x0000003a   Code   RO          448    i.TMR_SR_cmdSetFrequencyHopTime  serial_reader_l3.o
    0x000027ee   0x0000002e   Code   RO          450    i.TMR_SR_cmdSetGPIODirection  serial_reader_l3.o
    0x0000281c   0x0000003a   Code   RO          451    i.TMR_SR_cmdSetMinimumFrequency  serial_reader_l3.o
    0x00002856   0x00000022   Code   RO          452    i.TMR_SR_cmdSetPowerMode  serial_reader_l3.o
    0x00002878   0x00000028   Code   RO          453    i.TMR_SR_cmdSetProtocol  serial_reader_l3.o
    0x000028a0   0x0000014c   Code   RO          454    i.TMR_SR_cmdSetProtocolConfiguration  serial_reader_l3.o
    0x000029ec   0x00000072   Code   RO          455    i.TMR_SR_cmdSetProtocolLicenseKey  serial_reader_l3.o
    0x00002a5e   0x0000003a   Code   RO          456    i.TMR_SR_cmdSetQuantizationStep  serial_reader_l3.o
    0x00002a98   0x0000003c   Code   RO          457    i.TMR_SR_cmdSetReadTxPower  serial_reader_l3.o
    0x00002ad4   0x000000b0   Code   RO          458    i.TMR_SR_cmdSetReaderConfiguration  serial_reader_l3.o
    0x00002b84   0x0000003a   Code   RO          459    i.TMR_SR_cmdSetReaderWriteTimeOut  serial_reader_l3.o
    0x00002bbe   0x00000022   Code   RO          460    i.TMR_SR_cmdSetRegion  serial_reader_l3.o
    0x00002be0   0x00000026   Code   RO          461    i.TMR_SR_cmdSetRegionLbt  serial_reader_l3.o
    0x00002c06   0x00000026   Code   RO          462    i.TMR_SR_cmdSetTxRxPorts  serial_reader_l3.o
    0x00002c2c   0x00000022   Code   RO          463    i.TMR_SR_cmdSetUserMode  serial_reader_l3.o
    0x00002c4e   0x00000002   PAD
    0x00002c50   0x00000214   Code   RO          464    i.TMR_SR_cmdSetUserProfile  serial_reader_l3.o
    0x00002e64   0x0000003c   Code   RO          465    i.TMR_SR_cmdSetWriteTxPower  serial_reader_l3.o
    0x00002ea0   0x00000038   Code   RO          466    i.TMR_SR_cmdStopReading  serial_reader_l3.o
    0x00002ed8   0x000000aa   Code   RO          470    i.TMR_SR_cmdVersion  serial_reader_l3.o
    0x00002f82   0x00000002   PAD
    0x00002f84   0x00000098   Code   RO          472    i.TMR_SR_cmdWriteGen2TagEpc  serial_reader_l3.o
    0x0000301c   0x00000052   Code   RO          111    i.TMR_SR_connect    serial_reader.o
    0x0000306e   0x000000d2   Code   RO          474    i.TMR_SR_executeEmbeddedRead  serial_reader_l3.o
    0x00003140   0x000002d8   Code   RO          113    i.TMR_SR_executeTagOp  serial_reader.o
    0x00003418   0x00000158   Code   RO          115    i.TMR_SR_getNextTag  serial_reader.o
    0x00003570   0x000001d0   Code   RO          118    i.TMR_SR_hasMoreTags  serial_reader.o
    0x00003740   0x000000b2   Code   RO          475    i.TMR_SR_msgAddGEN2BlockErase  serial_reader_l3.o
    0x000037f2   0x000000e4   Code   RO          476    i.TMR_SR_msgAddGEN2BlockPermaLock  serial_reader_l3.o
    0x000038d6   0x000000fc   Code   RO          477    i.TMR_SR_msgAddGEN2BlockWrite  serial_reader_l3.o
    0x000039d2   0x0000008c   Code   RO          478    i.TMR_SR_msgAddGEN2DataRead  serial_reader_l3.o
    0x00003a5e   0x00000070   Code   RO          479    i.TMR_SR_msgAddGEN2DataWrite  serial_reader_l3.o
    0x00003ace   0x00000058   Code   RO          480    i.TMR_SR_msgAddGEN2KillTag  serial_reader_l3.o
    0x00003b26   0x00000080   Code   RO          481    i.TMR_SR_msgAddGEN2LockTag  serial_reader_l3.o
    0x00003ba6   0x0000004c   Code   RO          482    i.TMR_SR_msgAddGEN2WriteTagEPC  serial_reader_l3.o
    0x00003bf2   0x00000002   PAD
    0x00003bf4   0x0000027c   Code   RO          524    i.TMR_SR_msgSetupMultipleProtocolSearch  serial_reader_l3.o
    0x00003e70   0x00000024   Code   RO          525    i.TMR_SR_msgSetupReadTagMultiple  serial_reader_l3.o
    0x00003e94   0x000001e8   Code   RO          526    i.TMR_SR_msgSetupReadTagMultipleWithMetadata  serial_reader_l3.o
    0x0000407c   0x0000006e   Code   RO          527    i.TMR_SR_msgSetupReadTagSingle  serial_reader_l3.o
    0x000040ea   0x00000002   PAD
    0x000040ec   0x0000093c   Code   RO          122    i.TMR_SR_paramGet   serial_reader.o
    0x00004a28   0x0000080c   Code   RO          123    i.TMR_SR_paramSet   serial_reader.o
    0x00005234   0x00000104   Code   RO          528    i.TMR_SR_parseMetadataFromMessage  serial_reader_l3.o
    0x00005338   0x000001de   Code   RO          529    i.TMR_SR_parseMetadataOnly  serial_reader_l3.o
    0x00005516   0x000000be   Code   RO          530    i.TMR_SR_postprocessReaderSpecificMetadata  serial_reader_l3.o
    0x000055d4   0x000000d4   Code   RO          124    i.TMR_SR_read       serial_reader.o
    0x000056a8   0x00000094   Code   RO          125    i.TMR_SR_readAfterWriteTagMemWords  serial_reader.o
    0x0000573c   0x000003b0   Code   RO          128    i.TMR_SR_read_internal  serial_reader.o
    0x00005aec   0x000001cc   Code   RO          532    i.TMR_SR_receiveMessage  serial_reader_l3.o
    0x00005cb8   0x00000008   Code   RO          533    i.TMR_SR_send       serial_reader_l3.o
    0x00005cc0   0x00000030   Code   RO          534    i.TMR_SR_sendBytes  serial_reader_l3.o
    0x00005cf0   0x000000ec   Code   RO          535    i.TMR_SR_sendMessage  serial_reader_l3.o
    0x00005ddc   0x0000005e   Code   RO          536    i.TMR_SR_sendTimeout  serial_reader_l3.o
    0x00005e3a   0x00000002   PAD
    0x00005e3c   0x000000e0   Code   RO          132    i.TMR_SR_writeTagMemBytes  serial_reader.o
    0x00005f1c   0x0000003a   Code   RO          133    i.TMR_SR_writeTagMemWords  serial_reader.o
    0x00005f56   0x00000012   Code   RO         1542    i.TMR_TF_init_tag   tm_reader.o
    0x00005f68   0x00000074   Code   RO         1546    i.TMR_TRD_init      tm_reader.o
    0x00005fdc   0x00000010   Code   RO         1553    i.TMR_TagOp_init_GEN2_ReadData  tm_reader.o
    0x00005fec   0x00000016   Code   RO         1556    i.TMR_TagOp_init_GEN2_WriteData  tm_reader.o
    0x00006002   0x0000002e   Code   RO         1561    i.TMR__notifyTransportListeners  tm_reader.o
    0x00006030   0x00000036   Code   RO         1874    i.TMR_bytesToWords  tmr_utils.o
    0x00006066   0x00000002   PAD
    0x00006068   0x00000178   Code   RO         1563    i.TMR_create        tm_reader.o
    0x000061e0   0x000001d4   Code   RO          537    i.TMR_fillReaderStats  serial_reader_l3.o
    0x000063b4   0x00000038   Code   RO            2    i.TMR_hexDottedQuad  hex_bytes.o
    0x000063ec   0x00000094   Code   RO         1566    i.TMR_initSerialTransportTable  tm_reader.o
    0x00006480   0x00000022   Code   RO         1568    i.TMR_paramGet      tm_reader.o
    0x000064a2   0x0000004a   Code   RO         1570    i.TMR_paramProbe    tm_reader.o
    0x000064ec   0x00000006   Code   RO         1571    i.TMR_paramSet      tm_reader.o
    0x000064f2   0x0000004c   Code   RO         1573    i.TMR_reader_init_internal  tm_reader.o
    0x0000653e   0x00000024   Code   RO         1876    i.TMR_stringCopy    tmr_utils.o
    0x00006562   0x00000002   PAD
    0x00006564   0x00000024   Code   RO         1877    i.TMR_wordsToBytes  tmr_utils.o
    0x00006588   0x00000060   Code   RO         3050    i.TimerConfigure    driverlib.lib(timer.o)
    0x000065e8   0x0000000e   Code   RO         3059    i.TimerEnable       driverlib.lib(timer.o)
    0x000065f6   0x00000004   Code   RO         3060    i.TimerIntClear     driverlib.lib(timer.o)
    0x000065fa   0x00000008   Code   RO         3062    i.TimerIntEnable    driverlib.lib(timer.o)
    0x00006602   0x00000012   Code   RO         3068    i.TimerLoadSet      driverlib.lib(timer.o)
    0x00006614   0x00000078   Code   RO         2127    i.UART1_Handler     serial_transport_tm4c123gh6pm.o
    0x0000668c   0x00000028   Code   RO         3376    i.__0sprintf$1      mc_w.l(printf1.o)
    0x000066b4   0x0000000e   Code   RO         3664    i.__scatterload_copy  mc_w.l(handlers.o)
    0x000066c2   0x00000002   Code   RO         3665    i.__scatterload_null  mc_w.l(handlers.o)
    0x000066c4   0x0000000e   Code   RO         3666    i.__scatterload_zeroinit  mc_w.l(handlers.o)
    0x000066d2   0x00000002   PAD
    0x000066d4   0x00000154   Code   RO         3381    i._printf_core      mc_w.l(printf1.o)
    0x00006828   0x0000000a   Code   RO         3383    i._sputc            mc_w.l(printf1.o)
    0x00006832   0x00000002   PAD
    0x00006834   0x0000009c   Code   RO          134    i.autoDetectAntennaList  serial_reader.o
    0x000068d0   0x0000007e   Code   RO          135    i.compareAntennas   serial_reader.o
    0x0000694e   0x0000003a   Code   RO          136    i.compareVersion    serial_reader.o
    0x00006988   0x000000a4   Code   RO          539    i.extractGen2MemoryBankValues  serial_reader_l3.o
    0x00006a2c   0x000001e8   Code   RO          540    i.filterbytes       serial_reader_l3.o
    0x00006c14   0x00000084   Code   RO          137    i.getPortValues     serial_reader.o
    0x00006c98   0x00000078   Code   RO          138    i.getSerialNumber   serial_reader.o
    0x00006d10   0x00000184   Code   RO          139    i.initTxRxMapFromPorts  serial_reader.o
    0x00006e94   0x00000092   Code   RO          545    i.isContinuousReadParamSupported  serial_reader_l3.o
    0x00006f26   0x00000002   PAD
    0x00006f28   0x000003c0   Code   RO         1964    i.main              read.o
    0x000072e8   0x00000038   Code   RO          140    i.prepEmbReadTagMultiple  serial_reader.o
    0x00007320   0x0000000c   Code   RO          141    i.prepForSearch     serial_reader.o
    0x0000732c   0x00000004   Code   RO         2128    i.s_flush           serial_transport_tm4c123gh6pm.o
    0x00007330   0x000000dc   Code   RO         2129    i.s_open            serial_transport_tm4c123gh6pm.o
    0x0000740c   0x00000034   Code   RO         2130    i.s_receiveBytes    serial_transport_tm4c123gh6pm.o
    0x00007440   0x00000024   Code   RO         2131    i.s_sendBytes       serial_transport_tm4c123gh6pm.o
    0x00007464   0x0000003c   Code   RO         2132    i.s_setBaudRate     serial_transport_tm4c123gh6pm.o
    0x000074a0   0x00000014   Code   RO         2133    i.s_shutdown        serial_transport_tm4c123gh6pm.o
    0x000074b4   0x0000006a   Code   RO          142    i.setAntennaList    serial_reader.o
    0x0000751e   0x00000002   PAD
    0x00007520   0x000000b4   Code   RO          143    i.setPortValues     serial_reader.o
    0x000075d4   0x0000006a   Code   RO          144    i.setProtocol       serial_reader.o
    0x0000763e   0x00000002   PAD
    0x00007640   0x0000003c   Code   RO          546    i.tm_crc            serial_reader_l3.o
    0x0000767c   0x00000026   Code   RO         1878    i.tm_gettime_consistent  tmr_utils.o
    0x000076a2   0x00000002   PAD
    0x000076a4   0x00000018   Code   RO         1879    i.tm_memcpy         tmr_utils.o
    0x000076bc   0x00000012   Code   RO         1882    i.tm_strcpy         tmr_utils.o
    0x000076ce   0x0000000e   Code   RO         1883    i.tm_time_subtract  tmr_utils.o
    0x000076dc   0x00000010   Code   RO         1884    i.tm_u8s_per_bits   tmr_utils.o
    0x000076ec   0x00000028   Code   RO         2047    i.tmr_gettime       osdep_tm4c123gh5pm.o
    0x00007714   0x0000000a   Code   RO         2048    i.tmr_gettime_high  osdep_tm4c123gh5pm.o
    0x0000771e   0x00000008   Code   RO         2049    i.tmr_gettime_low   osdep_tm4c123gh5pm.o
    0x00007726   0x00000002   PAD
    0x00007728   0x000000b0   Code   RO         1577    i.validateReadPlan  tm_reader.o
    0x000077d8   0x00000088   Code   RO          145    i.verifySearchStatus  serial_reader.o
    0x00007860   0x0000002c   Data   RO          146    .constdata          serial_reader.o
    0x0000788c   0x00000008   Data   RO         1966    .constdata          read.o
    0x00007894   0x0000010c   Data   RO         2599    .constdata          driverlib.lib(interrupt.o)
    0x000079a0   0x00000254   Data   RO         2754    .constdata          driverlib.lib(sysctl.o)
    0x00007bf4   0x00000020   Data   RO         3662    Region$$Table       anon$$obj.o


    Execution Region RW_IRAM1 (Base: 0x20000000, Size: 0x00004520, Max: 0x00008000, ABSOLUTE)

    Base Addr    Size         Type   Attr      Idx    E Section Name        Object

    0x20000000   0x00000011   Data   RW            5    .data               hex_bytes.o
    0x20000011   0x00000002   Data   RW          147    .data               serial_reader.o
    0x20000013   0x00000001   PAD
    0x20000014   0x00000022   Data   RW          547    .data               serial_reader_l3.o
    0x20000036   0x00000002   PAD
    0x20000038   0x0000000c   Data   RW         1579    .data               tm_reader.o
    0x20000044   0x0000003c   Data   RW         1967    .data               read.o
    0x20000080   0x00000004   Data   RW         2052    .data               osdep_tm4c123gh5pm.o
    0x20000084   0x00000004   Data   RW         2135    .data               serial_transport_tm4c123gh6pm.o
    0x20000088   0x00000004   Data   RW         2209    .data               system_tm4c123.o
    0x2000008c   0x00000004   Data   RW         3320    .data               mc_w.l(strtok.o)
    0x20000090   0x00000230   Zero   RW         1578    .bss                tm_reader.o
    0x200002c0   0x00000050   Zero   RW         1965    .bss                read.o
    0x20000310   0x00000210   Zero   RW         2134    .bss                serial_transport_tm4c123gh6pm.o
    0x20000520   0x00004000   Zero   RW         2196    STACK               startup_tm4c123.o


==============================================================================

Image component sizes


      Code (inc. data)   RO Data    RW Data    ZI Data      Debug   Object Name

        56          4          0         17          0      63072   hex_bytes.o
       118         20          0          4          0      55419   osdep_tm4c123gh5pm.o
      1036         96          8         60         80       5835   read.o
     11152        538         44          2          0      49234   serial_reader.o
     13354        228          0         34          0      94920   serial_reader_l3.o
       668        110          0          4        528      37097   serial_transport_tm4c123gh6pm.o
       252         10        620          0      16384       5456   startup_tm4c123.o
       132         42          0          4          0        887   system_tm4c123.o
      1158         76          0         12        560      12415   tm_reader.o
       236          0          0          0          0       5824   tmr_utils.o

    ----------------------------------------------------------------------
     28200       1124        704        140      17552     330159   Object Totals
         0          0         32          0          0          0   (incl. Generated)
        38          0          0          3          0          0   (incl. Padding)

    ----------------------------------------------------------------------

      Code (inc. data)   RO Data    RW Data    ZI Data      Debug   Library Member Name

        38          0          0          0          0        572   cpu.o
       532          0          0          0          0       9405   gpio.o
       114          8        268          0          0       2042   interrupt.o
       380         40        596          0          0       3150   sysctl.o
       140          8          0          0          0       2591   timer.o
         0          0          0          0          0          0   entry.o
         0          0          0          0          0          0   entry10a.o
         0          0          0          0          0          0   entry11a.o
         8          4          0          0          0          0   entry2.o
         4          0          0          0          0          0   entry5.o
         0          0          0          0          0          0   entry7b.o
         0          0          0          0          0          0   entry8b.o
         8          4          0          0          0          0   entry9a.o
        30          0          0          0          0          0   handlers.o
        36          8          0          0          0         68   init.o
        64          0          0          0          0         76   memmovea.o
        36          0          0          0          0        108   memseta.o
       390         10          0          0          0        252   printf1.o
        28          0          0          0          0         76   strcmp.o
        14          0          0          0          0         68   strlen.o
        30          0          0          0          0         80   strncmp.o
        24          0          0          0          0         76   strncpy.o
        68          6          0          4          0         80   strtok.o
        44          0          0          0          0         80   uidiv.o

    ----------------------------------------------------------------------
      1996         88        864          4          0      18724   Library Totals
         8          0          0          0          0          0   (incl. Padding)

    ----------------------------------------------------------------------

      Code (inc. data)   RO Data    RW Data    ZI Data      Debug   Library Name

      1204         56        864          0          0      17760   driverlib.lib
       784         32          0          4          0        964   mc_w.l

    ----------------------------------------------------------------------
      1996         88        864          4          0      18724   Library Totals

    ----------------------------------------------------------------------

==============================================================================


      Code (inc. data)   RO Data    RW Data    ZI Data      Debug   

     30196       1212       1568        144      17552     331071   Grand Totals
     30196       1212       1568        144      17552     331071   ELF Image Totals
     30196       1212       1568        144          0          0   ROM Totals

==============================================================================

    Total RO  Size (Code + RO Data)                31764 (  31.02kB)
    Total RW  Size (RW Data + ZI Data)             17696 (  17.28kB)
    Total ROM Size (Code + RO Data + RW Data)      31908 (  31.16kB)

==============================================================================

