Component: ARM Compiler 5.06 update 3 (build 300) Tool: armlink [4d35c9]

==============================================================================

Section Cross References

    hex_bytes.o(i.TMR_bytesToHex) refers to hex_bytes.o(.data) for .data
    hex_bytes.o(i.TMR_hexDottedQuad) refers to hex_bytes.o(.data) for .data
    hex_bytes.o(i.TMR_hexDottedQuadToUint32) refers to hex_bytes.o(i.TMR_hexToBytes) for TMR_hexToBytes
    serial_reader.o(i.TMR_SR_SerialReader_init) refers to memmovea.o(.text) for __aeabi_memcpy4
    serial_reader.o(i.TMR_SR_SerialReader_init) refers to tm_reader.o(i.TMR_paramSet) for TMR_paramSet
    serial_reader.o(i.TMR_SR_SerialReader_init) refers to tm_reader.o(i.TMR_reader_init_internal) for TMR_reader_init_internal
    serial_reader.o(i.TMR_SR_SerialReader_init) refers to serial_reader_l3.o(i.TMR_SR_cmdStopReading) for TMR_SR_cmdStopReading
    serial_reader.o(i.TMR_SR_SerialReader_init) refers to serial_reader.o(i.TMR_SR_paramSet) for TMR_SR_paramSet
    serial_reader.o(i.TMR_SR_SerialReader_init) refers to serial_reader.o(i.TMR_SR_paramGet) for TMR_SR_paramGet
    serial_reader.o(i.TMR_SR_SerialReader_init) refers to serial_reader.o(.constdata) for .constdata
    serial_reader.o(i.TMR_SR_addTagOp) refers to serial_reader.o(i.prepEmbReadTagMultiple) for prepEmbReadTagMultiple
    serial_reader.o(i.TMR_SR_addTagOp) refers to serial_reader_l3.o(i.TMR_SR_msgAddGEN2WriteTagEPC) for TMR_SR_msgAddGEN2WriteTagEPC
    serial_reader.o(i.TMR_SR_addTagOp) refers to serial_reader_l3.o(i.TMR_SR_msgAddGEN2DataRead) for TMR_SR_msgAddGEN2DataRead
    serial_reader.o(i.TMR_SR_addTagOp) refers to serial_reader_l3.o(i.TMR_SR_msgAddGEN2DataWrite) for TMR_SR_msgAddGEN2DataWrite
    serial_reader.o(i.TMR_SR_addTagOp) refers to serial_reader_l3.o(i.TMR_SR_msgAddGEN2LockTag) for TMR_SR_msgAddGEN2LockTag
    serial_reader.o(i.TMR_SR_addTagOp) refers to serial_reader_l3.o(i.TMR_SR_msgAddGEN2KillTag) for TMR_SR_msgAddGEN2KillTag
    serial_reader.o(i.TMR_SR_addTagOp) refers to serial_reader_l3.o(i.TMR_SR_msgAddGEN2BlockWrite) for TMR_SR_msgAddGEN2BlockWrite
    serial_reader.o(i.TMR_SR_addTagOp) refers to serial_reader_l3.o(i.TMR_SR_msgAddGEN2BlockPermaLock) for TMR_SR_msgAddGEN2BlockPermaLock
    serial_reader.o(i.TMR_SR_addTagOp) refers to serial_reader_l3.o(i.TMR_SR_msgAddGEN2BlockErase) for TMR_SR_msgAddGEN2BlockErase
    serial_reader.o(i.TMR_SR_addTagOp) refers to serial_reader.o(.data) for .data
    serial_reader.o(i.TMR_SR_boot) refers to serial_reader_l3.o(i.TMR_SR_cmdGetCurrentProgram) for TMR_SR_cmdGetCurrentProgram
    serial_reader.o(i.TMR_SR_boot) refers to serial_reader_l3.o(i.TMR_SR_cmdBootFirmware) for TMR_SR_cmdBootFirmware
    serial_reader.o(i.TMR_SR_boot) refers to tm_reader.o(i.TMR_paramGet) for TMR_paramGet
    serial_reader.o(i.TMR_SR_boot) refers to serial_reader_l3.o(i.TMR_SR_cmdGetReaderConfiguration) for TMR_SR_cmdGetReaderConfiguration
    serial_reader.o(i.TMR_SR_boot) refers to serial_reader_l3.o(i.TMR_SR_cmdSetReaderConfiguration) for TMR_SR_cmdSetReaderConfiguration
    serial_reader.o(i.TMR_SR_boot) refers to serial_reader_l3.o(i.TMR_SR_cmdSetBaudRate) for TMR_SR_cmdSetBaudRate
    serial_reader.o(i.TMR_SR_boot) refers to serial_reader.o(i.compareVersion) for compareVersion
    serial_reader.o(i.TMR_SR_boot) refers to serial_reader_l3.o(i.TMR_SR_cmdSetRegion) for TMR_SR_cmdSetRegion
    serial_reader.o(i.TMR_SR_boot) refers to serial_reader_l3.o(i.TMR_SR_cmdGetCurrentProtocol) for TMR_SR_cmdGetCurrentProtocol
    serial_reader.o(i.TMR_SR_boot) refers to serial_reader_l3.o(i.TMR_SR_cmdGetAvailableProtocols) for TMR_SR_cmdGetAvailableProtocols
    serial_reader.o(i.TMR_SR_boot) refers to serial_reader.o(i.initTxRxMapFromPorts) for initTxRxMapFromPorts
    serial_reader.o(i.TMR_SR_boot) refers to serial_reader_l3.o(i.TMR_SR_cmdSetProtocol) for TMR_SR_cmdSetProtocol
    serial_reader.o(i.TMR_SR_cmdProbeBaudRate) refers to serial_reader_l3.o(i.TMR_SR_cmdVersion) for TMR_SR_cmdVersion
    serial_reader.o(i.TMR_SR_cmdProbeBaudRate) refers to serial_reader.o(i.verifySearchStatus) for verifySearchStatus
    serial_reader.o(i.TMR_SR_connect) refers to serial_reader.o(i.TMR_SR_cmdProbeBaudRate) for TMR_SR_cmdProbeBaudRate
    serial_reader.o(i.TMR_SR_connect) refers to serial_reader.o(i.TMR_SR_boot) for TMR_SR_boot
    serial_reader.o(i.TMR_SR_connect) refers to serial_reader.o(i.verifySearchStatus) for verifySearchStatus
    serial_reader.o(i.TMR_SR_destroy) refers to serial_reader_l3.o(i.TMR_SR_cmdSetReaderConfiguration) for TMR_SR_cmdSetReaderConfiguration
    serial_reader.o(i.TMR_SR_executeTagOp) refers to serial_reader.o(i.setProtocol) for setProtocol
    serial_reader.o(i.TMR_SR_executeTagOp) refers to serial_reader_l3.o(i.TMR_SR_cmdGEN2LockTag) for TMR_SR_cmdGEN2LockTag
    serial_reader.o(i.TMR_SR_executeTagOp) refers to serial_reader_l3.o(i.TMR_SR_cmdWriteGen2TagEpc) for TMR_SR_cmdWriteGen2TagEpc
[...]
    ../clib/microlib/string/memcmp.c         0x00000000   Number         0  memcmp.o ABSOLUTE
    ../clib/microlib/string/memcpy.c         0x00000000   Number         0  memmoveb.o ABSOLUTE
    ../clib/microlib/string/memcpy.c         0x00000000   Number         0  memmovea.o ABSOLUTE
    ../clib/microlib/string/memcpy.c         0x00000000   Number         0  memcpya.o ABSOLUTE
    ../clib/microlib/string/memcpy.c         0x00000000   Number         0  memcpyb.o ABSOLUTE
    ../clib/microlib/string/memset.c         0x00000000   Number         0  memseta.o ABSOLUTE
    ../clib/microlib/string/strcmp.c         0x00000000   Number         0  strcmp.o ABSOLUTE
    ../clib/microlib/string/strlen.c         0x00000000   Number         0  strlen.o ABSOLUTE
    ../clib/microlib/string/strncmp.c        0x00000000   Number         0  strncmp.o ABSOLUTE
    ../clib/microlib/string/strncpy.c        0x00000000   Number         0  strncpy.o ABSOLUTE
    ../clib/microlib/string/strtok.c         0x00000000   Number         0  strtok.o ABSOLUTE
    ../clib/microlib/string/strtok.c         0x00000000   Number         0  strtok_r.o ABSOLUTE
    ../clib/microlib/stubs.s                 0x00000000   Number         0  iusesemip.o ABSOLUTE
    ../clib/microlib/stubs.s                 0x00000000   Number         0  iusefp.o ABSOLUTE
    ../fplib/microlib/fpadd.c                0x00000000   Number         0  dadd.o ABSOLUTE
    ../fplib/microlib/fpdiv.c                0x00000000   Number         0  ddiv.o ABSOLUTE
    ../fplib/microlib/fpepilogue.c           0x00000000   Number         0  depilogue.o ABSOLUTE
    ../fplib/microlib/fpfix.c                0x00000000   Number         0  dfixul.o ABSOLUTE
    ../fplib/microlib/fpmul.c                0x00000000   Number         0  dmul.o ABSOLUTE
    ..\..\src\api\hex_bytes.c                0x00000000   Number         0  hex_bytes.o ABSOLUTE
    ..\..\src\api\osdep_tm4c123gh5pm.c       0x00000000   Number         0  osdep_tm4c123gh5pm.o ABSOLUTE
    ..\..\src\api\serial_reader.c            0x00000000   Number         0  serial_reader.o ABSOLUTE
    ..\..\src\api\serial_reader_l3.c         0x00000000   Number         0  serial_reader_l3.o ABSOLUTE
    ..\..\src\api\serial_transport_tm4c123gh6pm.c 0x00000000   Number         0  serial_transport_tm4c123gh6pm.o ABSOLUTE
    ..\..\src\api\tm_reader.c                0x00000000   Number         0  tm_reader.o ABSOLUTE
    ..\..\src\api\tmr_param.c                0x00000000   Number         0  tmr_param.o ABSOLUTE
    ..\..\src\api\tmr_strerror.c             0x00000000   Number         0  tmr_strerror.o ABSOLUTE
    ..\..\src\api\tmr_utils.c                0x00000000   Number         0  tmr_utils.o ABSOLUTE
    ..\..\src\samples\read.c                 0x00000000   Number         0  read.o ABSOLUTE
    ..\\..\\src\\api\\osdep_tm4c123gh5pm.c   0x00000000   Number         0  osdep_tm4c123gh5pm.o ABSOLUTE
    ..\\..\\src\\api\\serial_transport_tm4c123gh6pm.c 0x00000000   Number         0  serial_transport_tm4c123gh6pm.o ABSOLUTE
    RTE\Device\TM4C123GH6PM\startup_TM4C123.s 0x00000000   Number         0  startup_tm4c123.o ABSOLUTE
    RTE\Device\TM4C123GH6PM\system_TM4C123.c 0x00000000   Number         0  system_tm4c123.o ABSOLUTE
    RTE\\Device\\TM4C123GH6PM\\system_TM4C123.c 0x00000000   Number         0  system_tm4c123.o ABSOLUTE
    cdrcmple.s                               0x00000000   Number         0  cdrcmple.o ABSOLUTE
    dc.s                                     0x00000000   Number         0  dc.o ABSOLUTE
    handlers.s                               0x00000000   Number         0  handlers.o ABSOLUTE
    init.s                                   0x00000000   Number         0  init.o ABSOLUTE
    .ARM.Collect$$$$00000000                 0x0000026c   Section        0  entry.o(.ARM.Collect$$$$00000000)
    .ARM.Collect$$$$00000001                 0x0000026c   Section        4  entry2.o(.ARM.Collect$$$$00000001)
    .ARM.Collect$$$$00000004                 0x00000270   Section        4  entry5.o(.ARM.Collect$$$$00000004)
    .ARM.Collect$$$$00000008                 0x00000274   Section        0  entry7b.o(.ARM.Collect$$$$00000008)
    .ARM.Collect$$$$0000000A                 0x00000274   Section        0  entry8b.o(.ARM.Collect$$$$0000000A)
    .ARM.Collect$$$$0000000B                 0x00000274   Section        8  entry9a.o(.ARM.Collect$$$$0000000B)
    .ARM.Collect$$$$0000000D                 0x0000027c   Section        0  entry10a.o(.ARM.Collect$$$$0000000D)
    .ARM.Collect$$$$0000000F                 0x0000027c   Section        0  entry11a.o(.ARM.Collect$$$$0000000F)
    .ARM.Collect$$$$00002712                 0x0000027c   Section        4  entry2.o(.ARM.Collect$$$$00002712)
    __lit__00000000                          0x0000027c   Data           4  entry2.o(.ARM.Collect$$$$00002712)
    .text                                    0x00000280   Section      252  startup_tm4c123.o(.text)
    $v0                                      0x00000280   Number         0  startup_tm4c123.o(.text)
    .text                                    0x0000037c   Section        0  memmovea.o(.text)
    .text                                    0x000003bc   Section        0  memseta.o(.text)
    .text                                    0x000003e0   Section        0  strncpy.o(.text)
    .text                                    0x000003f8   Section        0  strlen.o(.text)
    .text                                    0x00000406   Section        0  strcmp.o(.text)
    .text                                    0x00000422   Section        0  strncmp.o(.text)
    .text                                    0x00000440   Section        0  strtok.o(.text)
    .text                                    0x00000484   Section        0  uidiv.o(.text)
    .text                                    0x000004b0   Section       36  init.o(.text)
    i.HardFault_Handler                      0x000004d4   Section        0  read.o(i.HardFault_Handler)
    i.SendChar                               0x000004e4   Section        0  serial_transport_tm4c123gh6pm.o(i.SendChar)
    i.SysTick_Config                         0x00000548   Section        0  osdep_tm4c123gh5pm.o(i.SysTick_Config)
    SysTick_Config                           0x00000549   Thumb Code    38  osdep_tm4c123gh5pm.o(i.SysTick_Config)
    i.SysTick_Handler                        0x00000574   Section        0  osdep_tm4c123gh5pm.o(i.SysTick_Handler)
    i.SystemInit                             0x00000584   Section        0  system_tm4c123.o(i.SystemInit)
    i.TMR_RP_init_simple                     0x00000608   Section        0  tm_reader.o(i.TMR_RP_init_simple)
    i.TMR_SR_SerialReader_init               0x0000063c   Section        0  serial_reader.o(i.TMR_SR_SerialReader_init)
    i.TMR_SR_SerialTransportNativeInit       0x00000738   Section        0  serial_transport_tm4c123gh6pm.o(i.TMR_SR_SerialTransportNativeInit)
    i.TMR_SR_addTagOp                        0x00000770   Section        0  serial_reader.o(i.TMR_SR_addTagOp)
    i.TMR_SR_boot                            0x00000a5c   Section        0  serial_reader.o(i.TMR_SR_boot)
    TMR_SR_boot                              0x00000a5d   Thumb Code   778  serial_reader.o(i.TMR_SR_boot)
    i.TMR_SR_cmdAntennaDetect                0x00000d6c   Section        0  serial_reader_l3.o(i.TMR_SR_cmdAntennaDetect)
    i.TMR_SR_cmdAuthReqResponse              0x00000dcc   Section        0  serial_reader_l3.o(i.TMR_SR_cmdAuthReqResponse)
    i.TMR_SR_cmdBlockErase                   0x00000e34   Section        0  serial_reader_l3.o(i.TMR_SR_cmdBlockErase)
    i.TMR_SR_cmdBlockPermaLock               0x00000e74   Section        0  serial_reader_l3.o(i.TMR_SR_cmdBlockPermaLock)
    i.TMR_SR_cmdBlockWrite                   0x00000f90   Section        0  serial_reader_l3.o(i.TMR_SR_cmdBlockWrite)
    i.TMR_SR_cmdBootFirmware                 0x0000107e   Section        0  serial_reader_l3.o(i.TMR_SR_cmdBootFirmware)
    i.TMR_SR_cmdClearTagBuffer               0x00001118   Section        0  serial_reader_l3.o(i.TMR_SR_cmdClearTagBuffer)
    i.TMR_SR_cmdGEN2LockTag                  0x00001136   Section        0  serial_reader_l3.o(i.TMR_SR_cmdGEN2LockTag)
    i.TMR_SR_cmdGEN2ReadAfterWriteTagData    0x0000118c   Section        0  serial_reader_l3.o(i.TMR_SR_cmdGEN2ReadAfterWriteTagData)
    i.TMR_SR_cmdGEN2ReadTagData              0x00001280   Section        0  serial_reader_l3.o(i.TMR_SR_cmdGEN2ReadTagData)
    i.TMR_SR_cmdGEN2WriteTagData             0x00001380   Section        0  serial_reader_l3.o(i.TMR_SR_cmdGEN2WriteTagData)
    i.TMR_SR_cmdGetAntennaPortPowersAndSettlingTime 0x00001404   Section        0  serial_reader_l3.o(i.TMR_SR_cmdGetAntennaPortPowersAndSettlingTime)
    i.TMR_SR_cmdGetAntennaReturnLoss         0x0000146a   Section        0  serial_reader_l3.o(i.TMR_SR_cmdGetAntennaReturnLoss)
    i.TMR_SR_cmdGetAvailableProtocols        0x000014d8   Section        0  serial_reader_l3.o(i.TMR_SR_cmdGetAvailableProtocols)
    i.TMR_SR_cmdGetAvailableRegions          0x00001558   Section        0  serial_reader_l3.o(i.TMR_SR_cmdGetAvailableRegions)
    i.TMR_SR_cmdGetCurrentProgram            0x000015a6   Section        0  serial_reader_l3.o(i.TMR_SR_cmdGetCurrentProgram)
    i.TMR_SR_cmdGetCurrentProtocol           0x000015c8   Section        0  serial_reader_l3.o(i.TMR_SR_cmdGetCurrentProtocol)
    i.TMR_SR_cmdGetFrequencyHopTable         0x000015f2   Section        0  serial_reader_l3.o(i.TMR_SR_cmdGetFrequencyHopTable)
    i.TMR_SR_cmdGetFrequencyHopTime          0x0000164a   Section        0  serial_reader_l3.o(i.TMR_SR_cmdGetFrequencyHopTime)
    i.TMR_SR_cmdGetGPIO                      0x00001682   Section        0  serial_reader_l3.o(i.TMR_SR_cmdGetGPIO)
    i.TMR_SR_cmdGetGPIODirection             0x00001714   Section        0  serial_reader_l3.o(i.TMR_SR_cmdGetGPIODirection)
    i.TMR_SR_cmdGetHardwareVersion           0x00001746   Section        0  serial_reader_l3.o(i.TMR_SR_cmdGetHardwareVersion)
    i.TMR_SR_cmdGetMinimumFrequency          0x00001794   Section        0  serial_reader_l3.o(i.TMR_SR_cmdGetMinimumFrequency)
    i.TMR_SR_cmdGetPowerMode                 0x000017ce   Section        0  serial_reader_l3.o(i.TMR_SR_cmdGetPowerMode)
    i.TMR_SR_cmdGetProtocolConfiguration     0x000017f8   Section        0  serial_reader_l3.o(i.TMR_SR_cmdGetProtocolConfiguration)
    i.TMR_SR_cmdGetQuantizationStep          0x000018f8   Section        0  serial_reader_l3.o(i.TMR_SR_cmdGetQuantizationStep)
    i.TMR_SR_cmdGetReadTxPower               0x00001932   Section        0  serial_reader_l3.o(i.TMR_SR_cmdGetReadTxPower)
    i.TMR_SR_cmdGetReadTxPowerWithLimits     0x00001962   Section        0  serial_reader_l3.o(i.TMR_SR_cmdGetReadTxPowerWithLimits)
    i.TMR_SR_cmdGetReaderConfiguration       0x000019a0   Section        0  serial_reader_l3.o(i.TMR_SR_cmdGetReaderConfiguration)
    i.TMR_SR_cmdGetReaderStatistics          0x00001a54   Section        0  serial_reader_l3.o(i.TMR_SR_cmdGetReaderStatistics)
    i.TMR_SR_cmdGetReaderStats               0x00001b58   Section        0  serial_reader_l3.o(i.TMR_SR_cmdGetReaderStats)
    i.TMR_SR_cmdGetReaderWriteTimeOut        0x00001c9a   Section        0  serial_reader_l3.o(i.TMR_SR_cmdGetReaderWriteTimeOut)
    i.TMR_SR_cmdGetRegion                    0x00001cd8   Section        0  serial_reader_l3.o(i.TMR_SR_cmdGetRegion)
    i.TMR_SR_cmdGetRegionConfiguration       0x00001d00   Section        0  serial_reader_l3.o(i.TMR_SR_cmdGetRegionConfiguration)
    i.TMR_SR_cmdGetTagsRemaining             0x00001d48   Section        0  serial_reader_l3.o(i.TMR_SR_cmdGetTagsRemaining)
    i.TMR_SR_cmdGetTemperature               0x00001d7a   Section        0  serial_reader_l3.o(i.TMR_SR_cmdGetTemperature)
    i.TMR_SR_cmdGetUserMode                  0x00001da2   Section        0  serial_reader_l3.o(i.TMR_SR_cmdGetUserMode)
    i.TMR_SR_cmdGetWriteTxPower              0x00001dca   Section        0  serial_reader_l3.o(i.TMR_SR_cmdGetWriteTxPower)
    i.TMR_SR_cmdKillTag                      0x00001dfa   Section        0  serial_reader_l3.o(i.TMR_SR_cmdKillTag)
    i.TMR_SR_cmdMultipleProtocolSearch       0x00001e48   Section        0  serial_reader_l3.o(i.TMR_SR_cmdMultipleProtocolSearch)
    i.TMR_SR_cmdProbeBaudRate                0x00001f30   Section        0  serial_reader.o(i.TMR_SR_cmdProbeBaudRate)
    i.TMR_SR_cmdReadAfterWriteGen2TagEpc     0x00001fd4   Section        0  serial_reader_l3.o(i.TMR_SR_cmdReadAfterWriteGen2TagEpc)
    i.TMR_SR_cmdReadTagMultiple              0x000020d0   Section        0  serial_reader_l3.o(i.TMR_SR_cmdReadTagMultiple)
    i.TMR_SR_cmdResetReaderStatistics        0x00002180   Section        0  serial_reader_l3.o(i.TMR_SR_cmdResetReaderStatistics)
    i.TMR_SR_cmdResetReaderStats             0x000021a8   Section        0  serial_reader_l3.o(i.TMR_SR_cmdResetReaderStats)
    i.TMR_SR_cmdSetAntennaPortPowersAndSettlingTime 0x000021f8   Section        0  serial_reader_l3.o(i.TMR_SR_cmdSetAntennaPortPowersAndSettlingTime)
    i.TMR_SR_cmdSetAntennaSearchList         0x00002272   Section        0  serial_reader_l3.o(i.TMR_SR_cmdSetAntennaSearchList)
    i.TMR_SR_cmdSetBaudRate                  0x000022bc   Section        0  serial_reader_l3.o(i.TMR_SR_cmdSetBaudRate)
    i.TMR_SR_cmdSetFrequencyHopTable         0x000022f0   Section        0  serial_reader_l3.o(i.TMR_SR_cmdSetFrequencyHopTable)
    i.TMR_SR_cmdSetFrequencyHopTime          0x0000234c   Section        0  serial_reader_l3.o(i.TMR_SR_cmdSetFrequencyHopTime)
    i.TMR_SR_cmdSetGPIODirection             0x00002386   Section        0  serial_reader_l3.o(i.TMR_SR_cmdSetGPIODirection)
    i.TMR_SR_cmdSetMinimumFrequency          0x000023b4   Section        0  serial_reader_l3.o(i.TMR_SR_cmdSetMinimumFrequency)
    i.TMR_SR_cmdSetPowerMode                 0x000023ee   Section        0  serial_reader_l3.o(i.TMR_SR_cmdSetPowerMode)
    i.TMR_SR_cmdSetProtocol                  0x00002410   Section        0  serial_reader_l3.o(i.TMR_SR_cmdSetProtocol)
    i.TMR_SR_cmdSetProtocolConfiguration     0x00002438   Section        0  serial_reader_l3.o(i.TMR_SR_cmdSetProtocolConfiguration)
    i.TMR_SR_cmdSetProtocolLicenseKey        0x00002584   Section        0  serial_reader_l3.o(i.TMR_SR_cmdSetProtocolLicenseKey)
    i.TMR_SR_cmdSetQuantizationStep          0x000025f6   Section        0  serial_reader_l3.o(i.TMR_SR_cmdSetQuantizationStep)
    i.TMR_SR_cmdSetReadTxPower               0x00002630   Section        0  serial_reader_l3.o(i.TMR_SR_cmdSetReadTxPower)
    i.TMR_SR_cmdSetReaderConfiguration       0x0000266c   Section        0  serial_reader_l3.o(i.TMR_SR_cmdSetReaderConfiguration)
    i.TMR_SR_cmdSetReaderWriteTimeOut        0x0000271c   Section        0  serial_reader_l3.o(i.TMR_SR_cmdSetReaderWriteTimeOut)
    i.TMR_SR_cmdSetRegion                    0x00002756   Section        0  serial_reader_l3.o(i.TMR_SR_cmdSetRegion)
    i.TMR_SR_cmdSetRegionLbt                 0x00002778   Section        0  serial_reader_l3.o(i.TMR_SR_cmdSetRegionLbt)
    i.TMR_SR_cmdSetTxRxPorts                 0x0000279e   Section        0  serial_reader_l3.o(i.TMR_SR_cmdSetTxRxPorts)
    i.TMR_SR_cmdSetUserMode                  0x000027c4   Section        0  serial_reader_l3.o(i.TMR_SR_cmdSetUserMode)
    i.TMR_SR_cmdSetUserProfile               0x000027e8   Section        0  serial_reader_l3.o(i.TMR_SR_cmdSetUserProfile)
    i.TMR_SR_cmdSetWriteTxPower              0x000029fc   Section        0  serial_reader_l3.o(i.TMR_SR_cmdSetWriteTxPower)
    i.TMR_SR_cmdStopReading                  0x00002a38   Section        0  serial_reader_l3.o(i.TMR_SR_cmdStopReading)
    i.TMR_SR_cmdVersion                      0x00002a70   Section        0  serial_reader_l3.o(i.TMR_SR_cmdVersion)
    i.TMR_SR_cmdWriteGen2TagEpc              0x00002b1c   Section        0  serial_reader_l3.o(i.TMR_SR_cmdWriteGen2TagEpc)
    i.TMR_SR_connect                         0x00002bb4   Section        0  serial_reader.o(i.TMR_SR_connect)
    i.TMR_SR_destroy                         0x00002c06   Section        0  serial_reader.o(i.TMR_SR_destroy)
    i.TMR_SR_executeEmbeddedRead             0x00002c38   Section        0  serial_reader_l3.o(i.TMR_SR_executeEmbeddedRead)
    i.TMR_SR_executeTagOp                    0x00002d0c   Section        0  serial_reader.o(i.TMR_SR_executeTagOp)
    i.TMR_SR_getNextTag                      0x00002fe4   Section        0  serial_reader.o(i.TMR_SR_getNextTag)
    i.TMR_SR_hasMoreTags                     0x0000313c   Section        0  serial_reader.o(i.TMR_SR_hasMoreTags)
    i.TMR_SR_msgAddGEN2BlockErase            0x0000330c   Section        0  serial_reader_l3.o(i.TMR_SR_msgAddGEN2BlockErase)
    i.TMR_SR_msgAddGEN2BlockPermaLock        0x000033be   Section        0  serial_reader_l3.o(i.TMR_SR_msgAddGEN2BlockPermaLock)
    i.TMR_SR_msgAddGEN2BlockWrite            0x000034a2   Section        0  serial_reader_l3.o(i.TMR_SR_msgAddGEN2BlockWrite)
    i.TMR_SR_msgAddGEN2DataRead              0x0000359e   Section        0  serial_reader_l3.o(i.TMR_SR_msgAddGEN2DataRead)
    i.TMR_SR_msgAddGEN2DataWrite             0x0000362a   Section        0  serial_reader_l3.o(i.TMR_SR_msgAddGEN2DataWrite)
    i.TMR_SR_msgAddGEN2KillTag               0x0000369a   Section        0  serial_reader_l3.o(i.TMR_SR_msgAddGEN2KillTag)
    i.TMR_SR_msgAddGEN2LockTag               0x000036f2   Section        0  serial_reader_l3.o(i.TMR_SR_msgAddGEN2LockTag)
    i.TMR_SR_msgAddGEN2WriteTagEPC           0x00003772   Section        0  serial_reader_l3.o(i.TMR_SR_msgAddGEN2WriteTagEPC)
    i.TMR_SR_msgSetupMultipleProtocolSearch  0x000037c0   Section        0  serial_reader_l3.o(i.TMR_SR_msgSetupMultipleProtocolSearch)
    i.TMR_SR_msgSetupReadTagMultiple         0x00003a3c   Section        0  serial_reader_l3.o(i.TMR_SR_msgSetupReadTagMultiple)
    i.TMR_SR_msgSetupReadTagMultipleWithMetadata 0x00003a60   Section        0  serial_reader_l3.o(i.TMR_SR_msgSetupReadTagMultipleWithMetadata)
    i.TMR_SR_msgSetupReadTagSingle           0x00003c48   Section        0  serial_reader_l3.o(i.TMR_SR_msgSetupReadTagSingle)
    i.TMR_SR_paramGet                        0x00003cb8   Section        0  serial_reader.o(i.TMR_SR_paramGet)
    TMR_SR_paramGet                          0x00003cb9   Thumb Code  2172  serial_reader.o(i.TMR_SR_paramGet)
    i.TMR_SR_paramSet                        0x000045f4   Section        0  serial_reader.o(i.TMR_SR_paramSet)
    TMR_SR_paramSet                          0x000045f5   Thumb Code  2056  serial_reader.o(i.TMR_SR_paramSet)
    i.TMR_SR_parseMetadataFromMessage        0x00004e00   Section        0  serial_reader_l3.o(i.TMR_SR_parseMetadataFromMessage)
    i.TMR_SR_parseMetadataOnly               0x00004f04   Section        0  serial_reader_l3.o(i.TMR_SR_parseMetadataOnly)
    i.TMR_SR_postprocessReaderSpecificMetadata 0x000050e2   Section        0  serial_reader_l3.o(i.TMR_SR_postprocessReaderSpecificMetadata)
    i.TMR_SR_read                            0x000051a0   Section        0  serial_reader.o(i.TMR_SR_read)
    i.TMR_SR_readAfterWriteTagMemWords       0x00005274   Section        0  serial_reader.o(i.TMR_SR_readAfterWriteTagMemWords)
    TMR_SR_readAfterWriteTagMemWords         0x00005275   Thumb Code   140  serial_reader.o(i.TMR_SR_readAfterWriteTagMemWords)
    i.TMR_SR_read_internal                   0x00005308   Section        0  serial_reader.o(i.TMR_SR_read_internal)
    TMR_SR_read_internal                     0x00005309   Thumb Code   930  serial_reader.o(i.TMR_SR_read_internal)
    i.TMR_SR_receiveMessage                  0x000056b8   Section        0  serial_reader_l3.o(i.TMR_SR_receiveMessage)
    i.TMR_SR_send                            0x00005884   Section        0  serial_reader_l3.o(i.TMR_SR_send)
    i.TMR_SR_sendBytes                       0x0000588c   Section        0  serial_reader_l3.o(i.TMR_SR_sendBytes)
    i.TMR_SR_sendMessage                     0x000058bc   Section        0  serial_reader_l3.o(i.TMR_SR_sendMessage)
    i.TMR_SR_sendTimeout                     0x000059a8   Section        0  serial_reader_l3.o(i.TMR_SR_sendTimeout)
    i.TMR_SR_writeTagMemBytes                0x00005a08   Section        0  serial_reader.o(i.TMR_SR_writeTagMemBytes)
    i.TMR_SR_writeTagMemWords                0x00005ae8   Section        0  serial_reader.o(i.TMR_SR_writeTagMemWords)
    i.TMR_TRD_init                           0x00005b22   Section        0  tm_reader.o(i.TMR_TRD_init)
    i.TMR_TagOp_init_GEN2_ReadData           0x00005b96   Section        0  tm_reader.o(i.TMR_TagOp_init_GEN2_ReadData)
    i.TMR_TagOp_init_GEN2_WriteData          0x00005ba6   Section        0  tm_reader.o(i.TMR_TagOp_init_GEN2_WriteData)
    i.TMR__notifyTransportListeners          0x00005bbc   Section        0  tm_reader.o(i.TMR__notifyTransportListeners)
    i.TMR_bytesToHex                         0x00005bec   Section        0  hex_bytes.o(i.TMR_bytesToHex)
    i.TMR_bytesToWords                       0x00005c1c   Section        0  tmr_utils.o(i.TMR_bytesToWords)
    i.TMR_create                             0x00005c54   Section        0  tm_reader.o(i.TMR_create)
    i.TMR_fillReaderStats                    0x00005dcc   Section        0  serial_reader_l3.o(i.TMR_fillReaderStats)
    i.TMR_hexDottedQuad                      0x00005fa0   Section        0  hex_bytes.o(i.TMR_hexDottedQuad)
    i.TMR_initSerialTransportTable           0x00005fd8   Section        0  tm_reader.o(i.TMR_initSerialTransportTable)
    TMR_initSerialTransportTable             0x00005fd9   Thumb Code   122  tm_reader.o(i.TMR_initSerialTransportTable)
    i.TMR_paramGet                           0x0000606c   Section        0  tm_reader.o(i.TMR_paramGet)
    i.TMR_paramProbe                         0x0000608e   Section        0  tm_reader.o(i.TMR_paramProbe)
    i.TMR_paramSet                           0x000060d8   Section        0  tm_reader.o(i.TMR_paramSet)
    i.TMR_reader_init_internal               0x000060de   Section        0  tm_reader.o(i.TMR_reader_init_internal)
    i.TMR_stringCopy                         0x0000612a   Section        0  tmr_utils.o(i.TMR_stringCopy)
    i.TMR_wordsToBytes                       0x00006150   Section        0  tmr_utils.o(i.TMR_wordsToBytes)
    i.UART1_Handler                          0x00006174   Section        0  serial_transport_tm4c123gh6pm.o(i.UART1_Handler)
    i.__0sprintf$1                           0x000061ec   Section        0  printf1.o(i.__0sprintf$1)
    i.__scatterload_copy                     0x00006214   Section       14  handlers.o(i.__scatterload_copy)
    i.__scatterload_null                     0x00006222   Section        2  handlers.o(i.__scatterload_null)
    i.__scatterload_zeroinit                 0x00006224   Section       14  handlers.o(i.__scatterload_zeroinit)
    i._printf_core                           0x00006234   Section        0  printf1.o(i._printf_core)
    _printf_core                             0x00006235   Thumb Code   336  printf1.o(i._printf_core)
    i._sputc                                 0x00006388   Section        0  printf1.o(i._sputc)
    _sputc                                   0x00006389   Thumb Code    10  printf1.o(i._sputc)
    i.autoDetectAntennaList                  0x00006394   Section        0  serial_reader.o(i.autoDetectAntennaList)
    autoDetectAntennaList                    0x00006395   Thumb Code   150  serial_reader.o(i.autoDetectAntennaList)
    i.compareAntennas                        0x00006430   Section        0  serial_reader.o(i.compareAntennas)
    i.compareVersion                         0x000064ae   Section        0  serial_reader.o(i.compareVersion)
    i.extractGen2MemoryBankValues            0x000064e8   Section        0  serial_reader_l3.o(i.extractGen2MemoryBankValues)
    i.filterbytes                            0x0000658c   Section        0  serial_reader_l3.o(i.filterbytes)
    filterbytes                              0x0000658d   Thumb Code   480  serial_reader_l3.o(i.filterbytes)
    i.getPortValues                          0x00006774   Section        0  serial_reader.o(i.getPortValues)
    getPortValues                            0x00006775   Thumb Code   132  serial_reader.o(i.getPortValues)
    i.getSerialNumber                        0x000067f8   Section        0  serial_reader.o(i.getSerialNumber)
    getSerialNumber                          0x000067f9   Thumb Code   116  serial_reader.o(i.getSerialNumber)
    i.initTxRxMapFromPorts                   0x00006870   Section        0  serial_reader.o(i.initTxRxMapFromPorts)
    initTxRxMapFromPorts                     0x00006871   Thumb Code   384  serial_reader.o(i.initTxRxMapFromPorts)
    i.isContinuousReadParamSupported         0x000069f4   Section        0  serial_reader_l3.o(i.isContinuousReadParamSupported)
    i.main                                   0x00006a88   Section        0  read.o(i.main)
    i.prepEmbReadTagMultiple                 0x00006ccc   Section        0  serial_reader.o(i.prepEmbReadTagMultiple)
    prepEmbReadTagMultiple                   0x00006ccd   Thumb Code    56  serial_reader.o(i.prepEmbReadTagMultiple)
    i.prepForSearch                          0x00006d04   Section        0  serial_reader.o(i.prepForSearch)
    i.s_flush                                0x00006d10   Section        0  serial_transport_tm4c123gh6pm.o(i.s_flush)
    s_flush                                  0x00006d11   Thumb Code     4  serial_transport_tm4c123gh6pm.o(i.s_flush)
    i.s_open                                 0x00006d14   Section        0  serial_transport_tm4c123gh6pm.o(i.s_open)
    s_open                                   0x00006d15   Thumb Code   190  serial_transport_tm4c123gh6pm.o(i.s_open)
    i.s_receiveBytes                         0x00006df0   Section        0  serial_transport_tm4c123gh6pm.o(i.s_receiveBytes)
    s_receiveBytes                           0x00006df1   Thumb Code    48  serial_transport_tm4c123gh6pm.o(i.s_receiveBytes)
    i.s_sendBytes                            0x00006e24   Section        0  serial_transport_tm4c123gh6pm.o(i.s_sendBytes)
    s_sendBytes                              0x00006e25   Thumb Code    32  serial_transport_tm4c123gh6pm.o(i.s_sendBytes)
    i.s_setBaudRate                          0x00006e48   Section        0  serial_transport_tm4c123gh6pm.o(i.s_setBaudRate)
    s_setBaudRate                            0x00006e49   Thumb Code    50  serial_transport_tm4c123gh6pm.o(i.s_setBaudRate)
    i.s_shutdown                             0x00006e84   Section        0  serial_transport_tm4c123gh6pm.o(i.s_shutdown)
    s_shutdown                               0x00006e85   Thumb Code    14  serial_transport_tm4c123gh6pm.o(i.s_shutdown)
    i.setAntennaList                         0x00006e98   Section        0  serial_reader.o(i.setAntennaList)
    setAntennaList                           0x00006e99   Thumb Code   106  serial_reader.o(i.setAntennaList)
    i.setPortValues                          0x00006f04   Section        0  serial_reader.o(i.setPortValues)
    setPortValues                            0x00006f05   Thumb Code   176  serial_reader.o(i.setPortValues)
    i.setProtocol                            0x00006fb8   Section        0  serial_reader.o(i.setProtocol)
    setProtocol                              0x00006fb9   Thumb Code   106  serial_reader.o(i.setProtocol)
    i.tm_crc                                 0x00007024   Section        0  serial_reader_l3.o(i.tm_crc)
    tm_crc                                   0x00007025   Thumb Code    54  serial_reader_l3.o(i.tm_crc)
    i.tm_gettime_consistent                  0x00007060   Section        0  tmr_utils.o(i.tm_gettime_consistent)
    i.tm_memcpy                              0x00007088   Section        0  tmr_utils.o(i.tm_memcpy)
    i.tm_strcpy                              0x000070a0   Section        0  tmr_utils.o(i.tm_strcpy)
    i.tm_time_subtract                       0x000070b2   Section        0  tmr_utils.o(i.tm_time_subtract)
    i.tm_u8s_per_bits                        0x000070c0   Section        0  tmr_utils.o(i.tm_u8s_per_bits)
    i.tmr_gettime                            0x000070d0   Section        0  osdep_tm4c123gh5pm.o(i.tmr_gettime)
    i.tmr_gettime_high                       0x000070f8   Section        0  osdep_tm4c123gh5pm.o(i.tmr_gettime_high)
    i.tmr_gettime_low                        0x00007102   Section        0  osdep_tm4c123gh5pm.o(i.tmr_gettime_low)
    i.validateReadPlan                       0x0000710c   Section        0  tm_reader.o(i.validateReadPlan)
    i.verifySearchStatus                     0x000071bc   Section        0  serial_reader.o(i.verifySearchStatus)
    .constdata                               0x00007244   Section       44  serial_reader.o(.constdata)
    .constdata                               0x00007270   Section        8  read.o(.constdata)
    .data                                    0x20000000   Section       17  hex_bytes.o(.data)
    hexchars                                 0x20000000   Data          17  hex_bytes.o(.data)
    .data                                    0x20000011   Section        2  serial_reader.o(.data)
    isSecureAccessEnabled                    0x20000012   Data           1  serial_reader.o(.data)
    .data                                    0x20000014   Section       34  serial_reader_l3.o(.data)
    isSecureAccessEnabled                    0x20000014   Data           1  serial_reader_l3.o(.data)
    crctable                                 0x20000016   Data          32  serial_reader_l3.o(.data)
    .data                                    0x20000038   Section       12  tm_reader.o(.data)
    transportTableInitialized                0x20000038   Data           1  tm_reader.o(.data)
    tdTable                                  0x2000003c   Data           8  tm_reader.o(.data)
    .data                                    0x20000044   Section        4  read.o(.data)
    _Continue                                0x20000044   Data           4  read.o(.data)
    .data                                    0x20000048   Section        4  osdep_tm4c123gh5pm.o(.data)
    .data                                    0x2000004c   Section        4  serial_transport_tm4c123gh6pm.o(.data)
    tx_restart                               0x2000004c   Data           4  serial_transport_tm4c123gh6pm.o(.data)
    .data                                    0x20000050   Section        4  system_tm4c123.o(.data)
    .data                                    0x20000054   Section        4  strtok.o(.data)
    state                                    0x20000054   Data           4  strtok.o(.data)
    .bss                                     0x20000058   Section      560  tm_reader.o(.bss)
    tdTableData                              0x20000058   Data         560  tm_reader.o(.bss)
    .bss                                     0x20000288   Section      528  serial_transport_tm4c123gh6pm.o(.bss)
    STACK                                    0x20000498   Section    16384  startup_tm4c123.o(STACK)

    Global Symbols

    Symbol Name                              Value     Ov Type        Size  Object(Section)

    BuildAttributes$$THM_ISAv4$E$P$D$K$B$S$7EM$VFPi3$EXTD16$VFPS$VFMA$PE$A:L22UL41UL21$X:L11$S22US41US21$IEEE1$IW$USESV6$~STKCKD$USESV7$~SHL$OSPACE$ROPI$EBA8$MICROLIB$REQ8$PRES8$EABIv2 0x00000000   Number         0  anon$$obj.o ABSOLUTE
    __ARM_use_no_argv                        0x00000000   Number         0  read.o ABSOLUTE
    __Vectors                                0x00000000   Data           4  startup_tm4c123.o(RESET)
    _printf_a                                0x00000000   Number         0  stubs.o ABSOLUTE
    _printf_c                                0x00000000   Number         0  stubs.o ABSOLUTE
    _printf_charcount                        0x00000000   Number         0  stubs.o ABSOLUTE
    _printf_d                                0x00000000   Number         0  stubs.o ABSOLUTE
    _printf_e                                0x00000000   Number         0  stubs.o ABSOLUTE
    _printf_f                                0x00000000   Number         0  stubs.o ABSOLUTE
    _printf_flags                            0x00000000   Number         0  stubs.o ABSOLUTE
    _printf_fp_dec                           0x00000000   Number         0  stubs.o ABSOLUTE
    _printf_fp_hex                           0x00000000   Number         0  stubs.o ABSOLUTE
    _printf_g                                0x00000000   Number         0  stubs.o ABSOLUTE
    _printf_i                                0x00000000   Number         0  stubs.o ABSOLUTE
    _printf_int_dec                          0x00000000   Number         0  stubs.o ABSOLUTE
    _printf_l                                0x00000000   Number         0  stubs.o ABSOLUTE
    _printf_lc                               0x00000000   Number         0  stubs.o ABSOLUTE
    _printf_ll                               0x00000000   Number         0  stubs.o ABSOLUTE
    _printf_lld                              0x00000000   Number         0  stubs.o ABSOLUTE
    _printf_lli                              0x00000000   Number         0  stubs.o ABSOLUTE
    _printf_llo                              0x00000000   Number         0  stubs.o ABSOLUTE
    _printf_llu                              0x00000000   Number         0  stubs.o ABSOLUTE
    _printf_llx                              0x00000000   Number         0  stubs.o ABSOLUTE
    _printf_longlong_dec                     0x00000000   Number         0  stubs.o ABSOLUTE
    _printf_longlong_hex                     0x00000000   Number         0  stubs.o ABSOLUTE
    _printf_longlong_oct                     0x00000000   Number         0  stubs.o ABSOLUTE
    _printf_ls                               0x00000000   Number         0  stubs.o ABSOLUTE
    _printf_mbtowc                           0x00000000   Number         0  stubs.o ABSOLUTE
    _printf_n                                0x00000000   Number         0  stubs.o ABSOLUTE
    _printf_o                                0x00000000   Number         0  stubs.o ABSOLUTE
    _printf_p                                0x00000000   Number         0  stubs.o ABSOLUTE
    _printf_percent                          0x00000000   Number         0  stubs.o ABSOLUTE
    _printf_pre_padding                      0x00000000   Number         0  stubs.o ABSOLUTE
    _printf_return_value                     0x00000000   Number         0  stubs.o ABSOLUTE
    _printf_s                                0x00000000   Number         0  stubs.o ABSOLUTE
    _printf_sizespec                         0x00000000   Number         0  stubs.o ABSOLUTE
    _printf_str                              0x00000000   Number         0  stubs.o ABSOLUTE
    _printf_truncate_signed                  0x00000000   Number         0  stubs.o ABSOLUTE
    _printf_truncate_unsigned                0x00000000   Number         0  stubs.o ABSOLUTE
    _printf_u                                0x00000000   Number         0  stubs.o ABSOLUTE
    _printf_wc                               0x00000000   Number         0  stubs.o ABSOLUTE
    _printf_wctomb                           0x00000000   Number         0  stubs.o ABSOLUTE
    _printf_widthprec                        0x00000000   Number         0  stubs.o ABSOLUTE
    _printf_x                                0x00000000   Number         0  stubs.o ABSOLUTE
    __cpp_initialize__aeabi_                  - Undefined Weak Reference
    __cxa_finalize                            - Undefined Weak Reference
    __decompress                              - Undefined Weak Reference
    _clock_init                               - Undefined Weak Reference
    _microlib_exit                            - Undefined Weak Reference
    __Vectors_End                            0x0000026c   Data           0  startup_tm4c123.o(RESET)
    __Vectors_Size                           0x0000026c   Number         0  startup_tm4c123.o ABSOLUTE
    __main                                   0x0000026d   Thumb Code     0  entry.o(.ARM.Collect$$$$00000000)
    _main_stk                                0x0000026d   Thumb Code     0  entry2.o(.ARM.Collect$$$$00000001)
    _main_scatterload                        0x00000271   Thumb Code     0  entry5.o(.ARM.Collect$$$$00000004)
    __main_after_scatterload                 0x00000275   Thumb Code     0  entry5.o(.ARM.Collect$$$$00000004)
    _main_clock                              0x00000275   Thumb Code     0  entry7b.o(.ARM.Collect$$$$00000008)
    _main_cpp_init                           0x00000275   Thumb Code     0  entry8b.o(.ARM.Collect$$$$0000000A)
    _main_init                               0x00000275   Thumb Code     0  entry9a.o(.ARM.Collect$$$$0000000B)
    __rt_final_cpp                           0x0000027d   Thumb Code     0  entry10a.o(.ARM.Collect$$$$0000000D)
    __rt_final_exit                          0x0000027d   Thumb Code     0  entry11a.o(.ARM.Collect$$$$0000000F)
    Reset_Handler                            0x00000281   Thumb Code     8  startup_tm4c123.o(.text)
    NMI_Handler                              0x00000289   Thumb Code     2  startup_tm4c123.o(.text)
    MemManage_Handler                        0x0000028d   Thumb Code     2  startup_tm4c123.o(.text)
    BusFault_Handler                         0x0000028f   Thumb Code     2  startup_tm4c123.o(.text)
    UsageFault_Handler                       0x00000291   Thumb Code     2  startup_tm4c123.o(.text)
    SVC_Handler                              0x00000293   Thumb Code     2  startup_tm4c123.o(.text)
    DebugMon_Handler                         0x00000295   Thumb Code     2  startup_tm4c123.o(.text)
    PendSV_Handler                           0x00000297   Thumb Code     2  startup_tm4c123.o(.text)
    GPIOA_Handler                            0x0000029b   Thumb Code     2  startup_tm4c123.o(.text)
    GPIOB_Handler                            0x0000029d   Thumb Code     2  startup_tm4c123.o(.text)
    GPIOC_Handler                            0x0000029f   Thumb Code     2  startup_tm4c123.o(.text)
    GPIOD_Handler                            0x000002a1   Thumb Code     2  startup_tm4c123.o(.text)
    GPIOE_Handler                            0x000002a3   Thumb Code     2  startup_tm4c123.o(.text)
    UART0_Handler                            0x000002a5   Thumb Code     2  startup_tm4c123.o(.text)
    SSI0_Handler                             0x000002a9   Thumb Code     2  startup_tm4c123.o(.text)
    I2C0_Handler                             0x000002ab   Thumb Code     2  startup_tm4c123.o(.text)
    PMW0_FAULT_Handler                       0x000002ad   Thumb Code     2  startup_tm4c123.o(.text)
    PWM0_0_Handler                           0x000002af   Thumb Code     2  startup_tm4c123.o(.text)
    PWM0_1_Handler                           0x000002b1   Thumb Code     2  startup_tm4c123.o(.text)
    PWM0_2_Handler                           0x000002b3   Thumb Code     2  startup_tm4c123.o(.text)
    QEI0_Handler                             0x000002b5   Thumb Code     2  startup_tm4c123.o(.text)
    ADC0SS0_Handler                          0x000002b7   Thumb Code     2  startup_tm4c123.o(.text)
    ADC0SS1_Handler                          0x000002b9   Thumb Code     2  startup_tm4c123.o(.text)
    ADC0SS2_Handler                          0x000002bb   Thumb Code     2  startup_tm4c123.o(.text)
    ADC0SS3_Handler                          0x000002bd   Thumb Code     2  startup_tm4c123.o(.text)
    WDT0_Handler                             0x000002bf   Thumb Code     2  startup_tm4c123.o(.text)
    TIMER0A_Handler                          0x000002c1   Thumb Code     2  startup_tm4c123.o(.text)
    TIMER0B_Handler                          0x000002c3   Thumb Code     2  startup_tm4c123.o(.text)
    TIMER1A_Handler                          0x000002c5   Thumb Code     2  startup_tm4c123.o(.text)
    TIMER1B_Handler                          0x000002c7   Thumb Code     2  startup_tm4c123.o(.text)
    TIMER2A_Handler                          0x000002c9   Thumb Code     2  startup_tm4c123.o(.text)
    TIMER2B_Handler                          0x000002cb   Thumb Code     2  startup_tm4c123.o(.text)
    COMP0_Handler                            0x000002cd   Thumb Code     2  startup_tm4c123.o(.text)
    COMP1_Handler                            0x000002cf   Thumb Code     2  startup_tm4c123.o(.text)
    COMP2_Handler                            0x000002d1   Thumb Code     2  startup_tm4c123.o(.text)
    SYSCTL_Handler                           0x000002d3   Thumb Code     2  startup_tm4c123.o(.text)
    FLASH_Handler                            0x000002d5   Thumb Code     2  startup_tm4c123.o(.text)
    GPIOF_Handler                            0x000002d7   Thumb Code     2  startup_tm4c123.o(.text)
    GPIOG_Handler                            0x000002d9   Thumb Code     2  startup_tm4c123.o(.text)
    GPIOH_Handler                            0x000002db   Thumb Code     2  startup_tm4c123.o(.text)
    UART2_Handler                            0x000002dd   Thumb Code     2  startup_tm4c123.o(.text)
    SSI1_Handler                             0x000002df   Thumb Code     2  startup_tm4c123.o(.text)
    TIMER3A_Handler                          0x000002e1   Thumb Code     2  startup_tm4c123.o(.text)
    TIMER3B_Handler                          0x000002e3   Thumb Code     2  startup_tm4c123.o(.text)
    I2C1_Handler                             0x000002e5   Thumb Code     2  startup_tm4c123.o(.text)
    QEI1_Handler                             0x000002e7   Thumb Code     2  startup_tm4c123.o(.text)
    CAN0_Handler                             0x000002e9   Thumb Code     2  startup_tm4c123.o(.text)
    CAN1_Handler                             0x000002eb   Thumb Code     2  startup_tm4c123.o(.text)
    CAN2_Handler                             0x000002ed   Thumb Code     2  startup_tm4c123.o(.text)
    HIB_Handler                              0x000002ef   Thumb Code     2  startup_tm4c123.o(.text)
    USB0_Handler                             0x000002f1   Thumb Code     2  startup_tm4c123.o(.text)
    PWM0_3_Handler                           0x000002f3   Thumb Code     2  startup_tm4c123.o(.text)
    UDMA_Handler                             0x000002f5   Thumb Code     2  startup_tm4c123.o(.text)
    UDMAERR_Handler                          0x000002f7   Thumb Code     2  startup_tm4c123.o(.text)
    ADC1SS0_Handler                          0x000002f9   Thumb Code     2  startup_tm4c123.o(.text)
    ADC1SS1_Handler                          0x000002fb   Thumb Code     2  startup_tm4c123.o(.text)
    ADC1SS2_Handler                          0x000002fd   Thumb Code     2  startup_tm4c123.o(.text)
    ADC1SS3_Handler                          0x000002ff   Thumb Code     2  startup_tm4c123.o(.text)
    GPIOJ_Handler                            0x00000301   Thumb Code     2  startup_tm4c123.o(.text)
    GPIOK_Handler                            0x00000303   Thumb Code     2  startup_tm4c123.o(.text)
    GPIOL_Handler                            0x00000305   Thumb Code     2  startup_tm4c123.o(.text)
    SSI2_Handler                             0x00000307   Thumb Code     2  startup_tm4c123.o(.text)
    SSI3_Handler                             0x00000309   Thumb Code     2  startup_tm4c123.o(.text)
    UART3_Handler                            0x0000030b   Thumb Code     2  startup_tm4c123.o(.text)
    UART4_Handler                            0x0000030d   Thumb Code     2  startup_tm4c123.o(.text)
    UART5_Handler                            0x0000030f   Thumb Code     2  startup_tm4c123.o(.text)
    UART6_Handler                            0x00000311   Thumb Code     2  startup_tm4c123.o(.text)
    UART7_Handler                            0x00000313   Thumb Code     2  startup_tm4c123.o(.text)
    I2C2_Handler                             0x00000315   Thumb Code     2  startup_tm4c123.o(.text)
    I2C3_Handler                             0x00000317   Thumb Code     2  startup_tm4c123.o(.text)
    TIMER4A_Handler                          0x00000319   Thumb Code     2  startup_tm4c123.o(.text)
    TIMER4B_Handler                          0x0000031b   Thumb Code     2  startup_tm4c123.o(.text)
    TIMER5A_Handler                          0x0000031d   Thumb Code     2  startup_tm4c123.o(.text)
    TIMER5B_Handler                          0x0000031f   Thumb Code     2  startup_tm4c123.o(.text)
    WTIMER0A_Handler                         0x00000321   Thumb Code     2  startup_tm4c123.o(.text)
    WTIMER0B_Handler                         0x00000323   Thumb Code     2  startup_tm4c123.o(.text)
    WTIMER1A_Handler                         0x00000325   Thumb Code     2  startup_tm4c123.o(.text)
    WTIMER1B_Handler                         0x00000327   Thumb Code     2  startup_tm4c123.o(.text)
    WTIMER2A_Handler                         0x00000329   Thumb Code     2  startup_tm4c123.o(.text)
    WTIMER2B_Handler                         0x0000032b   Thumb Code     2  startup_tm4c123.o(.text)
    WTIMER3A_Handler                         0x0000032d   Thumb Code     2  startup_tm4c123.o(.text)
    WTIMER3B_Handler                         0x0000032f   Thumb Code     2  startup_tm4c123.o(.text)
    WTIMER4A_Handler                         0x00000331   Thumb Code     2  startup_tm4c123.o(.text)
    WTIMER4B_Handler                         0x00000333   Thumb Code     2  startup_tm4c123.o(.text)
    WTIMER5A_Handler                         0x00000335   Thumb Code     2  startup_tm4c123.o(.text)
    WTIMER5B_Handler                         0x00000337   Thumb Code     2  startup_tm4c123.o(.text)
    FPU_Handler                              0x00000339   Thumb Code     2  startup_tm4c123.o(.text)
    I2C4_Handler                             0x0000033b   Thumb Code     2  startup_tm4c123.o(.text)
    I2C5_Handler                             0x0000033d   Thumb Code     2  startup_tm4c123.o(.text)
    GPIOM_Handler                            0x0000033f   Thumb Code     2  startup_tm4c123.o(.text)
    GPION_Handler                            0x00000341   Thumb Code     2  startup_tm4c123.o(.text)
    QEI2_Handler                             0x00000343   Thumb Code     2  startup_tm4c123.o(.text)
    GPIOP0_Handler                           0x00000345   Thumb Code     2  startup_tm4c123.o(.text)
    GPIOP1_Handler                           0x00000347   Thumb Code     2  startup_tm4c123.o(.text)
    GPIOP2_Handler                           0x00000349   Thumb Code     2  startup_tm4c123.o(.text)
    GPIOP3_Handler                           0x0000034b   Thumb Code     2  startup_tm4c123.o(.text)
    GPIOP4_Handler                           0x0000034d   Thumb Code     2  startup_tm4c123.o(.text)
    GPIOP5_Handler                           0x0000034f   Thumb Code     2  startup_tm4c123.o(.text)
    GPIOP6_Handler                           0x00000351   Thumb Code     2  startup_tm4c123.o(.text)
    GPIOP7_Handler                           0x00000353   Thumb Code     2  startup_tm4c123.o(.text)
    GPIOQ0_Handler                           0x00000355   Thumb Code     2  startup_tm4c123.o(.text)
    GPIOQ1_Handler                           0x00000357   Thumb Code     2  startup_tm4c123.o(.text)
    GPIOQ2_Handler                           0x00000359   Thumb Code     2  startup_tm4c123.o(.text)
    GPIOQ3_Handler                           0x0000035b   Thumb Code     2  startup_tm4c123.o(.text)
    GPIOQ4_Handler                           0x0000035d   Thumb Code     2  startup_tm4c123.o(.text)
    GPIOQ5_Handler                           0x0000035f   Thumb Code     2  startup_tm4c123.o(.text)
    GPIOQ6_Handler                           0x00000361   Thumb Code     2  startup_tm4c123.o(.text)
    GPIOQ7_Handler                           0x00000363   Thumb Code     2  startup_tm4c123.o(.text)
    GPIOR_Handler                            0x00000365   Thumb Code     2  startup_tm4c123.o(.text)
    GPIOS_Handler                            0x00000367   Thumb Code     2  startup_tm4c123.o(.text)
    PMW1_0_Handler                           0x00000369   Thumb Code     2  startup_tm4c123.o(.text)
    PWM1_1_Handler                           0x0000036b   Thumb Code     2  startup_tm4c123.o(.text)
    PWM1_2_Handler                           0x0000036d   Thumb Code     2  startup_tm4c123.o(.text)
    PWM1_3_Handler                           0x0000036f   Thumb Code     2  startup_tm4c123.o(.text)
    PWM1_FAULT_Handler                       0x00000371   Thumb Code     2  startup_tm4c123.o(.text)
    ___aeabi_memcpy8$move                    0x0000037d   Thumb Code     0  memmovea.o(.text)
    __aeabi_memcpy                           0x0000037d   Thumb Code    64  memmovea.o(.text)
    __aeabi_memcpy4                          0x0000037d   Thumb Code     0  memmovea.o(.text)
    __aeabi_memmove                          0x0000037d   Thumb Code     0  memmovea.o(.text)
    __aeabi_memmove4                         0x0000037d   Thumb Code     0  memmovea.o(.text)
    __aeabi_memmove8                         0x0000037d   Thumb Code     0  memmovea.o(.text)
    __aeabi_memset                           0x000003bd   Thumb Code    14  memseta.o(.text)
    __aeabi_memset4                          0x000003bd   Thumb Code     0  memseta.o(.text)
    __aeabi_memset8                          0x000003bd   Thumb Code     0  memseta.o(.text)
    __aeabi_memclr                           0x000003cb   Thumb Code     4  memseta.o(.text)
    __aeabi_memclr4                          0x000003cb   Thumb Code     0  memseta.o(.text)
    __aeabi_memclr8                          0x000003cb   Thumb Code     0  memseta.o(.text)
    _memset$wrapper                          0x000003cf   Thumb Code    18  memseta.o(.text)
    strncpy                                  0x000003e1   Thumb Code    24  strncpy.o(.text)
    strlen                                   0x000003f9   Thumb Code    14  strlen.o(.text)
    strcmp                                   0x00000407   Thumb Code    28  strcmp.o(.text)
    strncmp                                  0x00000423   Thumb Code    30  strncmp.o(.text)
    strtok                                   0x00000441   Thumb Code    62  strtok.o(.text)
    __aeabi_uidiv                            0x00000485   Thumb Code     0  uidiv.o(.text)
    __aeabi_uidivmod                         0x00000485   Thumb Code    44  uidiv.o(.text)
    __scatterload                            0x000004b1   Thumb Code    28  init.o(.text)
    __scatterload_rt2                        0x000004b1   Thumb Code     0  init.o(.text)
    HardFault_Handler                        0x000004d5   Thumb Code    10  read.o(i.HardFault_Handler)
    SendChar                                 0x000004e5   Thumb Code    88  serial_transport_tm4c123gh6pm.o(i.SendChar)
    SysTick_Handler                          0x00000575   Thumb Code    10  osdep_tm4c123gh5pm.o(i.SysTick_Handler)
    SystemInit                               0x00000585   Thumb Code    90  system_tm4c123.o(i.SystemInit)
    TMR_RP_init_simple                       0x00000609   Thumb Code    50  tm_reader.o(i.TMR_RP_init_simple)
    TMR_SR_SerialReader_init                 0x0000063d   Thumb Code   234  serial_reader.o(i.TMR_SR_SerialReader_init)
    TMR_SR_SerialTransportNativeInit         0x00000739   Thumb Code    30  serial_transport_tm4c123gh6pm.o(i.TMR_SR_SerialTransportNativeInit)
    TMR_SR_addTagOp                          0x00000771   Thumb Code   740  serial_reader.o(i.TMR_SR_addTagOp)
    TMR_SR_cmdAntennaDetect                  0x00000d6d   Thumb Code    94  serial_reader_l3.o(i.TMR_SR_cmdAntennaDetect)
    TMR_SR_cmdAuthReqResponse                0x00000dcd   Thumb Code    98  serial_reader_l3.o(i.TMR_SR_cmdAuthReqResponse)
    TMR_SR_cmdBlockErase                     0x00000e35   Thumb Code    62  serial_reader_l3.o(i.TMR_SR_cmdBlockErase)
    TMR_SR_cmdBlockPermaLock                 0x00000e75   Thumb Code   284  serial_reader_l3.o(i.TMR_SR_cmdBlockPermaLock)
    TMR_SR_cmdBlockWrite                     0x00000f91   Thumb Code   238  serial_reader_l3.o(i.TMR_SR_cmdBlockWrite)
    TMR_SR_cmdBootFirmware                   0x0000107f   Thumb Code   154  serial_reader_l3.o(i.TMR_SR_cmdBootFirmware)
    TMR_SR_cmdClearTagBuffer                 0x00001119   Thumb Code    30  serial_reader_l3.o(i.TMR_SR_cmdClearTagBuffer)
    TMR_SR_cmdGEN2LockTag                    0x00001137   Thumb Code    84  serial_reader_l3.o(i.TMR_SR_cmdGEN2LockTag)
    TMR_SR_cmdGEN2ReadAfterWriteTagData      0x0000118d   Thumb Code   240  serial_reader_l3.o(i.TMR_SR_cmdGEN2ReadAfterWriteTagData)
    TMR_SR_cmdGEN2ReadTagData                0x00001281   Thumb Code   254  serial_reader_l3.o(i.TMR_SR_cmdGEN2ReadTagData)
    TMR_SR_cmdGEN2WriteTagData               0x00001381   Thumb Code   128  serial_reader_l3.o(i.TMR_SR_cmdGEN2WriteTagData)
    TMR_SR_cmdGetAntennaPortPowersAndSettlingTime 0x00001405   Thumb Code   102  serial_reader_l3.o(i.TMR_SR_cmdGetAntennaPortPowersAndSettlingTime)
    TMR_SR_cmdGetAntennaReturnLoss           0x0000146b   Thumb Code   108  serial_reader_l3.o(i.TMR_SR_cmdGetAntennaReturnLoss)
    TMR_SR_cmdGetAvailableProtocols          0x000014d9   Thumb Code   128  serial_reader_l3.o(i.TMR_SR_cmdGetAvailableProtocols)
    TMR_SR_cmdGetAvailableRegions            0x00001559   Thumb Code    78  serial_reader_l3.o(i.TMR_SR_cmdGetAvailableRegions)
    TMR_SR_cmdGetCurrentProgram              0x000015a7   Thumb Code    34  serial_reader_l3.o(i.TMR_SR_cmdGetCurrentProgram)
    TMR_SR_cmdGetCurrentProtocol             0x000015c9   Thumb Code    42  serial_reader_l3.o(i.TMR_SR_cmdGetCurrentProtocol)
    TMR_SR_cmdGetFrequencyHopTable           0x000015f3   Thumb Code    88  serial_reader_l3.o(i.TMR_SR_cmdGetFrequencyHopTable)
    TMR_SR_cmdGetFrequencyHopTime            0x0000164b   Thumb Code    56  serial_reader_l3.o(i.TMR_SR_cmdGetFrequencyHopTime)
    TMR_SR_cmdGetGPIO                        0x00001683   Thumb Code   146  serial_reader_l3.o(i.TMR_SR_cmdGetGPIO)
    TMR_SR_cmdGetGPIODirection               0x00001715   Thumb Code    50  serial_reader_l3.o(i.TMR_SR_cmdGetGPIODirection)
    TMR_SR_cmdGetHardwareVersion             0x00001747   Thumb Code    78  serial_reader_l3.o(i.TMR_SR_cmdGetHardwareVersion)
    TMR_SR_cmdGetMinimumFrequency            0x00001795   Thumb Code    58  serial_reader_l3.o(i.TMR_SR_cmdGetMinimumFrequency)
    TMR_SR_cmdGetPowerMode                   0x000017cf   Thumb Code    40  serial_reader_l3.o(i.TMR_SR_cmdGetPowerMode)
    TMR_SR_cmdGetProtocolConfiguration       0x000017f9   Thumb Code   250  serial_reader_l3.o(i.TMR_SR_cmdGetProtocolConfiguration)
    TMR_SR_cmdGetQuantizationStep            0x000018f9   Thumb Code    58  serial_reader_l3.o(i.TMR_SR_cmdGetQuantizationStep)
    TMR_SR_cmdGetReadTxPower                 0x00001933   Thumb Code    48  serial_reader_l3.o(i.TMR_SR_cmdGetReadTxPower)
    TMR_SR_cmdGetReadTxPowerWithLimits       0x00001963   Thumb Code    62  serial_reader_l3.o(i.TMR_SR_cmdGetReadTxPowerWithLimits)
    TMR_SR_cmdGetReaderConfiguration         0x000019a1   Thumb Code   174  serial_reader_l3.o(i.TMR_SR_cmdGetReaderConfiguration)
    TMR_SR_cmdGetReaderStatistics            0x00001a55   Thumb Code   260  serial_reader_l3.o(i.TMR_SR_cmdGetReaderStatistics)
    TMR_SR_cmdGetReaderStats                 0x00001b59   Thumb Code   322  serial_reader_l3.o(i.TMR_SR_cmdGetReaderStats)
    TMR_SR_cmdGetReaderWriteTimeOut          0x00001c9b   Thumb Code    62  serial_reader_l3.o(i.TMR_SR_cmdGetReaderWriteTimeOut)
    TMR_SR_cmdGetRegion                      0x00001cd9   Thumb Code    40  serial_reader_l3.o(i.TMR_SR_cmdGetRegion)
    TMR_SR_cmdGetRegionConfiguration         0x00001d01   Thumb Code    66  serial_reader_l3.o(i.TMR_SR_cmdGetRegionConfiguration)
    TMR_SR_cmdGetTagsRemaining               0x00001d49   Thumb Code    50  serial_reader_l3.o(i.TMR_SR_cmdGetTagsRemaining)
    TMR_SR_cmdGetTemperature                 0x00001d7b   Thumb Code    40  serial_reader_l3.o(i.TMR_SR_cmdGetTemperature)
    TMR_SR_cmdGetUserMode                    0x00001da3   Thumb Code    40  serial_reader_l3.o(i.TMR_SR_cmdGetUserMode)
    TMR_SR_cmdGetWriteTxPower                0x00001dcb   Thumb Code    48  serial_reader_l3.o(i.TMR_SR_cmdGetWriteTxPower)
    TMR_SR_cmdKillTag                        0x00001dfb   Thumb Code    78  serial_reader_l3.o(i.TMR_SR_cmdKillTag)
    TMR_SR_cmdMultipleProtocolSearch         0x00001e49   Thumb Code   224  serial_reader_l3.o(i.TMR_SR_cmdMultipleProtocolSearch)
    TMR_SR_cmdProbeBaudRate                  0x00001f31   Thumb Code   158  serial_reader.o(i.TMR_SR_cmdProbeBaudRate)
    TMR_SR_cmdReadAfterWriteGen2TagEpc       0x00001fd5   Thumb Code   246  serial_reader_l3.o(i.TMR_SR_cmdReadAfterWriteGen2TagEpc)
    TMR_SR_cmdReadTagMultiple                0x000020d1   Thumb Code   172  serial_reader_l3.o(i.TMR_SR_cmdReadTagMultiple)
    TMR_SR_cmdResetReaderStatistics          0x00002181   Thumb Code    40  serial_reader_l3.o(i.TMR_SR_cmdResetReaderStatistics)
    TMR_SR_cmdResetReaderStats               0x000021a9   Thumb Code    80  serial_reader_l3.o(i.TMR_SR_cmdResetReaderStats)
    TMR_SR_cmdSetAntennaPortPowersAndSettlingTime 0x000021f9   Thumb Code   122  serial_reader_l3.o(i.TMR_SR_cmdSetAntennaPortPowersAndSettlingTime)
    TMR_SR_cmdSetAntennaSearchList           0x00002273   Thumb Code    74  serial_reader_l3.o(i.TMR_SR_cmdSetAntennaSearchList)
    TMR_SR_cmdSetBaudRate                    0x000022bd   Thumb Code    52  serial_reader_l3.o(i.TMR_SR_cmdSetBaudRate)
    TMR_SR_cmdSetFrequencyHopTable           0x000022f1   Thumb Code    88  serial_reader_l3.o(i.TMR_SR_cmdSetFrequencyHopTable)
    TMR_SR_cmdSetFrequencyHopTime            0x0000234d   Thumb Code    58  serial_reader_l3.o(i.TMR_SR_cmdSetFrequencyHopTime)
    TMR_SR_cmdSetGPIODirection               0x00002387   Thumb Code    46  serial_reader_l3.o(i.TMR_SR_cmdSetGPIODirection)
    TMR_SR_cmdSetMinimumFrequency            0x000023b5   Thumb Code    58  serial_reader_l3.o(i.TMR_SR_cmdSetMinimumFrequency)
    TMR_SR_cmdSetPowerMode                   0x000023ef   Thumb Code    34  serial_reader_l3.o(i.TMR_SR_cmdSetPowerMode)
    TMR_SR_cmdSetProtocol                    0x00002411   Thumb Code    40  serial_reader_l3.o(i.TMR_SR_cmdSetProtocol)
    TMR_SR_cmdSetProtocolConfiguration       0x00002439   Thumb Code   326  serial_reader_l3.o(i.TMR_SR_cmdSetProtocolConfiguration)
    TMR_SR_cmdSetProtocolLicenseKey          0x00002585   Thumb Code   114  serial_reader_l3.o(i.TMR_SR_cmdSetProtocolLicenseKey)
    TMR_SR_cmdSetQuantizationStep            0x000025f7   Thumb Code    58  serial_reader_l3.o(i.TMR_SR_cmdSetQuantizationStep)
    TMR_SR_cmdSetReadTxPower                 0x00002631   Thumb Code    54  serial_reader_l3.o(i.TMR_SR_cmdSetReadTxPower)
    TMR_SR_cmdSetReaderConfiguration         0x0000266d   Thumb Code   172  serial_reader_l3.o(i.TMR_SR_cmdSetReaderConfiguration)
    TMR_SR_cmdSetReaderWriteTimeOut          0x0000271d   Thumb Code    58  serial_reader_l3.o(i.TMR_SR_cmdSetReaderWriteTimeOut)
    TMR_SR_cmdSetRegion                      0x00002757   Thumb Code    34  serial_reader_l3.o(i.TMR_SR_cmdSetRegion)
    TMR_SR_cmdSetRegionLbt                   0x00002779   Thumb Code    38  serial_reader_l3.o(i.TMR_SR_cmdSetRegionLbt)
    TMR_SR_cmdSetTxRxPorts                   0x0000279f   Thumb Code    38  serial_reader_l3.o(i.TMR_SR_cmdSetTxRxPorts)
    TMR_SR_cmdSetUserMode                    0x000027c5   Thumb Code    34  serial_reader_l3.o(i.TMR_SR_cmdSetUserMode)
    TMR_SR_cmdSetUserProfile                 0x000027e9   Thumb Code   528  serial_reader_l3.o(i.TMR_SR_cmdSetUserProfile)
    TMR_SR_cmdSetWriteTxPower                0x000029fd   Thumb Code    54  serial_reader_l3.o(i.TMR_SR_cmdSetWriteTxPower)
    TMR_SR_cmdStopReading                    0x00002a39   Thumb Code    56  serial_reader_l3.o(i.TMR_SR_cmdStopReading)
    TMR_SR_cmdVersion                        0x00002a71   Thumb Code   170  serial_reader_l3.o(i.TMR_SR_cmdVersion)
    TMR_SR_cmdWriteGen2TagEpc                0x00002b1d   Thumb Code   146  serial_reader_l3.o(i.TMR_SR_cmdWriteGen2TagEpc)
    TMR_SR_connect                           0x00002bb5   Thumb Code    82  serial_reader.o(i.TMR_SR_connect)
    TMR_SR_destroy                           0x00002c07   Thumb Code    50  serial_reader.o(i.TMR_SR_destroy)
    TMR_SR_executeEmbeddedRead               0x00002c39   Thumb Code   210  serial_reader_l3.o(i.TMR_SR_executeEmbeddedRead)
    TMR_SR_executeTagOp                      0x00002d0d   Thumb Code   724  serial_reader.o(i.TMR_SR_executeTagOp)
    TMR_SR_getNextTag                        0x00002fe5   Thumb Code   336  serial_reader.o(i.TMR_SR_getNextTag)
    TMR_SR_hasMoreTags                       0x0000313d   Thumb Code   446  serial_reader.o(i.TMR_SR_hasMoreTags)
    TMR_SR_msgAddGEN2BlockErase              0x0000330d   Thumb Code   178  serial_reader_l3.o(i.TMR_SR_msgAddGEN2BlockErase)
    TMR_SR_msgAddGEN2BlockPermaLock          0x000033bf   Thumb Code   228  serial_reader_l3.o(i.TMR_SR_msgAddGEN2BlockPermaLock)
    TMR_SR_msgAddGEN2BlockWrite              0x000034a3   Thumb Code   252  serial_reader_l3.o(i.TMR_SR_msgAddGEN2BlockWrite)
    TMR_SR_msgAddGEN2DataRead                0x0000359f   Thumb Code   140  serial_reader_l3.o(i.TMR_SR_msgAddGEN2DataRead)
    TMR_SR_msgAddGEN2DataWrite               0x0000362b   Thumb Code   112  serial_reader_l3.o(i.TMR_SR_msgAddGEN2DataWrite)
    TMR_SR_msgAddGEN2KillTag                 0x0000369b   Thumb Code    88  serial_reader_l3.o(i.TMR_SR_msgAddGEN2KillTag)
    TMR_SR_msgAddGEN2LockTag                 0x000036f3   Thumb Code   128  serial_reader_l3.o(i.TMR_SR_msgAddGEN2LockTag)
    TMR_SR_msgAddGEN2WriteTagEPC             0x00003773   Thumb Code    76  serial_reader_l3.o(i.TMR_SR_msgAddGEN2WriteTagEPC)
    TMR_SR_msgSetupMultipleProtocolSearch    0x000037c1   Thumb Code   630  serial_reader_l3.o(i.TMR_SR_msgSetupMultipleProtocolSearch)
    TMR_SR_msgSetupReadTagMultiple           0x00003a3d   Thumb Code    36  serial_reader_l3.o(i.TMR_SR_msgSetupReadTagMultiple)
    TMR_SR_msgSetupReadTagMultipleWithMetadata 0x00003a61   Thumb Code   484  serial_reader_l3.o(i.TMR_SR_msgSetupReadTagMultipleWithMetadata)
    TMR_SR_msgSetupReadTagSingle             0x00003c49   Thumb Code   110  serial_reader_l3.o(i.TMR_SR_msgSetupReadTagSingle)
    TMR_SR_parseMetadataFromMessage          0x00004e01   Thumb Code   260  serial_reader_l3.o(i.TMR_SR_parseMetadataFromMessage)
    TMR_SR_parseMetadataOnly                 0x00004f05   Thumb Code   478  serial_reader_l3.o(i.TMR_SR_parseMetadataOnly)
    TMR_SR_postprocessReaderSpecificMetadata 0x000050e3   Thumb Code   190  serial_reader_l3.o(i.TMR_SR_postprocessReaderSpecificMetadata)
    TMR_SR_read                              0x000051a1   Thumb Code   194  serial_reader.o(i.TMR_SR_read)
    TMR_SR_receiveMessage                    0x000056b9   Thumb Code   406  serial_reader_l3.o(i.TMR_SR_receiveMessage)
    TMR_SR_send                              0x00005885   Thumb Code     8  serial_reader_l3.o(i.TMR_SR_send)
    TMR_SR_sendBytes                         0x0000588d   Thumb Code    48  serial_reader_l3.o(i.TMR_SR_sendBytes)
    TMR_SR_sendMessage                       0x000058bd   Thumb Code   218  serial_reader_l3.o(i.TMR_SR_sendMessage)
    TMR_SR_sendTimeout                       0x000059a9   Thumb Code    94  serial_reader_l3.o(i.TMR_SR_sendTimeout)
    TMR_SR_writeTagMemBytes                  0x00005a09   Thumb Code   220  serial_reader.o(i.TMR_SR_writeTagMemBytes)
    TMR_SR_writeTagMemWords                  0x00005ae9   Thumb Code    58  serial_reader.o(i.TMR_SR_writeTagMemWords)
    TMR_TRD_init                             0x00005b23   Thumb Code   116  tm_reader.o(i.TMR_TRD_init)
    TMR_TagOp_init_GEN2_ReadData             0x00005b97   Thumb Code    16  tm_reader.o(i.TMR_TagOp_init_GEN2_ReadData)
    TMR_TagOp_init_GEN2_WriteData            0x00005ba7   Thumb Code    22  tm_reader.o(i.TMR_TagOp_init_GEN2_WriteData)
    TMR__notifyTransportListeners            0x00005bbd   Thumb Code    46  tm_reader.o(i.TMR__notifyTransportListeners)
    TMR_bytesToHex                           0x00005bed   Thumb Code    42  hex_bytes.o(i.TMR_bytesToHex)
    TMR_bytesToWords                         0x00005c1d   Thumb Code    54  tmr_utils.o(i.TMR_bytesToWords)
    TMR_create                               0x00005c55   Thumb Code   340  tm_reader.o(i.TMR_create)
    TMR_fillReaderStats                      0x00005dcd   Thumb Code   462  serial_reader_l3.o(i.TMR_fillReaderStats)
    TMR_hexDottedQuad                        0x00005fa1   Thumb Code    52  hex_bytes.o(i.TMR_hexDottedQuad)
    TMR_paramGet                             0x0000606d   Thumb Code    34  tm_reader.o(i.TMR_paramGet)
    TMR_paramProbe                           0x0000608f   Thumb Code    74  tm_reader.o(i.TMR_paramProbe)
    TMR_paramSet                             0x000060d9   Thumb Code     6  tm_reader.o(i.TMR_paramSet)
    TMR_reader_init_internal                 0x000060df   Thumb Code    76  tm_reader.o(i.TMR_reader_init_internal)
    TMR_stringCopy                           0x0000612b   Thumb Code    36  tmr_utils.o(i.TMR_stringCopy)
    TMR_wordsToBytes                         0x00006151   Thumb Code    36  tmr_utils.o(i.TMR_wordsToBytes)
    UART1_Handler                            0x00006175   Thumb Code   102  serial_transport_tm4c123gh6pm.o(i.UART1_Handler)
    __0sprintf$1                             0x000061ed   Thumb Code    34  printf1.o(i.__0sprintf$1)
    __1sprintf$1                             0x000061ed   Thumb Code     0  printf1.o(i.__0sprintf$1)
    __2sprintf                               0x000061ed   Thumb Code     0  printf1.o(i.__0sprintf$1)
    __scatterload_copy                       0x00006215   Thumb Code    14  handlers.o(i.__scatterload_copy)
    __scatterload_null                       0x00006223   Thumb Code     2  handlers.o(i.__scatterload_null)
    __scatterload_zeroinit                   0x00006225   Thumb Code    14  handlers.o(i.__scatterload_zeroinit)
    compareAntennas                          0x00006431   Thumb Code   126  serial_reader.o(i.compareAntennas)
    compareVersion                           0x000064af   Thumb Code    58  serial_reader.o(i.compareVersion)
    extractGen2MemoryBankValues              0x000064e9   Thumb Code   164  serial_reader_l3.o(i.extractGen2MemoryBankValues)
    isContinuousReadParamSupported           0x000069f5   Thumb Code   146  serial_reader_l3.o(i.isContinuousReadParamSupported)
    main                                     0x00006a89   Thumb Code   532  read.o(i.main)
    prepForSearch                            0x00006d05   Thumb Code    12  serial_reader.o(i.prepForSearch)
    tm_gettime_consistent                    0x00007061   Thumb Code    38  tmr_utils.o(i.tm_gettime_consistent)
    tm_memcpy                                0x00007089   Thumb Code    24  tmr_utils.o(i.tm_memcpy)
    tm_strcpy                                0x000070a1   Thumb Code    18  tmr_utils.o(i.tm_strcpy)
    tm_time_subtract                         0x000070b3   Thumb Code    14  tmr_utils.o(i.tm_time_subtract)
    tm_u8s_per_bits                          0x000070c1   Thumb Code    16  tmr_utils.o(i.tm_u8s_per_bits)
    tmr_gettime                              0x000070d1   Thumb Code    32  osdep_tm4c123gh5pm.o(i.tmr_gettime)
    tmr_gettime_high                         0x000070f9   Thumb Code    10  osdep_tm4c123gh5pm.o(i.tmr_gettime_high)
    tmr_gettime_low                          0x00007103   Thumb Code     8  osdep_tm4c123gh5pm.o(i.tmr_gettime_low)
    validateReadPlan                         0x0000710d   Thumb Code   162  tm_reader.o(i.validateReadPlan)
    verifySearchStatus                       0x000071bd   Thumb Code   130  serial_reader.o(i.verifySearchStatus)
    Region$$Table$$Base                      0x00007278   Number         0  anon$$obj.o(Region$$Table)
    Region$$Table$$Limit                     0x00007298   Number         0  anon$$obj.o(Region$$Table)
    isStatsCmdSent                           0x20000011   Data           1  serial_reader.o(.data)
    msec                                     0x20000048   Data           4  osdep_tm4c123gh5pm.o(.data)
    SystemCoreClock                          0x20000050   Data           4  system_tm4c123.o(.data)
    rbuf                                     0x20000288   Data         264  serial_transport_tm4c123gh6pm.o(.bss)
    tbuf                                     0x20000390   Data         264  serial_transport_tm4c123gh6pm.o(.bss)
    __initial_sp                             0x20004498   Data           0  startup_tm4c123.o(STACK)



==============================================================================

Memory Map of the image

  Image Entry point : 0x0000026d

  Load Region LR_IROM1 (Base: 0x00000000, Size: 0x000072f0, Max: 0x00040000, ABSOLUTE)

    Execution Region ER_IROM1 (Base: 0x00000000, Size: 0x00007298, Max: 0x00040000, ABSOLUTE)

    Base Addr    Size         Type   Attr      Idx    E Section Name        Object

    0x00000000   0x0000026c   Data   RO         2156    RESET               startup_tm4c123.o
    0x0000026c   0x00000000   Code   RO         2209  * .ARM.Collect$$$$00000000  mc_w.l(entry.o)
    0x0000026c   0x00000004   Code   RO         2529    .ARM.Collect$$$$00000001  mc_w.l(entry2.o)
    0x00000270   0x00000004   Code   RO         2532    .ARM.Collect$$$$00000004  mc_w.l(entry5.o)
    0x00000274   0x00000000   Code   RO         2534    .ARM.Collect$$$$00000008  mc_w.l(entry7b.o)
    0x00000274   0x00000000   Code   RO         2536    .ARM.Collect$$$$0000000A  mc_w.l(entry8b.o)
    0x00000274   0x00000008   Code   RO         2537    .ARM.Collect$$$$0000000B  mc_w.l(entry9a.o)
    0x0000027c   0x00000000   Code   RO         2539    .ARM.Collect$$$$0000000D  mc_w.l(entry10a.o)
    0x0000027c   0x00000000   Code   RO         2541    .ARM.Collect$$$$0000000F  mc_w.l(entry11a.o)
    0x0000027c   0x00000004   Code   RO         2530    .ARM.Collect$$$$00002712  mc_w.l(entry2.o)
    0x00000280   0x000000fc   Code   RO         2157    .text               startup_tm4c123.o
    0x0000037c   0x00000040   Code   RO         2216    .text               mc_w.l(memmovea.o)
    0x000003bc   0x00000024   Code   RO         2218    .text               mc_w.l(memseta.o)
    0x000003e0   0x00000018   Code   RO         2220    .text               mc_w.l(strncpy.o)
    0x000003f8   0x0000000e   Code   RO         2222    .text               mc_w.l(strlen.o)
    0x00000406   0x0000001c   Code   RO         2224    .text               mc_w.l(strcmp.o)
    0x00000422   0x0000001e   Code   RO         2228    .text               mc_w.l(strncmp.o)
    0x00000440   0x00000044   Code   RO         2230    .text               mc_w.l(strtok.o)
    0x00000484   0x0000002c   Code   RO         2546    .text               mc_w.l(uidiv.o)
    0x000004b0   0x00000024   Code   RO         2563    .text               mc_w.l(init.o)
    0x000004d4   0x00000010   Code   RO         1961    i.HardFault_Handler  read.o
    0x000004e4   0x00000064   Code   RO         2083    i.SendChar          serial_transport_tm4c123gh6pm.o
    0x00000548   0x0000002c   Code   RO         2003    i.SysTick_Config    osdep_tm4c123gh5pm.o
    0x00000574   0x00000010   Code   RO         2004    i.SysTick_Handler   osdep_tm4c123gh5pm.o
    0x00000584   0x00000084   Code   RO         2165    i.SystemInit        system_tm4c123.o
    0x00000608   0x00000032   Code   RO         1530    i.TMR_RP_init_simple  tm_reader.o
    0x0000063a   0x00000002   PAD
    0x0000063c   0x000000fc   Code   RO          107    i.TMR_SR_SerialReader_init  serial_reader.o
    0x00000738   0x00000038   Code   RO         2084    i.TMR_SR_SerialTransportNativeInit  serial_transport_tm4c123gh6pm.o
    0x00000770   0x000002ec   Code   RO          108    i.TMR_SR_addTagOp   serial_reader.o
    0x00000a5c   0x00000310   Code   RO          109    i.TMR_SR_boot       serial_reader.o
    0x00000d6c   0x0000005e   Code   RO          354    i.TMR_SR_cmdAntennaDetect  serial_reader_l3.o
    0x00000dca   0x00000002   PAD
    0x00000dcc   0x00000068   Code   RO          355    i.TMR_SR_cmdAuthReqResponse  serial_reader_l3.o
    0x00000e34   0x0000003e   Code   RO          356    i.TMR_SR_cmdBlockErase  serial_reader_l3.o
    0x00000e72   0x00000002   PAD
    0x00000e74   0x0000011c   Code   RO          357    i.TMR_SR_cmdBlockPermaLock  serial_reader_l3.o
    0x00000f90   0x000000ee   Code   RO          358    i.TMR_SR_cmdBlockWrite  serial_reader_l3.o
    0x0000107e   0x0000009a   Code   RO          360    i.TMR_SR_cmdBootFirmware  serial_reader_l3.o
    0x00001118   0x0000001e   Code   RO          361    i.TMR_SR_cmdClearTagBuffer  serial_reader_l3.o
    0x00001136   0x00000054   Code   RO          363    i.TMR_SR_cmdGEN2LockTag  serial_reader_l3.o
    0x0000118a   0x00000002   PAD
    0x0000118c   0x000000f4   Code   RO          364    i.TMR_SR_cmdGEN2ReadAfterWriteTagData  serial_reader_l3.o
    0x00001280   0x000000fe   Code   RO          365    i.TMR_SR_cmdGEN2ReadTagData  serial_reader_l3.o
    0x0000137e   0x00000002   PAD
    0x00001380   0x00000084   Code   RO          366    i.TMR_SR_cmdGEN2WriteTagData  serial_reader_l3.o
    0x00001404   0x00000066   Code   RO          370    i.TMR_SR_cmdGetAntennaPortPowersAndSettlingTime  serial_reader_l3.o
    0x0000146a   0x0000006c   Code   RO          371    i.TMR_SR_cmdGetAntennaReturnLoss  serial_reader_l3.o
    0x000014d6   0x00000002   PAD
    0x000014d8   0x00000080   Code   RO          372    i.TMR_SR_cmdGetAvailableProtocols  serial_reader_l3.o
    0x00001558   0x0000004e   Code   RO          373    i.TMR_SR_cmdGetAvailableRegions  serial_reader_l3.o
    0x000015a6   0x00000022   Code   RO          374    i.TMR_SR_cmdGetCurrentProgram  serial_reader_l3.o
    0x000015c8   0x0000002a   Code   RO          375    i.TMR_SR_cmdGetCurrentProtocol  serial_reader_l3.o
    0x000015f2   0x00000058   Code   RO          376    i.TMR_SR_cmdGetFrequencyHopTable  serial_reader_l3.o
    0x0000164a   0x00000038   Code   RO          377    i.TMR_SR_cmdGetFrequencyHopTime  serial_reader_l3.o
    0x00001682   0x00000092   Code   RO          378    i.TMR_SR_cmdGetGPIO  serial_reader_l3.o
    0x00001714   0x00000032   Code   RO          379    i.TMR_SR_cmdGetGPIODirection  serial_reader_l3.o
    0x00001746   0x0000004e   Code   RO          380    i.TMR_SR_cmdGetHardwareVersion  serial_reader_l3.o
    0x00001794   0x0000003a   Code   RO          381    i.TMR_SR_cmdGetMinimumFrequency  serial_reader_l3.o
    0x000017ce   0x00000028   Code   RO          382    i.TMR_SR_cmdGetPowerMode  serial_reader_l3.o
    0x000017f6   0x00000002   PAD
    0x000017f8   0x00000100   Code   RO          383    i.TMR_SR_cmdGetProtocolConfiguration  serial_reader_l3.o
    0x000018f8   0x0000003a   Code   RO          384    i.TMR_SR_cmdGetQuantizationStep  serial_reader_l3.o
    0x00001932   0x00000030   Code   RO          385    i.TMR_SR_cmdGetReadTxPower  serial_reader_l3.o
    0x00001962   0x0000003e   Code   RO          386    i.TMR_SR_cmdGetReadTxPowerWithLimits  serial_reader_l3.o
    0x000019a0   0x000000b4   Code   RO          387    i.TMR_SR_cmdGetReaderConfiguration  serial_reader_l3.o
    0x00001a54   0x00000104   Code   RO          388    i.TMR_SR_cmdGetReaderStatistics  serial_reader_l3.o
    0x00001b58   0x00000142   Code   RO          389    i.TMR_SR_cmdGetReaderStats  serial_reader_l3.o
    0x00001c9a   0x0000003e   Code   RO          390    i.TMR_SR_cmdGetReaderWriteTimeOut  serial_reader_l3.o
    0x00001cd8   0x00000028   Code   RO          391    i.TMR_SR_cmdGetRegion  serial_reader_l3.o
    0x00001d00   0x00000048   Code   RO          392    i.TMR_SR_cmdGetRegionConfiguration  serial_reader_l3.o
    0x00001d48   0x00000032   Code   RO          393    i.TMR_SR_cmdGetTagsRemaining  serial_reader_l3.o
    0x00001d7a   0x00000028   Code   RO          394    i.TMR_SR_cmdGetTemperature  serial_reader_l3.o
    0x00001da2   0x00000028   Code   RO          396    i.TMR_SR_cmdGetUserMode  serial_reader_l3.o
    0x00001dca   0x00000030   Code   RO          398    i.TMR_SR_cmdGetWriteTxPower  serial_reader_l3.o
    0x00001dfa   0x0000004e   Code   RO          411    i.TMR_SR_cmdKillTag  serial_reader_l3.o
    0x00001e48   0x000000e8   Code   RO          415    i.TMR_SR_cmdMultipleProtocolSearch  serial_reader_l3.o
    0x00001f30   0x000000a4   Code   RO          110    i.TMR_SR_cmdProbeBaudRate  serial_reader.o
    0x00001fd4   0x000000fc   Code   RO          423    i.TMR_SR_cmdReadAfterWriteGen2TagEpc  serial_reader_l3.o
    0x000020d0   0x000000b0   Code   RO          424    i.TMR_SR_cmdReadTagMultiple  serial_reader_l3.o
    0x00002180   0x00000028   Code   RO          425    i.TMR_SR_cmdResetReaderStatistics  serial_reader_l3.o
    0x000021a8   0x00000050   Code   RO          426    i.TMR_SR_cmdResetReaderStats  serial_reader_l3.o
    0x000021f8   0x0000007a   Code   RO          444    i.TMR_SR_cmdSetAntennaPortPowersAndSettlingTime  serial_reader_l3.o
    0x00002272   0x0000004a   Code   RO          445    i.TMR_SR_cmdSetAntennaSearchList  serial_reader_l3.o
    0x000022bc   0x00000034   Code   RO          446    i.TMR_SR_cmdSetBaudRate  serial_reader_l3.o
    0x000022f0   0x0000005c   Code   RO          447    i.TMR_SR_cmdSetFrequencyHopTable  serial_reader_l3.o
    0x0000234c   0x0000003a   Code   RO          448    i.TMR_SR_cmdSetFrequencyHopTime  serial_reader_l3.o
    0x00002386   0x0000002e   Code   RO          450    i.TMR_SR_cmdSetGPIODirection  serial_reader_l3.o
    0x000023b4   0x0000003a   Code   RO          451    i.TMR_SR_cmdSetMinimumFrequency  serial_reader_l3.o
    0x000023ee   0x00000022   Code   RO          452    i.TMR_SR_cmdSetPowerMode  serial_reader_l3.o
    0x00002410   0x00000028   Code   RO          453    i.TMR_SR_cmdSetProtocol  serial_reader_l3.o
    0x00002438   0x0000014c   Code   RO          454    i.TMR_SR_cmdSetProtocolConfiguration  serial_reader_l3.o
    0x00002584   0x00000072   Code   RO          455    i.TMR_SR_cmdSetProtocolLicenseKey  serial_reader_l3.o
    0x000025f6   0x0000003a   Code   RO          456    i.TMR_SR_cmdSetQuantizationStep  serial_reader_l3.o
    0x00002630   0x0000003c   Code   RO          457    i.TMR_SR_cmdSetReadTxPower  serial_reader_l3.o
    0x0000266c   0x000000b0   Code   RO          458    i.TMR_SR_cmdSetReaderConfiguration  serial_reader_l3.o
    0x0000271c   0x0000003a   Code   RO          459    i.TMR_SR_cmdSetReaderWriteTimeOut  serial_reader_l3.o
    0x00002756   0x00000022   Code   RO          460    i.TMR_SR_cmdSetRegion  serial_reader_l3.o
    0x00002778   0x00000026   Code   RO          461    i.TMR_SR_cmdSetRegionLbt  serial_reader_l3.o
    0x0000279e   0x00000026   Code   RO          462    i.TMR_SR_cmdSetTxRxPorts  serial_reader_l3.o
    0x000027c4   0x00000022   Code   RO          463    i.TMR_SR_cmdSetUserMode  serial_reader_l3.o
    0x000027e6   0x00000002   PAD
    0x000027e8   0x00000214   Code   RO          464    i.TMR_SR_cmdSetUserProfile  serial_reader_l3.o
    0x000029fc   0x0000003c   Code   RO          465    i.TMR_SR_cmdSetWriteTxPower  serial_reader_l3.o
    0x00002a38   0x00000038   Code   RO          466    i.TMR_SR_cmdStopReading  serial_reader_l3.o
    0x00002a70   0x000000aa   Code   RO          470    i.TMR_SR_cmdVersion  serial_reader_l3.o
    0x00002b1a   0x00000002   PAD
    0x00002b1c   0x00000098   Code   RO          472    i.TMR_SR_cmdWriteGen2TagEpc  serial_reader_l3.o
    0x00002bb4   0x00000052   Code   RO          111    i.TMR_SR_connect    serial_reader.o
    0x00002c06   0x00000032   Code   RO          112    i.TMR_SR_destroy    serial_reader.o
    0x00002c38   0x000000d2   Code   RO          474    i.TMR_SR_executeEmbeddedRead  serial_reader_l3.o
    0x00002d0a   0x00000002   PAD
    0x00002d0c   0x000002d8   Code   RO          113    i.TMR_SR_executeTagOp  serial_reader.o
    0x00002fe4   0x00000158   Code   RO          115    i.TMR_SR_getNextTag  serial_reader.o
    0x0000313c   0x000001d0   Code   RO          118    i.TMR_SR_hasMoreTags  serial_reader.o
    0x0000330c   0x000000b2   Code   RO          475    i.TMR_SR_msgAddGEN2BlockErase  serial_reader_l3.o
    0x000033be   0x000000e4   Code   RO          476    i.TMR_SR_msgAddGEN2BlockPermaLock  serial_reader_l3.o
    0x000034a2   0x000000fc   Code   RO          477    i.TMR_SR_msgAddGEN2BlockWrite  serial_reader_l3.o
    0x0000359e   0x0000008c   Code   RO          478    i.TMR_SR_msgAddGEN2DataRead  serial_reader_l3.o
    0x0000362a   0x00000070   Code   RO          479    i.TMR_SR_msgAddGEN2DataWrite  serial_reader_l3.o
    0x0000369a   0x00000058   Code   RO          480    i.TMR_SR_msgAddGEN2KillTag  serial_reader_l3.o
    0x000036f2   0x00000080   Code   RO          481    i.TMR_SR_msgAddGEN2LockTag  serial_reader_l3.o
    0x00003772   0x0000004c   Code   RO          482    i.TMR_SR_msgAddGEN2WriteTagEPC  serial_reader_l3.o
    0x000037be   0x00000002   PAD
    0x000037c0   0x0000027c   Code   RO          524    i.TMR_SR_msgSetupMultipleProtocolSearch  serial_reader_l3.o
    0x00003a3c   0x00000024   Code   RO          525    i.TMR_SR_msgSetupReadTagMultiple  serial_reader_l3.o
    0x00003a60   0x000001e8   Code   RO          526    i.TMR_SR_msgSetupReadTagMultipleWithMetadata  serial_reader_l3.o
    0x00003c48   0x0000006e   Code   RO          527    i.TMR_SR_msgSetupReadTagSingle  serial_reader_l3.o
    0x00003cb6   0x00000002   PAD
    0x00003cb8   0x0000093c   Code   RO          122    i.TMR_SR_paramGet   serial_reader.o
    0x000045f4   0x0000080c   Code   RO          123    i.TMR_SR_paramSet   serial_reader.o
    0x00004e00   0x00000104   Code   RO          528    i.TMR_SR_parseMetadataFromMessage  serial_reader_l3.o
    0x00004f04   0x000001de   Code   RO          529    i.TMR_SR_parseMetadataOnly  serial_reader_l3.o
    0x000050e2   0x000000be   Code   RO          530    i.TMR_SR_postprocessReaderSpecificMetadata  serial_reader_l3.o
    0x000051a0   0x000000d4   Code   RO          124    i.TMR_SR_read       serial_reader.o
    0x00005274   0x00000094   Code   RO          125    i.TMR_SR_readAfterWriteTagMemWords  serial_reader.o
    0x00005308   0x000003b0   Code   RO          128    i.TMR_SR_read_internal  serial_reader.o
    0x000056b8   0x000001cc   Code   RO          532    i.TMR_SR_receiveMessage  serial_reader_l3.o
    0x00005884   0x00000008   Code   RO          533    i.TMR_SR_send       serial_reader_l3.o
    0x0000588c   0x00000030   Code   RO          534    i.TMR_SR_sendBytes  serial_reader_l3.o
    0x000058bc   0x000000ec   Code   RO          535    i.TMR_SR_sendMessage  serial_reader_l3.o
    0x000059a8   0x0000005e   Code   RO          536    i.TMR_SR_sendTimeout  serial_reader_l3.o
    0x00005a06   0x00000002   PAD
    0x00005a08   0x000000e0   Code   RO          132    i.TMR_SR_writeTagMemBytes  serial_reader.o
    0x00005ae8   0x0000003a   Code   RO          133    i.TMR_SR_writeTagMemWords  serial_reader.o
    0x00005b22   0x00000074   Code   RO         1546    i.TMR_TRD_init      tm_reader.o
    0x00005b96   0x00000010   Code   RO         1553    i.TMR_TagOp_init_GEN2_ReadData  tm_reader.o
    0x00005ba6   0x00000016   Code   RO         1556    i.TMR_TagOp_init_GEN2_WriteData  tm_reader.o
    0x00005bbc   0x0000002e   Code   RO         1561    i.TMR__notifyTransportListeners  tm_reader.o
    0x00005bea   0x00000002   PAD
    0x00005bec   0x00000030   Code   RO            1    i.TMR_bytesToHex    hex_bytes.o
    0x00005c1c   0x00000036   Code   RO         1874    i.TMR_bytesToWords  tmr_utils.o
    0x00005c52   0x00000002   PAD
    0x00005c54   0x00000178   Code   RO         1563    i.TMR_create        tm_reader.o
    0x00005dcc   0x000001d4   Code   RO          537    i.TMR_fillReaderStats  serial_reader_l3.o
    0x00005fa0   0x00000038   Code   RO            2    i.TMR_hexDottedQuad  hex_bytes.o
    0x00005fd8   0x00000094   Code   RO         1566    i.TMR_initSerialTransportTable  tm_reader.o
    0x0000606c   0x00000022   Code   RO         1568    i.TMR_paramGet      tm_reader.o
    0x0000608e   0x0000004a   Code   RO         1570    i.TMR_paramProbe    tm_reader.o
    0x000060d8   0x00000006   Code   RO         1571    i.TMR_paramSet      tm_reader.o
    0x000060de   0x0000004c   Code   RO         1573    i.TMR_reader_init_internal  tm_reader.o
    0x0000612a   0x00000024   Code   RO         1876    i.TMR_stringCopy    tmr_utils.o
    0x0000614e   0x00000002   PAD
    0x00006150   0x00000024   Code   RO         1877    i.TMR_wordsToBytes  tmr_utils.o
    0x00006174   0x00000078   Code   RO         2085    i.UART1_Handler     serial_transport_tm4c123gh6pm.o
    0x000061ec   0x00000028   Code   RO         2287    i.__0sprintf$1      mc_w.l(printf1.o)
    0x00006214   0x0000000e   Code   RO         2575    i.__scatterload_copy  mc_w.l(handlers.o)
    0x00006222   0x00000002   Code   RO         2576    i.__scatterload_null  mc_w.l(handlers.o)
    0x00006224   0x0000000e   Code   RO         2577    i.__scatterload_zeroinit  mc_w.l(handlers.o)
    0x00006232   0x00000002   PAD
    0x00006234   0x00000154   Code   RO         2292    i._printf_core      mc_w.l(printf1.o)
    0x00006388   0x0000000a   Code   RO         2294    i._sputc            mc_w.l(printf1.o)
    0x00006392   0x00000002   PAD
    0x00006394   0x0000009c   Code   RO          134    i.autoDetectAntennaList  serial_reader.o
    0x00006430   0x0000007e   Code   RO          135    i.compareAntennas   serial_reader.o
    0x000064ae   0x0000003a   Code   RO          136    i.compareVersion    serial_reader.o
    0x000064e8   0x000000a4   Code   RO          539    i.extractGen2MemoryBankValues  serial_reader_l3.o
    0x0000658c   0x000001e8   Code   RO          540    i.filterbytes       serial_reader_l3.o
    0x00006774   0x00000084   Code   RO          137    i.getPortValues     serial_reader.o
    0x000067f8   0x00000078   Code   RO          138    i.getSerialNumber   serial_reader.o
    0x00006870   0x00000184   Code   RO          139    i.initTxRxMapFromPorts  serial_reader.o
    0x000069f4   0x00000092   Code   RO          545    i.isContinuousReadParamSupported  serial_reader_l3.o
    0x00006a86   0x00000002   PAD
    0x00006a88   0x00000244   Code   RO         1962    i.main              read.o
    0x00006ccc   0x00000038   Code   RO          140    i.prepEmbReadTagMultiple  serial_reader.o
    0x00006d04   0x0000000c   Code   RO          141    i.prepForSearch     serial_reader.o
    0x00006d10   0x00000004   Code   RO         2086    i.s_flush           serial_transport_tm4c123gh6pm.o
    0x00006d14   0x000000dc   Code   RO         2087    i.s_open            serial_transport_tm4c123gh6pm.o
    0x00006df0   0x00000034   Code   RO         2088    i.s_receiveBytes    serial_transport_tm4c123gh6pm.o
    0x00006e24   0x00000024   Code   RO         2089    i.s_sendBytes       serial_transport_tm4c123gh6pm.o
    0x00006e48   0x0000003c   Code   RO         2090    i.s_setBaudRate     serial_transport_tm4c123gh6pm.o
    0x00006e84   0x00000014   Code   RO         2091    i.s_shutdown        serial_transport_tm4c123gh6pm.o
    0x00006e98   0x0000006a   Code   RO          142    i.setAntennaList    serial_reader.o
    0x00006f02   0x00000002   PAD
    0x00006f04   0x000000b4   Code   RO          143    i.setPortValues     serial_reader.o
    0x00006fb8   0x0000006a   Code   RO          144    i.setProtocol       serial_reader.o
    0x00007022   0x00000002   PAD
    0x00007024   0x0000003c   Code   RO          546    i.tm_crc            serial_reader_l3.o
    0x00007060   0x00000026   Code   RO         1878    i.tm_gettime_consistent  tmr_utils.o
    0x00007086   0x00000002   PAD
    0x00007088   0x00000018   Code   RO         1879    i.tm_memcpy         tmr_utils.o
    0x000070a0   0x00000012   Code   RO         1882    i.tm_strcpy         tmr_utils.o
    0x000070b2   0x0000000e   Code   RO         1883    i.tm_time_subtract  tmr_utils.o
    0x000070c0   0x00000010   Code   RO         1884    i.tm_u8s_per_bits   tmr_utils.o
    0x000070d0   0x00000028   Code   RO         2005    i.tmr_gettime       osdep_tm4c123gh5pm.o
    0x000070f8   0x0000000a   Code   RO         2006    i.tmr_gettime_high  osdep_tm4c123gh5pm.o
    0x00007102   0x00000008   Code   RO         2007    i.tmr_gettime_low   osdep_tm4c123gh5pm.o
    0x0000710a   0x00000002   PAD
    0x0000710c   0x000000b0   Code   RO         1577    i.validateReadPlan  tm_reader.o
    0x000071bc   0x00000088   Code   RO          145    i.verifySearchStatus  serial_reader.o
    0x00007244   0x0000002c   Data   RO          146    .constdata          serial_reader.o
    0x00007270   0x00000008   Data   RO         1963    .constdata          read.o
    0x00007278   0x00000020   Data   RO         2573    Region$$Table       anon$$obj.o


    Execution Region RW_IRAM1 (Base: 0x20000000, Size: 0x00004498, Max: 0x00008000, ABSOLUTE)

    Base Addr    Size         Type   Attr      Idx    E Section Name        Object

    0x20000000   0x00000011   Data   RW            5    .data               hex_bytes.o
    0x20000011   0x00000002   Data   RW          147    .data               serial_reader.o
    0x20000013   0x00000001   PAD
    0x20000014   0x00000022   Data   RW          547    .data               serial_reader_l3.o
    0x20000036   0x00000002   PAD
    0x20000038   0x0000000c   Data   RW         1579    .data               tm_reader.o
    0x20000044   0x00000004   Data   RW         1964    .data               read.o
    0x20000048   0x00000004   Data   RW         2010    .data               osdep_tm4c123gh5pm.o
    0x2000004c   0x00000004   Data   RW         2093    .data               serial_transport_tm4c123gh6pm.o
    0x20000050   0x00000004   Data   RW         2167    .data               system_tm4c123.o
    0x20000054   0x00000004   Data   RW         2231    .data               mc_w.l(strtok.o)
    0x20000058   0x00000230   Zero   RW         1578    .bss                tm_reader.o
    0x20000288   0x00000210   Zero   RW         2092    .bss                serial_transport_tm4c123gh6pm.o
    0x20000498   0x00004000   Zero   RW         2154    STACK               startup_tm4c123.o


==============================================================================

Image component sizes


      Code (inc. data)   RO Data    RW Data    ZI Data      Debug   Object Name

       104         10          0         17          0      64085   hex_bytes.o
       118         20          0          4          0      55535   osdep_tm4c123gh5pm.o
       596         54          8          4          0       2715   read.o
     11202        538         44          2          0      50427   serial_reader.o
     13354        228          0         34          0      96568   serial_reader_l3.o
       668        110          0          4        528      37289   serial_transport_tm4c123gh6pm.o
       252         10        620          0      16384       5472   startup_tm4c123.o
       132         42          0          4          0        919   system_tm4c123.o
      1140         76          0         12        560      12033   tm_reader.o
       236          0          0          0          0       5976   tmr_utils.o

    ----------------------------------------------------------------------
     27844       1088        704         84      17472     331019   Object Totals
         0          0         32          0          0          0   (incl. Generated)
        42          0          0          3          0          0   (incl. Padding)

    ----------------------------------------------------------------------

      Code (inc. data)   RO Data    RW Data    ZI Data      Debug   Library Member Name

         0          0          0          0          0          0   entry.o
         0          0          0          0          0          0   entry10a.o
         0          0          0          0          0          0   entry11a.o
         8          4          0          0          0          0   entry2.o
         4          0          0          0          0          0   entry5.o
         0          0          0          0          0          0   entry7b.o
         0          0          0          0          0          0   entry8b.o
         8          4          0          0          0          0   entry9a.o
        30          0          0          0          0          0   handlers.o
        36          8          0          0          0         68   init.o
        64          0          0          0          0         76   memmovea.o
        36          0          0          0          0        108   memseta.o
       390         10          0          0          0        252   printf1.o
        28          0          0          0          0         76   strcmp.o
        14          0          0          0          0         68   strlen.o
        30          0          0          0          0         80   strncmp.o
        24          0          0          0          0         76   strncpy.o
        68          6          0          4          0         80   strtok.o
        44          0          0          0          0         80   uidiv.o

    ----------------------------------------------------------------------
       788         32          0          4          0        964   Library Totals
         4          0          0          0          0          0   (incl. Padding)

    ----------------------------------------------------------------------

      Code (inc. data)   RO Data    RW Data    ZI Data      Debug   Library Name

       784         32          0          4          0        964   mc_w.l

    ----------------------------------------------------------------------
       788         32          0          4          0        964   Library Totals

    ----------------------------------------------------------------------

==============================================================================


      Code (inc. data)   RO Data    RW Data    ZI Data      Debug   

     28632       1120        704         88      17472     316271   Grand Totals
     28632       1120        704         88      17472     316271   ELF Image Totals
     28632       1120        704         88          0          0   ROM Totals

==============================================================================

    Total RO  Size (Code + RO Data)                29336 (  28.65kB)
    Total RW  Size (RW Data + ZI Data)             17560 (  17.15kB)
    Total ROM Size (Code + RO Data + RW Data)      29424 (  28.73kB)

==============================================================================

